[12-Jan-2020 18:12:12 UTC] PHP Notice:  Undefined variable: tab_emp in /home/n9lbdv3zl2bp/public_html/lib/class/user-class.php on line 2372
[12-Jan-2020 18:12:12 UTC] PHP Fatal error:  Uncaught Error: Call to a member function fetch_assoc() on boolean in /home/n9lbdv3zl2bp/public_html/reports/report-leave-neft-letter.php:142
Stack trace:
#0 {main}
  thrown in /home/n9lbdv3zl2bp/public_html/reports/report-leave-neft-letter.php on line 142
[12-Jan-2020 18:16:52 UTC] PHP Fatal error:  Uncaught Error: Call to a member function fetch_assoc() on boolean in /home/n9lbdv3zl2bp/public_html/reports/report-leave-neft-letter.php:142
Stack trace:
#0 {main}
  thrown in /home/n9lbdv3zl2bp/public_html/reports/report-leave-neft-letter.php on line 142
[12-Jan-2020 18:18:31 UTC] PHP Fatal error:  Uncaught Error: Call to a member function fetch_array() on boolean in /home/n9lbdv3zl2bp/public_html/reports/report-leave-neft-letter.php:142
Stack trace:
#0 {main}
  thrown in /home/n9lbdv3zl2bp/public_html/reports/report-leave-neft-letter.php on line 142
[12-Jan-2020 18:19:53 UTC] PHP Fatal error:  Uncaught Error: Call to a member function fetch_array() on boolean in /home/n9lbdv3zl2bp/public_html/reports/report-leave-neft-letter.php:142
Stack trace:
#0 {main}
  thrown in /home/n9lbdv3zl2bp/public_html/reports/report-leave-neft-letter.php on line 142
[12-Jan-2020 18:20:27 UTC] PHP Fatal error:  Uncaught Error: Call to a member function fetch_array() on boolean in /home/n9lbdv3zl2bp/public_html/reports/report-leave-neft-letter.php:142
Stack trace:
#0 {main}
  thrown in /home/n9lbdv3zl2bp/public_html/reports/report-leave-neft-letter.php on line 142
[14-Jan-2020 17:22:43 UTC] PHP Notice:  Undefined index: sakal_type in /home/n9lbdv3zl2bp/public_html/reports/report-leave-bank-salary.php on line 17
[01-Mar-2020 15:30:21 UTC] PHP Notice:  Undefined variable: count in /home/n9lbdv3zl2bp/public_html/reports/report-pf-form9-page.php on line 209
[01-Mar-2020 15:30:21 UTC] PHP Notice:  Undefined variable: tcount in /home/n9lbdv3zl2bp/public_html/reports/report-pf-form9-page.php on line 209
[01-Mar-2020 16:10:31 UTC] PHP Notice:  Undefined variable: count in /home/n9lbdv3zl2bp/public_html/reports/report-pf-form9-page.php on line 209
[01-Mar-2020 16:10:31 UTC] PHP Notice:  Undefined variable: tcount in /home/n9lbdv3zl2bp/public_html/reports/report-pf-form9-page.php on line 209
[09-Mar-2020 12:10:08 UTC] PHP Fatal error:  Uncaught Error: Call to a member function fetch_assoc() on boolean in /home/n9lbdv3zl2bp/public_html/reports/report-letters-appoinment-page.php:442
Stack trace:
#0 {main}
  thrown in /home/n9lbdv3zl2bp/public_html/reports/report-letters-appoinment-page.php on line 442
[09-Mar-2020 12:11:03 UTC] PHP Fatal error:  Uncaught Error: Call to a member function fetch_assoc() on boolean in /home/n9lbdv3zl2bp/public_html/reports/report-letters-appoinment-page.php:442
Stack trace:
#0 {main}
  thrown in /home/n9lbdv3zl2bp/public_html/reports/report-letters-appoinment-page.php on line 442
[09-Mar-2020 12:11:45 UTC] PHP Fatal error:  Uncaught ArgumentCountError: Too few arguments to function user::getEmployeeIncome(), 1 passed in /home/n9lbdv3zl2bp/public_html/reports/report-letters-appoinment-page.php on line 490 and exactly 3 expected in /home/n9lbdv3zl2bp/public_html/lib/class/user-class.php:1348
Stack trace:
#0 /home/n9lbdv3zl2bp/public_html/reports/report-letters-appoinment-page.php(490): user->getEmployeeIncome('134')
#1 {main}
  thrown in /home/n9lbdv3zl2bp/public_html/lib/class/user-class.php on line 1348
[09-Mar-2020 12:12:59 UTC] PHP Fatal error:  Uncaught ArgumentCountError: Too few arguments to function user::getEmployeeIncome(), 1 passed in /home/n9lbdv3zl2bp/public_html/reports/report-letters-appoinment-page.php on line 490 and exactly 3 expected in /home/n9lbdv3zl2bp/public_html/lib/class/user-class.php:1348
Stack trace:
#0 /home/n9lbdv3zl2bp/public_html/reports/report-letters-appoinment-page.php(490): user->getEmployeeIncome('134')
#1 {main}
  thrown in /home/n9lbdv3zl2bp/public_html/lib/class/user-class.php on line 1348
[09-Mar-2020 12:13:10 UTC] PHP Notice:  Undefined offset: -2 in /home/n9lbdv3zl2bp/public_html/lib/class/user-class.php on line 1411
[09-Mar-2020 12:13:10 UTC] PHP Notice:  Undefined offset: -4 in /home/n9lbdv3zl2bp/public_html/lib/class/user-class.php on line 1412
[09-Mar-2020 12:15:33 UTC] PHP Notice:  Undefined offset: -2 in /home/n9lbdv3zl2bp/public_html/lib/class/user-class.php on line 1411
[09-Mar-2020 12:15:33 UTC] PHP Notice:  Undefined offset: -4 in /home/n9lbdv3zl2bp/public_html/lib/class/user-class.php on line 1412
[09-Mar-2020 12:16:57 UTC] PHP Fatal error:  Uncaught ArgumentCountError: Too few arguments to function user::getEmployeeIncome(), 1 passed in /home/n9lbdv3zl2bp/public_html/reports/report-letters-appoinment-page.php on line 339 and exactly 3 expected in /home/n9lbdv3zl2bp/public_html/lib/class/user-class.php:1348
Stack trace:
#0 /home/n9lbdv3zl2bp/public_html/reports/report-letters-appoinment-page.php(339): user->getEmployeeIncome('134')
#1 {main}
  thrown in /home/n9lbdv3zl2bp/public_html/lib/class/user-class.php on line 1348
[09-Mar-2020 12:18:01 UTC] PHP Fatal error:  Uncaught Error: Call to undefined function mysql_fetch_array() in /home/n9lbdv3zl2bp/public_html/reports/report-letters-appoinment-page.php:362
Stack trace:
#0 {main}
  thrown in /home/n9lbdv3zl2bp/public_html/reports/report-letters-appoinment-page.php on line 362
[09-Mar-2020 12:18:25 UTC] PHP Fatal error:  Uncaught ArgumentCountError: Too few arguments to function user::getEmployeeIncome(), 1 passed in /home/n9lbdv3zl2bp/public_html/reports/report-letters-appoinment-page.php on line 587 and exactly 3 expected in /home/n9lbdv3zl2bp/public_html/lib/class/user-class.php:1348
Stack trace:
#0 /home/n9lbdv3zl2bp/public_html/reports/report-letters-appoinment-page.php(587): user->getEmployeeIncome('134')
#1 {main}
  thrown in /home/n9lbdv3zl2bp/public_html/lib/class/user-class.php on line 1348
[09-Mar-2020 12:19:01 UTC] PHP Notice:  Undefined offset: -2 in /home/n9lbdv3zl2bp/public_html/lib/class/user-class.php on line 1411
[09-Mar-2020 12:19:01 UTC] PHP Notice:  Undefined offset: -4 in /home/n9lbdv3zl2bp/public_html/lib/class/user-class.php on line 1412
[17-Mar-2020 11:04:10 UTC] PHP Deprecated:  Methods with the same name as their class will not be constructors in a future version of PHP; FPDF has a deprecated constructor in /home/n9lbdv3zl2bp/public_html/fpdf/fpdf.php on line 12
[17-Mar-2020 11:04:56 UTC] PHP Deprecated:  Methods with the same name as their class will not be constructors in a future version of PHP; FPDF has a deprecated constructor in /home/n9lbdv3zl2bp/public_html/fpdf/fpdf.php on line 12
[17-Mar-2020 11:06:11 UTC] PHP Deprecated:  Methods with the same name as their class will not be constructors in a future version of PHP; FPDF has a deprecated constructor in /home/n9lbdv3zl2bp/public_html/fpdf/fpdf.php on line 12
[17-Mar-2020 11:16:46 UTC] PHP Deprecated:  Methods with the same name as their class will not be constructors in a future version of PHP; FPDF has a deprecated constructor in /home/n9lbdv3zl2bp/public_html/fpdf/fpdf.php on line 12
[17-Mar-2020 11:16:54 UTC] PHP Deprecated:  Methods with the same name as their class will not be constructors in a future version of PHP; FPDF has a deprecated constructor in /home/n9lbdv3zl2bp/public_html/fpdf/fpdf.php on line 12
[17-Mar-2020 11:17:28 UTC] PHP Deprecated:  Methods with the same name as their class will not be constructors in a future version of PHP; FPDF has a deprecated constructor in /home/n9lbdv3zl2bp/public_html/fpdf/fpdf.php on line 12
[17-Mar-2020 11:18:04 UTC] PHP Deprecated:  Methods with the same name as their class will not be constructors in a future version of PHP; FPDF has a deprecated constructor in /home/n9lbdv3zl2bp/public_html/fpdf/fpdf.php on line 12
[17-Mar-2020 11:21:29 UTC] PHP Deprecated:  Methods with the same name as their class will not be constructors in a future version of PHP; FPDF has a deprecated constructor in /home/n9lbdv3zl2bp/public_html/fpdf/fpdf.php on line 12
[17-Mar-2020 11:24:37 UTC] PHP Deprecated:  Methods with the same name as their class will not be constructors in a future version of PHP; FPDF has a deprecated constructor in /home/n9lbdv3zl2bp/public_html/fpdf/fpdf.php on line 12
[17-Mar-2020 11:26:47 UTC] PHP Deprecated:  Methods with the same name as their class will not be constructors in a future version of PHP; FPDF has a deprecated constructor in /home/n9lbdv3zl2bp/public_html/fpdf/fpdf.php on line 12
[17-Mar-2020 11:35:52 UTC] PHP Deprecated:  Methods with the same name as their class will not be constructors in a future version of PHP; FPDF has a deprecated constructor in /home/n9lbdv3zl2bp/public_html/fpdf/fpdf.php on line 12
[17-Mar-2020 11:36:47 UTC] PHP Deprecated:  Methods with the same name as their class will not be constructors in a future version of PHP; FPDF has a deprecated constructor in /home/n9lbdv3zl2bp/public_html/fpdf/fpdf.php on line 12
[17-Mar-2020 12:22:52 UTC] PHP Fatal error:  Uncaught ArgumentCountError: Too few arguments to function user::getLastDay(), 0 passed in /home/n9lbdv3zl2bp/public_html/reports/report-sal-summary-page.php on line 52 and exactly 1 expected in /home/n9lbdv3zl2bp/public_html/lib/class/user-class.php:1738
Stack trace:
#0 /home/n9lbdv3zl2bp/public_html/reports/report-sal-summary-page.php(52): user->getLastDay()
#1 {main}
  thrown in /home/n9lbdv3zl2bp/public_html/lib/class/user-class.php on line 1738
[17-Mar-2020 12:24:50 UTC] PHP Notice:  Undefined variable: month in /home/n9lbdv3zl2bp/public_html/lib/class/user-class.php on line 2280
[17-Mar-2020 12:24:50 UTC] PHP Notice:  Undefined offset: 3 in /home/n9lbdv3zl2bp/public_html/reports/report-sal-summary-page.php on line 351
[17-Mar-2020 12:24:50 UTC] PHP Notice:  Undefined offset: 4 in /home/n9lbdv3zl2bp/public_html/reports/report-sal-summary-page.php on line 548
[17-Mar-2020 12:24:50 UTC] PHP Notice:  Undefined variable: emp in /home/n9lbdv3zl2bp/public_html/lib/class/user-class.php on line 2338
[17-Mar-2020 12:24:50 UTC] PHP Notice:  Undefined variable: rowstemp in /home/n9lbdv3zl2bp/public_html/reports/report-sal-summary-page.php on line 595
[20-Mar-2020 08:21:09 UTC] PHP Notice:  Undefined variable: month in /home/n9lbdv3zl2bp/public_html/lib/class/user-class.php on line 2280
[20-Mar-2020 08:21:09 UTC] PHP Notice:  Undefined offset: 3 in /home/n9lbdv3zl2bp/public_html/reports/report-sal-summary-page.php on line 351
[20-Mar-2020 08:21:09 UTC] PHP Notice:  Undefined offset: 4 in /home/n9lbdv3zl2bp/public_html/reports/report-sal-summary-page.php on line 548
[20-Mar-2020 08:21:09 UTC] PHP Notice:  Undefined variable: emp in /home/n9lbdv3zl2bp/public_html/lib/class/user-class.php on line 2338
[20-Mar-2020 08:21:09 UTC] PHP Notice:  Undefined variable: rowstemp in /home/n9lbdv3zl2bp/public_html/reports/report-sal-summary-page.php on line 595
[20-Mar-2020 08:22:10 UTC] PHP Notice:  Undefined variable: month in /home/n9lbdv3zl2bp/public_html/lib/class/user-class.php on line 2280
[20-Mar-2020 08:22:10 UTC] PHP Notice:  Undefined offset: 3 in /home/n9lbdv3zl2bp/public_html/reports/report-sal-summary-page.php on line 351
[20-Mar-2020 08:22:10 UTC] PHP Notice:  Undefined offset: 4 in /home/n9lbdv3zl2bp/public_html/reports/report-sal-summary-page.php on line 351
[20-Mar-2020 08:22:10 UTC] PHP Notice:  Undefined offset: 5 in /home/n9lbdv3zl2bp/public_html/reports/report-sal-summary-page.php on line 548
[20-Mar-2020 08:22:10 UTC] PHP Notice:  Undefined variable: emp in /home/n9lbdv3zl2bp/public_html/lib/class/user-class.php on line 2338
[20-Mar-2020 08:22:10 UTC] PHP Notice:  Undefined variable: rowstemp in /home/n9lbdv3zl2bp/public_html/reports/report-sal-summary-page.php on line 595
[20-Mar-2020 08:29:34 UTC] PHP Notice:  Undefined variable: month in /home/n9lbdv3zl2bp/public_html/lib/class/user-class.php on line 2280
[20-Mar-2020 08:29:34 UTC] PHP Notice:  Undefined offset: 3 in /home/n9lbdv3zl2bp/public_html/reports/report-sal-summary-page.php on line 351
[20-Mar-2020 08:29:34 UTC] PHP Notice:  Undefined offset: 4 in /home/n9lbdv3zl2bp/public_html/reports/report-sal-summary-page.php on line 351
[20-Mar-2020 08:29:34 UTC] PHP Notice:  Undefined offset: 5 in /home/n9lbdv3zl2bp/public_html/reports/report-sal-summary-page.php on line 548
[20-Mar-2020 08:29:34 UTC] PHP Notice:  Undefined variable: emp in /home/n9lbdv3zl2bp/public_html/lib/class/user-class.php on line 2339
[20-Mar-2020 08:29:34 UTC] PHP Notice:  Undefined variable: rowstemp in /home/n9lbdv3zl2bp/public_html/reports/report-sal-summary-page.php on line 595
[20-Mar-2020 08:43:05 UTC] PHP Notice:  Undefined variable: month in /home/n9lbdv3zl2bp/public_html/lib/class/user-class.php on line 2280
[20-Mar-2020 08:43:05 UTC] PHP Notice:  Undefined offset: 3 in /home/n9lbdv3zl2bp/public_html/reports/report-sal-summary-page.php on line 352
[20-Mar-2020 08:43:05 UTC] PHP Notice:  Undefined offset: 4 in /home/n9lbdv3zl2bp/public_html/reports/report-sal-summary-page.php on line 352
[20-Mar-2020 08:43:05 UTC] PHP Notice:  Undefined offset: 5 in /home/n9lbdv3zl2bp/public_html/reports/report-sal-summary-page.php on line 549
[20-Mar-2020 08:43:05 UTC] PHP Notice:  Undefined variable: emp in /home/n9lbdv3zl2bp/public_html/lib/class/user-class.php on line 2339
[20-Mar-2020 08:43:05 UTC] PHP Notice:  Undefined variable: rowstemp in /home/n9lbdv3zl2bp/public_html/reports/report-sal-summary-page.php on line 596
[20-Mar-2020 08:46:00 UTC] PHP Notice:  Undefined variable: month in /home/n9lbdv3zl2bp/public_html/lib/class/user-class.php on line 2280
[20-Mar-2020 08:46:00 UTC] PHP Notice:  Undefined offset: 3 in /home/n9lbdv3zl2bp/public_html/reports/report-sal-summary-page.php on line 352
[20-Mar-2020 08:46:00 UTC] PHP Notice:  Undefined offset: 4 in /home/n9lbdv3zl2bp/public_html/reports/report-sal-summary-page.php on line 352
[20-Mar-2020 08:46:00 UTC] PHP Notice:  Undefined offset: 5 in /home/n9lbdv3zl2bp/public_html/reports/report-sal-summary-page.php on line 549
[20-Mar-2020 08:46:00 UTC] PHP Notice:  Undefined variable: emp in /home/n9lbdv3zl2bp/public_html/lib/class/user-class.php on line 2339
[20-Mar-2020 08:46:00 UTC] PHP Notice:  Undefined variable: rowstemp in /home/n9lbdv3zl2bp/public_html/reports/report-sal-summary-page.php on line 596
[20-Mar-2020 09:04:54 UTC] PHP Notice:  Undefined variable: month in /home/n9lbdv3zl2bp/public_html/lib/class/user-class.php on line 2280
[20-Mar-2020 09:04:54 UTC] PHP Notice:  Undefined offset: 3 in /home/n9lbdv3zl2bp/public_html/reports/report-sal-summary-page.php on line 352
[20-Mar-2020 09:04:54 UTC] PHP Notice:  Undefined offset: 4 in /home/n9lbdv3zl2bp/public_html/reports/report-sal-summary-page.php on line 352
[20-Mar-2020 09:04:54 UTC] PHP Notice:  Undefined variable: emp in /home/n9lbdv3zl2bp/public_html/lib/class/user-class.php on line 2339
[20-Mar-2020 09:04:54 UTC] PHP Notice:  Undefined variable: rowstemp in /home/n9lbdv3zl2bp/public_html/reports/report-sal-summary-page.php on line 596
[20-Mar-2020 10:18:14 UTC] PHP Notice:  Undefined index: month in /home/n9lbdv3zl2bp/public_html/reports/report-pf-statement-page.php on line 8
[20-Mar-2020 10:18:14 UTC] PHP Notice:  Undefined index: clientid in /home/n9lbdv3zl2bp/public_html/reports/report-pf-statement-page.php on line 9
[20-Mar-2020 10:18:14 UTC] PHP Notice:  Undefined index: comp_id in /home/n9lbdv3zl2bp/public_html/reports/report-pf-statement-page.php on line 11
[20-Mar-2020 10:18:14 UTC] PHP Notice:  Undefined index: log_id in /home/n9lbdv3zl2bp/public_html/reports/report-pf-statement-page.php on line 12
[20-Mar-2020 10:18:14 UTC] PHP Notice:  Undefined index: frdt in /home/n9lbdv3zl2bp/public_html/reports/report-pf-statement-page.php on line 37
[20-Mar-2020 10:18:14 UTC] PHP Notice:  Undefined index: frdt in /home/n9lbdv3zl2bp/public_html/reports/report-pf-statement-page.php on line 41
[20-Mar-2020 10:18:14 UTC] PHP Notice:  Undefined index: frdt in /home/n9lbdv3zl2bp/public_html/reports/report-pf-statement-page.php on line 42
[20-Mar-2020 10:18:14 UTC] PHP Notice:  Undefined variable: reporttitle in /home/n9lbdv3zl2bp/public_html/reports/report-pf-statement-page.php on line 80
[20-Mar-2020 10:18:14 UTC] PHP Notice:  Undefined index: comp_id in /home/n9lbdv3zl2bp/public_html/reports/printheader3.php on line 35
[20-Mar-2020 10:18:14 UTC] PHP Warning:  number_format() expects parameter 1 to be float, string given in /home/n9lbdv3zl2bp/public_html/reports/report-pf-statement-page.php on line 208
[20-Mar-2020 10:18:14 UTC] PHP Warning:  number_format() expects parameter 1 to be float, string given in /home/n9lbdv3zl2bp/public_html/reports/report-pf-statement-page.php on line 209
[20-Mar-2020 10:24:10 UTC] PHP Notice:  Undefined variable: month in /home/n9lbdv3zl2bp/public_html/lib/class/user-class.php on line 2280
[20-Mar-2020 10:24:10 UTC] PHP Notice:  Undefined offset: 3 in /home/n9lbdv3zl2bp/public_html/reports/report-sal-summary-page.php on line 352
[20-Mar-2020 10:24:10 UTC] PHP Notice:  Undefined offset: 4 in /home/n9lbdv3zl2bp/public_html/reports/report-sal-summary-page.php on line 352
[20-Mar-2020 10:24:10 UTC] PHP Notice:  Undefined offset: 5 in /home/n9lbdv3zl2bp/public_html/reports/report-sal-summary-page.php on line 549
[20-Mar-2020 10:24:10 UTC] PHP Notice:  Undefined variable: rowstemp in /home/n9lbdv3zl2bp/public_html/reports/report-sal-summary-page.php on line 596
[26-Jul-2020 10:15:51 UTC] PHP Notice:  Undefined index: birth_date in /home/n9lbdv3zl2bp/public_html/reports/payslip_comp11.php on line 449
[26-Jul-2020 10:15:51 UTC] PHP Notice:  Undefined index: birth_date in /home/n9lbdv3zl2bp/public_html/reports/payslip_comp11.php on line 449
[26-Jul-2020 10:15:51 UTC] PHP Notice:  Undefined index: birth_date in /home/n9lbdv3zl2bp/public_html/reports/payslip_comp11.php on line 449
[26-Jul-2020 10:15:51 UTC] PHP Notice:  Undefined index: birth_date in /home/n9lbdv3zl2bp/public_html/reports/payslip_comp11.php on line 449
[26-Jul-2020 10:17:59 UTC] PHP Warning:  A non-numeric value encountered in /home/n9lbdv3zl2bp/public_html/reports/payslip_comp11.php on line 451
[26-Jul-2020 10:17:59 UTC] PHP Warning:  A non-numeric value encountered in /home/n9lbdv3zl2bp/public_html/reports/payslip_comp11.php on line 451
[26-Jul-2020 10:17:59 UTC] PHP Warning:  A non-numeric value encountered in /home/n9lbdv3zl2bp/public_html/reports/payslip_comp11.php on line 451
[26-Jul-2020 10:17:59 UTC] PHP Warning:  A non-numeric value encountered in /home/n9lbdv3zl2bp/public_html/reports/payslip_comp11.php on line 451
[13-Aug-2020 05:19:18 UTC] PHP Notice:  Undefined index: todt in /home/n9lbdv3zl2bp/public_html/reports/report-pf-stat-summary-page.php on line 40
[13-Aug-2020 05:19:18 UTC] PHP Notice:  Undefined index: todt in /home/n9lbdv3zl2bp/public_html/reports/report-pf-stat-summary-page.php on line 43
[13-Aug-2020 05:20:16 UTC] PHP Notice:  Undefined index: todt in /home/n9lbdv3zl2bp/public_html/reports/report-pf-stat-summary-page.php on line 40
[13-Aug-2020 05:20:16 UTC] PHP Notice:  Undefined index: todt in /home/n9lbdv3zl2bp/public_html/reports/report-pf-stat-summary-page.php on line 43
[13-Aug-2020 05:20:36 UTC] PHP Notice:  Undefined index: todt in /home/n9lbdv3zl2bp/public_html/reports/report-pf-stat-summary-page.php on line 40
[13-Aug-2020 05:20:36 UTC] PHP Notice:  Undefined index: todt in /home/n9lbdv3zl2bp/public_html/reports/report-pf-stat-summary-page.php on line 43
[13-Aug-2020 05:21:16 UTC] PHP Notice:  Undefined index: todt in /home/n9lbdv3zl2bp/public_html/reports/report-pf-stat-summary-page.php on line 40
[13-Aug-2020 05:21:16 UTC] PHP Notice:  Undefined index: todt in /home/n9lbdv3zl2bp/public_html/reports/report-pf-stat-summary-page.php on line 43
[29-Oct-2020 15:35:34 UTC] PHP Notice:  Undefined index: todt in /home/n9lbdv3zl2bp/public_html/reports/report-pf-stat-summary-page.php on line 40
[29-Oct-2020 15:35:34 UTC] PHP Notice:  Undefined index: todt in /home/n9lbdv3zl2bp/public_html/reports/report-pf-stat-summary-page.php on line 43
[29-Oct-2020 15:36:53 UTC] PHP Notice:  Undefined index: todt in /home/n9lbdv3zl2bp/public_html/reports/report-pf-stat-summary-page.php on line 40
[29-Oct-2020 15:36:53 UTC] PHP Notice:  Undefined index: todt in /home/n9lbdv3zl2bp/public_html/reports/report-pf-stat-summary-page.php on line 43
[17-Nov-2021 07:26:53 UTC] PHP Deprecated:  Function get_magic_quotes_runtime() is deprecated in /home/n9lbdv3zl2bp/public_html/jayesh.aptsolutions.in/fpdf/fpdf.php on line 1054
[17-Nov-2021 07:26:53 UTC] PHP Deprecated:  Function get_magic_quotes_runtime() is deprecated in /home/n9lbdv3zl2bp/public_html/jayesh.aptsolutions.in/fpdf/fpdf.php on line 1054
[17-Nov-2021 07:26:53 UTC] PHP Deprecated:  Function get_magic_quotes_runtime() is deprecated in /home/n9lbdv3zl2bp/public_html/jayesh.aptsolutions.in/fpdf/fpdf.php on line 1054
[17-Nov-2021 07:26:53 UTC] PHP Deprecated:  Function get_magic_quotes_runtime() is deprecated in /home/n9lbdv3zl2bp/public_html/jayesh.aptsolutions.in/fpdf/fpdf.php on line 1054
[17-Nov-2021 07:26:53 UTC] PHP Deprecated:  Function get_magic_quotes_runtime() is deprecated in /home/n9lbdv3zl2bp/public_html/jayesh.aptsolutions.in/fpdf/fpdf.php on line 1054
[17-Nov-2021 07:26:53 UTC] PHP Deprecated:  Function get_magic_quotes_runtime() is deprecated in /home/n9lbdv3zl2bp/public_html/jayesh.aptsolutions.in/fpdf/fpdf.php on line 1054
[17-Nov-2021 07:26:54 UTC] PHP Deprecated:  Function get_magic_quotes_runtime() is deprecated in /home/n9lbdv3zl2bp/public_html/jayesh.aptsolutions.in/fpdf/fpdf.php on line 1054
[17-Nov-2021 07:26:54 UTC] PHP Deprecated:  Function get_magic_quotes_runtime() is deprecated in /home/n9lbdv3zl2bp/public_html/jayesh.aptsolutions.in/fpdf/fpdf.php on line 1054
[17-Nov-2021 07:26:54 UTC] PHP Deprecated:  Function get_magic_quotes_runtime() is deprecated in /home/n9lbdv3zl2bp/public_html/jayesh.aptsolutions.in/fpdf/fpdf.php on line 1054
[17-Nov-2021 07:26:54 UTC] PHP Deprecated:  Function get_magic_quotes_runtime() is deprecated in /home/n9lbdv3zl2bp/public_html/jayesh.aptsolutions.in/fpdf/fpdf.php on line 1054
[17-Nov-2021 07:26:54 UTC] PHP Deprecated:  Function get_magic_quotes_runtime() is deprecated in /home/n9lbdv3zl2bp/public_html/jayesh.aptsolutions.in/fpdf/fpdf.php on line 1054
[17-Nov-2021 07:26:54 UTC] PHP Deprecated:  Function get_magic_quotes_runtime() is deprecated in /home/n9lbdv3zl2bp/public_html/jayesh.aptsolutions.in/fpdf/fpdf.php on line 1054
[17-Nov-2021 07:26:54 UTC] PHP Deprecated:  Function get_magic_quotes_runtime() is deprecated in /home/n9lbdv3zl2bp/public_html/jayesh.aptsolutions.in/fpdf/fpdf.php on line 1054
[17-Nov-2021 07:26:54 UTC] PHP Deprecated:  Function get_magic_quotes_runtime() is deprecated in /home/n9lbdv3zl2bp/public_html/jayesh.aptsolutions.in/fpdf/fpdf.php on line 1054
[17-Nov-2021 07:26:54 UTC] PHP Deprecated:  Function get_magic_quotes_runtime() is deprecated in /home/n9lbdv3zl2bp/public_html/jayesh.aptsolutions.in/fpdf/fpdf.php on line 1054
[17-Nov-2021 07:26:54 UTC] PHP Deprecated:  Function get_magic_quotes_runtime() is deprecated in /home/n9lbdv3zl2bp/public_html/jayesh.aptsolutions.in/fpdf/fpdf.php on line 1054
[17-Nov-2021 07:26:54 UTC] PHP Deprecated:  Function get_magic_quotes_runtime() is deprecated in /home/n9lbdv3zl2bp/public_html/jayesh.aptsolutions.in/fpdf/fpdf.php on line 1054
[17-Nov-2021 07:26:54 UTC] PHP Deprecated:  Function get_magic_quotes_runtime() is deprecated in /home/n9lbdv3zl2bp/public_html/jayesh.aptsolutions.in/fpdf/fpdf.php on line 1054
[17-Nov-2021 07:26:54 UTC] PHP Deprecated:  Function get_magic_quotes_runtime() is deprecated in /home/n9lbdv3zl2bp/public_html/jayesh.aptsolutions.in/fpdf/fpdf.php on line 1054
[17-Nov-2021 07:26:54 UTC] PHP Deprecated:  Function get_magic_quotes_runtime() is deprecated in /home/n9lbdv3zl2bp/public_html/jayesh.aptsolutions.in/fpdf/fpdf.php on line 1054
[17-Nov-2021 07:26:54 UTC] PHP Deprecated:  Function get_magic_quotes_runtime() is deprecated in /home/n9lbdv3zl2bp/public_html/jayesh.aptsolutions.in/fpdf/fpdf.php on line 1054
[17-Nov-2021 07:26:54 UTC] PHP Deprecated:  Function get_magic_quotes_runtime() is deprecated in /home/n9lbdv3zl2bp/public_html/jayesh.aptsolutions.in/fpdf/fpdf.php on line 1054
[17-Nov-2021 07:26:54 UTC] PHP Deprecated:  Function get_magic_quotes_runtime() is deprecated in /home/n9lbdv3zl2bp/public_html/jayesh.aptsolutions.in/fpdf/fpdf.php on line 1054
[17-Nov-2021 07:26:54 UTC] PHP Deprecated:  Function get_magic_quotes_runtime() is deprecated in /home/n9lbdv3zl2bp/public_html/jayesh.aptsolutions.in/fpdf/fpdf.php on line 1054
[17-Nov-2021 07:26:54 UTC] PHP Deprecated:  Function get_magic_quotes_runtime() is deprecated in /home/n9lbdv3zl2bp/public_html/jayesh.aptsolutions.in/fpdf/fpdf.php on line 1054
[17-Nov-2021 07:26:54 UTC] PHP Deprecated:  Function get_magic_quotes_runtime() is deprecated in /home/n9lbdv3zl2bp/public_html/jayesh.aptsolutions.in/fpdf/fpdf.php on line 1054
[17-Nov-2021 07:26:54 UTC] PHP Deprecated:  Function get_magic_quotes_runtime() is deprecated in /home/n9lbdv3zl2bp/public_html/jayesh.aptsolutions.in/fpdf/fpdf.php on line 1054
[17-Nov-2021 07:26:54 UTC] PHP Deprecated:  Function get_magic_quotes_runtime() is deprecated in /home/n9lbdv3zl2bp/public_html/jayesh.aptsolutions.in/fpdf/fpdf.php on line 1054
[17-Nov-2021 07:26:54 UTC] PHP Deprecated:  Function get_magic_quotes_runtime() is deprecated in /home/n9lbdv3zl2bp/public_html/jayesh.aptsolutions.in/fpdf/fpdf.php on line 1054
[17-Nov-2021 07:26:54 UTC] PHP Deprecated:  Function get_magic_quotes_runtime() is deprecated in /home/n9lbdv3zl2bp/public_html/jayesh.aptsolutions.in/fpdf/fpdf.php on line 1054
[17-Nov-2021 07:26:54 UTC] PHP Deprecated:  Function get_magic_quotes_runtime() is deprecated in /home/n9lbdv3zl2bp/public_html/jayesh.aptsolutions.in/fpdf/fpdf.php on line 1054
[17-Nov-2021 07:26:54 UTC] PHP Deprecated:  Function get_magic_quotes_runtime() is deprecated in /home/n9lbdv3zl2bp/public_html/jayesh.aptsolutions.in/fpdf/fpdf.php on line 1054
[17-Nov-2021 07:26:54 UTC] PHP Deprecated:  Function get_magic_quotes_runtime() is deprecated in /home/n9lbdv3zl2bp/public_html/jayesh.aptsolutions.in/fpdf/fpdf.php on line 1054
[17-Nov-2021 07:26:54 UTC] PHP Deprecated:  Function get_magic_quotes_runtime() is deprecated in /home/n9lbdv3zl2bp/public_html/jayesh.aptsolutions.in/fpdf/fpdf.php on line 1054
[17-Nov-2021 07:26:54 UTC] PHP Deprecated:  Function get_magic_quotes_runtime() is deprecated in /home/n9lbdv3zl2bp/public_html/jayesh.aptsolutions.in/fpdf/fpdf.php on line 1054
[17-Nov-2021 07:26:54 UTC] PHP Deprecated:  Function get_magic_quotes_runtime() is deprecated in /home/n9lbdv3zl2bp/public_html/jayesh.aptsolutions.in/fpdf/fpdf.php on line 1054
[17-Nov-2021 07:26:54 UTC] PHP Deprecated:  Function get_magic_quotes_runtime() is deprecated in /home/n9lbdv3zl2bp/public_html/jayesh.aptsolutions.in/fpdf/fpdf.php on line 1054
[17-Nov-2021 07:26:54 UTC] PHP Deprecated:  Function get_magic_quotes_runtime() is deprecated in /home/n9lbdv3zl2bp/public_html/jayesh.aptsolutions.in/fpdf/fpdf.php on line 1054
[17-Nov-2021 07:26:54 UTC] PHP Deprecated:  Function get_magic_quotes_runtime() is deprecated in /home/n9lbdv3zl2bp/public_html/jayesh.aptsolutions.in/fpdf/fpdf.php on line 1054
[17-Nov-2021 07:26:54 UTC] PHP Deprecated:  Function get_magic_quotes_runtime() is deprecated in /home/n9lbdv3zl2bp/public_html/jayesh.aptsolutions.in/fpdf/fpdf.php on line 1054
[17-Nov-2021 07:26:54 UTC] PHP Deprecated:  Function get_magic_quotes_runtime() is deprecated in /home/n9lbdv3zl2bp/public_html/jayesh.aptsolutions.in/fpdf/fpdf.php on line 1054
[17-Nov-2021 07:26:54 UTC] PHP Deprecated:  Function get_magic_quotes_runtime() is deprecated in /home/n9lbdv3zl2bp/public_html/jayesh.aptsolutions.in/fpdf/fpdf.php on line 1054
[17-Nov-2021 07:32:11 UTC] PHP Deprecated:  Function get_magic_quotes_runtime() is deprecated in /home/n9lbdv3zl2bp/public_html/jayesh.aptsolutions.in/fpdf/fpdf.php on line 1054
[17-Nov-2021 07:32:11 UTC] PHP Deprecated:  Function get_magic_quotes_runtime() is deprecated in /home/n9lbdv3zl2bp/public_html/jayesh.aptsolutions.in/fpdf/fpdf.php on line 1054
[17-Nov-2021 07:32:11 UTC] PHP Deprecated:  Function get_magic_quotes_runtime() is deprecated in /home/n9lbdv3zl2bp/public_html/jayesh.aptsolutions.in/fpdf/fpdf.php on line 1054
[17-Nov-2021 07:32:11 UTC] PHP Deprecated:  Function get_magic_quotes_runtime() is deprecated in /home/n9lbdv3zl2bp/public_html/jayesh.aptsolutions.in/fpdf/fpdf.php on line 1054
[17-Nov-2021 07:32:11 UTC] PHP Deprecated:  Function get_magic_quotes_runtime() is deprecated in /home/n9lbdv3zl2bp/public_html/jayesh.aptsolutions.in/fpdf/fpdf.php on line 1054
[17-Nov-2021 07:32:11 UTC] PHP Deprecated:  Function get_magic_quotes_runtime() is deprecated in /home/n9lbdv3zl2bp/public_html/jayesh.aptsolutions.in/fpdf/fpdf.php on line 1054
[17-Nov-2021 07:32:11 UTC] PHP Deprecated:  Function get_magic_quotes_runtime() is deprecated in /home/n9lbdv3zl2bp/public_html/jayesh.aptsolutions.in/fpdf/fpdf.php on line 1054
[17-Nov-2021 07:32:11 UTC] PHP Deprecated:  Function get_magic_quotes_runtime() is deprecated in /home/n9lbdv3zl2bp/public_html/jayesh.aptsolutions.in/fpdf/fpdf.php on line 1054
[17-Nov-2021 07:32:11 UTC] PHP Deprecated:  Function get_magic_quotes_runtime() is deprecated in /home/n9lbdv3zl2bp/public_html/jayesh.aptsolutions.in/fpdf/fpdf.php on line 1054
[17-Nov-2021 07:32:11 UTC] PHP Deprecated:  Function get_magic_quotes_runtime() is deprecated in /home/n9lbdv3zl2bp/public_html/jayesh.aptsolutions.in/fpdf/fpdf.php on line 1054
[17-Nov-2021 07:32:11 UTC] PHP Deprecated:  Function get_magic_quotes_runtime() is deprecated in /home/n9lbdv3zl2bp/public_html/jayesh.aptsolutions.in/fpdf/fpdf.php on line 1054
[17-Nov-2021 07:32:12 UTC] PHP Deprecated:  Function get_magic_quotes_runtime() is deprecated in /home/n9lbdv3zl2bp/public_html/jayesh.aptsolutions.in/fpdf/fpdf.php on line 1054
[17-Nov-2021 07:32:12 UTC] PHP Deprecated:  Function get_magic_quotes_runtime() is deprecated in /home/n9lbdv3zl2bp/public_html/jayesh.aptsolutions.in/fpdf/fpdf.php on line 1054
[17-Nov-2021 07:32:12 UTC] PHP Deprecated:  Function get_magic_quotes_runtime() is deprecated in /home/n9lbdv3zl2bp/public_html/jayesh.aptsolutions.in/fpdf/fpdf.php on line 1054
[17-Nov-2021 07:32:12 UTC] PHP Deprecated:  Function get_magic_quotes_runtime() is deprecated in /home/n9lbdv3zl2bp/public_html/jayesh.aptsolutions.in/fpdf/fpdf.php on line 1054
[17-Nov-2021 07:32:12 UTC] PHP Deprecated:  Function get_magic_quotes_runtime() is deprecated in /home/n9lbdv3zl2bp/public_html/jayesh.aptsolutions.in/fpdf/fpdf.php on line 1054
[17-Nov-2021 07:32:12 UTC] PHP Deprecated:  Function get_magic_quotes_runtime() is deprecated in /home/n9lbdv3zl2bp/public_html/jayesh.aptsolutions.in/fpdf/fpdf.php on line 1054
[17-Nov-2021 07:32:12 UTC] PHP Deprecated:  Function get_magic_quotes_runtime() is deprecated in /home/n9lbdv3zl2bp/public_html/jayesh.aptsolutions.in/fpdf/fpdf.php on line 1054
[17-Nov-2021 07:32:12 UTC] PHP Deprecated:  Function get_magic_quotes_runtime() is deprecated in /home/n9lbdv3zl2bp/public_html/jayesh.aptsolutions.in/fpdf/fpdf.php on line 1054
[17-Nov-2021 07:32:12 UTC] PHP Deprecated:  Function get_magic_quotes_runtime() is deprecated in /home/n9lbdv3zl2bp/public_html/jayesh.aptsolutions.in/fpdf/fpdf.php on line 1054
[17-Nov-2021 07:32:12 UTC] PHP Deprecated:  Function get_magic_quotes_runtime() is deprecated in /home/n9lbdv3zl2bp/public_html/jayesh.aptsolutions.in/fpdf/fpdf.php on line 1054
[17-Nov-2021 07:32:12 UTC] PHP Deprecated:  Function get_magic_quotes_runtime() is deprecated in /home/n9lbdv3zl2bp/public_html/jayesh.aptsolutions.in/fpdf/fpdf.php on line 1054
[17-Nov-2021 07:32:12 UTC] PHP Deprecated:  Function get_magic_quotes_runtime() is deprecated in /home/n9lbdv3zl2bp/public_html/jayesh.aptsolutions.in/fpdf/fpdf.php on line 1054
[17-Nov-2021 07:32:12 UTC] PHP Deprecated:  Function get_magic_quotes_runtime() is deprecated in /home/n9lbdv3zl2bp/public_html/jayesh.aptsolutions.in/fpdf/fpdf.php on line 1054
[17-Nov-2021 07:32:12 UTC] PHP Deprecated:  Function get_magic_quotes_runtime() is deprecated in /home/n9lbdv3zl2bp/public_html/jayesh.aptsolutions.in/fpdf/fpdf.php on line 1054
[17-Nov-2021 07:32:12 UTC] PHP Deprecated:  Function get_magic_quotes_runtime() is deprecated in /home/n9lbdv3zl2bp/public_html/jayesh.aptsolutions.in/fpdf/fpdf.php on line 1054
[17-Nov-2021 07:32:12 UTC] PHP Deprecated:  Function get_magic_quotes_runtime() is deprecated in /home/n9lbdv3zl2bp/public_html/jayesh.aptsolutions.in/fpdf/fpdf.php on line 1054
[17-Nov-2021 07:32:12 UTC] PHP Deprecated:  Function get_magic_quotes_runtime() is deprecated in /home/n9lbdv3zl2bp/public_html/jayesh.aptsolutions.in/fpdf/fpdf.php on line 1054
[17-Nov-2021 07:32:12 UTC] PHP Deprecated:  Function get_magic_quotes_runtime() is deprecated in /home/n9lbdv3zl2bp/public_html/jayesh.aptsolutions.in/fpdf/fpdf.php on line 1054
[17-Nov-2021 07:32:12 UTC] PHP Deprecated:  Function get_magic_quotes_runtime() is deprecated in /home/n9lbdv3zl2bp/public_html/jayesh.aptsolutions.in/fpdf/fpdf.php on line 1054
[17-Nov-2021 07:32:12 UTC] PHP Deprecated:  Function get_magic_quotes_runtime() is deprecated in /home/n9lbdv3zl2bp/public_html/jayesh.aptsolutions.in/fpdf/fpdf.php on line 1054
[17-Nov-2021 07:32:12 UTC] PHP Deprecated:  Function get_magic_quotes_runtime() is deprecated in /home/n9lbdv3zl2bp/public_html/jayesh.aptsolutions.in/fpdf/fpdf.php on line 1054
[17-Nov-2021 07:32:12 UTC] PHP Deprecated:  Function get_magic_quotes_runtime() is deprecated in /home/n9lbdv3zl2bp/public_html/jayesh.aptsolutions.in/fpdf/fpdf.php on line 1054
[17-Nov-2021 07:32:12 UTC] PHP Deprecated:  Function get_magic_quotes_runtime() is deprecated in /home/n9lbdv3zl2bp/public_html/jayesh.aptsolutions.in/fpdf/fpdf.php on line 1054
[17-Nov-2021 07:32:12 UTC] PHP Deprecated:  Function get_magic_quotes_runtime() is deprecated in /home/n9lbdv3zl2bp/public_html/jayesh.aptsolutions.in/fpdf/fpdf.php on line 1054
[17-Nov-2021 07:32:12 UTC] PHP Deprecated:  Function get_magic_quotes_runtime() is deprecated in /home/n9lbdv3zl2bp/public_html/jayesh.aptsolutions.in/fpdf/fpdf.php on line 1054
[17-Nov-2021 07:32:12 UTC] PHP Deprecated:  Function get_magic_quotes_runtime() is deprecated in /home/n9lbdv3zl2bp/public_html/jayesh.aptsolutions.in/fpdf/fpdf.php on line 1054
[17-Nov-2021 07:32:12 UTC] PHP Deprecated:  Function get_magic_quotes_runtime() is deprecated in /home/n9lbdv3zl2bp/public_html/jayesh.aptsolutions.in/fpdf/fpdf.php on line 1054
[17-Nov-2021 07:32:12 UTC] PHP Deprecated:  Function get_magic_quotes_runtime() is deprecated in /home/n9lbdv3zl2bp/public_html/jayesh.aptsolutions.in/fpdf/fpdf.php on line 1054
[17-Nov-2021 07:32:12 UTC] PHP Deprecated:  Function get_magic_quotes_runtime() is deprecated in /home/n9lbdv3zl2bp/public_html/jayesh.aptsolutions.in/fpdf/fpdf.php on line 1054
[17-Nov-2021 07:32:12 UTC] PHP Deprecated:  Function get_magic_quotes_runtime() is deprecated in /home/n9lbdv3zl2bp/public_html/jayesh.aptsolutions.in/fpdf/fpdf.php on line 1054
[17-Nov-2021 07:32:12 UTC] PHP Deprecated:  Function get_magic_quotes_runtime() is deprecated in /home/n9lbdv3zl2bp/public_html/jayesh.aptsolutions.in/fpdf/fpdf.php on line 1054
[17-Nov-2021 07:32:46 UTC] PHP Deprecated:  Function get_magic_quotes_runtime() is deprecated in /home/n9lbdv3zl2bp/public_html/jayesh.aptsolutions.in/fpdf/fpdf.php on line 1054
[17-Nov-2021 07:32:46 UTC] PHP Deprecated:  Function get_magic_quotes_runtime() is deprecated in /home/n9lbdv3zl2bp/public_html/jayesh.aptsolutions.in/fpdf/fpdf.php on line 1054
[17-Nov-2021 07:32:46 UTC] PHP Deprecated:  Function get_magic_quotes_runtime() is deprecated in /home/n9lbdv3zl2bp/public_html/jayesh.aptsolutions.in/fpdf/fpdf.php on line 1054
[17-Nov-2021 07:32:46 UTC] PHP Deprecated:  Function get_magic_quotes_runtime() is deprecated in /home/n9lbdv3zl2bp/public_html/jayesh.aptsolutions.in/fpdf/fpdf.php on line 1054
[17-Nov-2021 07:32:46 UTC] PHP Deprecated:  Function get_magic_quotes_runtime() is deprecated in /home/n9lbdv3zl2bp/public_html/jayesh.aptsolutions.in/fpdf/fpdf.php on line 1054
[17-Nov-2021 07:32:46 UTC] PHP Deprecated:  Function get_magic_quotes_runtime() is deprecated in /home/n9lbdv3zl2bp/public_html/jayesh.aptsolutions.in/fpdf/fpdf.php on line 1054
[17-Nov-2021 07:32:46 UTC] PHP Deprecated:  Function get_magic_quotes_runtime() is deprecated in /home/n9lbdv3zl2bp/public_html/jayesh.aptsolutions.in/fpdf/fpdf.php on line 1054
[17-Nov-2021 07:32:46 UTC] PHP Deprecated:  Function get_magic_quotes_runtime() is deprecated in /home/n9lbdv3zl2bp/public_html/jayesh.aptsolutions.in/fpdf/fpdf.php on line 1054
[17-Nov-2021 07:32:46 UTC] PHP Deprecated:  Function get_magic_quotes_runtime() is deprecated in /home/n9lbdv3zl2bp/public_html/jayesh.aptsolutions.in/fpdf/fpdf.php on line 1054
[17-Nov-2021 07:32:46 UTC] PHP Deprecated:  Function get_magic_quotes_runtime() is deprecated in /home/n9lbdv3zl2bp/public_html/jayesh.aptsolutions.in/fpdf/fpdf.php on line 1054
[17-Nov-2021 07:32:46 UTC] PHP Deprecated:  Function get_magic_quotes_runtime() is deprecated in /home/n9lbdv3zl2bp/public_html/jayesh.aptsolutions.in/fpdf/fpdf.php on line 1054
[17-Nov-2021 07:32:46 UTC] PHP Deprecated:  Function get_magic_quotes_runtime() is deprecated in /home/n9lbdv3zl2bp/public_html/jayesh.aptsolutions.in/fpdf/fpdf.php on line 1054
[17-Nov-2021 07:32:46 UTC] PHP Deprecated:  Function get_magic_quotes_runtime() is deprecated in /home/n9lbdv3zl2bp/public_html/jayesh.aptsolutions.in/fpdf/fpdf.php on line 1054
[17-Nov-2021 07:32:46 UTC] PHP Deprecated:  Function get_magic_quotes_runtime() is deprecated in /home/n9lbdv3zl2bp/public_html/jayesh.aptsolutions.in/fpdf/fpdf.php on line 1054
[17-Nov-2021 07:32:46 UTC] PHP Deprecated:  Function get_magic_quotes_runtime() is deprecated in /home/n9lbdv3zl2bp/public_html/jayesh.aptsolutions.in/fpdf/fpdf.php on line 1054
[17-Nov-2021 07:32:46 UTC] PHP Deprecated:  Function get_magic_quotes_runtime() is deprecated in /home/n9lbdv3zl2bp/public_html/jayesh.aptsolutions.in/fpdf/fpdf.php on line 1054
[17-Nov-2021 07:32:46 UTC] PHP Deprecated:  Function get_magic_quotes_runtime() is deprecated in /home/n9lbdv3zl2bp/public_html/jayesh.aptsolutions.in/fpdf/fpdf.php on line 1054
[17-Nov-2021 07:32:46 UTC] PHP Deprecated:  Function get_magic_quotes_runtime() is deprecated in /home/n9lbdv3zl2bp/public_html/jayesh.aptsolutions.in/fpdf/fpdf.php on line 1054
[17-Nov-2021 07:32:46 UTC] PHP Deprecated:  Function get_magic_quotes_runtime() is deprecated in /home/n9lbdv3zl2bp/public_html/jayesh.aptsolutions.in/fpdf/fpdf.php on line 1054
[17-Nov-2021 07:32:46 UTC] PHP Deprecated:  Function get_magic_quotes_runtime() is deprecated in /home/n9lbdv3zl2bp/public_html/jayesh.aptsolutions.in/fpdf/fpdf.php on line 1054
[17-Nov-2021 07:32:46 UTC] PHP Deprecated:  Function get_magic_quotes_runtime() is deprecated in /home/n9lbdv3zl2bp/public_html/jayesh.aptsolutions.in/fpdf/fpdf.php on line 1054
[17-Nov-2021 07:32:46 UTC] PHP Deprecated:  Function get_magic_quotes_runtime() is deprecated in /home/n9lbdv3zl2bp/public_html/jayesh.aptsolutions.in/fpdf/fpdf.php on line 1054
[17-Nov-2021 07:32:46 UTC] PHP Deprecated:  Function get_magic_quotes_runtime() is deprecated in /home/n9lbdv3zl2bp/public_html/jayesh.aptsolutions.in/fpdf/fpdf.php on line 1054
[17-Nov-2021 07:32:46 UTC] PHP Deprecated:  Function get_magic_quotes_runtime() is deprecated in /home/n9lbdv3zl2bp/public_html/jayesh.aptsolutions.in/fpdf/fpdf.php on line 1054
[17-Nov-2021 07:32:46 UTC] PHP Deprecated:  Function get_magic_quotes_runtime() is deprecated in /home/n9lbdv3zl2bp/public_html/jayesh.aptsolutions.in/fpdf/fpdf.php on line 1054
[17-Nov-2021 07:32:46 UTC] PHP Deprecated:  Function get_magic_quotes_runtime() is deprecated in /home/n9lbdv3zl2bp/public_html/jayesh.aptsolutions.in/fpdf/fpdf.php on line 1054
[17-Nov-2021 07:32:46 UTC] PHP Deprecated:  Function get_magic_quotes_runtime() is deprecated in /home/n9lbdv3zl2bp/public_html/jayesh.aptsolutions.in/fpdf/fpdf.php on line 1054
[17-Nov-2021 07:32:46 UTC] PHP Deprecated:  Function get_magic_quotes_runtime() is deprecated in /home/n9lbdv3zl2bp/public_html/jayesh.aptsolutions.in/fpdf/fpdf.php on line 1054
[17-Nov-2021 07:32:46 UTC] PHP Deprecated:  Function get_magic_quotes_runtime() is deprecated in /home/n9lbdv3zl2bp/public_html/jayesh.aptsolutions.in/fpdf/fpdf.php on line 1054
[17-Nov-2021 07:32:46 UTC] PHP Deprecated:  Function get_magic_quotes_runtime() is deprecated in /home/n9lbdv3zl2bp/public_html/jayesh.aptsolutions.in/fpdf/fpdf.php on line 1054
[17-Nov-2021 07:32:46 UTC] PHP Deprecated:  Function get_magic_quotes_runtime() is deprecated in /home/n9lbdv3zl2bp/public_html/jayesh.aptsolutions.in/fpdf/fpdf.php on line 1054
[17-Nov-2021 07:32:46 UTC] PHP Deprecated:  Function get_magic_quotes_runtime() is deprecated in /home/n9lbdv3zl2bp/public_html/jayesh.aptsolutions.in/fpdf/fpdf.php on line 1054
[17-Nov-2021 07:32:46 UTC] PHP Deprecated:  Function get_magic_quotes_runtime() is deprecated in /home/n9lbdv3zl2bp/public_html/jayesh.aptsolutions.in/fpdf/fpdf.php on line 1054
[17-Nov-2021 07:32:46 UTC] PHP Deprecated:  Function get_magic_quotes_runtime() is deprecated in /home/n9lbdv3zl2bp/public_html/jayesh.aptsolutions.in/fpdf/fpdf.php on line 1054
[17-Nov-2021 07:32:46 UTC] PHP Deprecated:  Function get_magic_quotes_runtime() is deprecated in /home/n9lbdv3zl2bp/public_html/jayesh.aptsolutions.in/fpdf/fpdf.php on line 1054
[17-Nov-2021 07:32:46 UTC] PHP Deprecated:  Function get_magic_quotes_runtime() is deprecated in /home/n9lbdv3zl2bp/public_html/jayesh.aptsolutions.in/fpdf/fpdf.php on line 1054
[17-Nov-2021 07:32:46 UTC] PHP Deprecated:  Function get_magic_quotes_runtime() is deprecated in /home/n9lbdv3zl2bp/public_html/jayesh.aptsolutions.in/fpdf/fpdf.php on line 1054
[17-Nov-2021 07:32:46 UTC] PHP Deprecated:  Function get_magic_quotes_runtime() is deprecated in /home/n9lbdv3zl2bp/public_html/jayesh.aptsolutions.in/fpdf/fpdf.php on line 1054
[17-Nov-2021 07:32:46 UTC] PHP Deprecated:  Function get_magic_quotes_runtime() is deprecated in /home/n9lbdv3zl2bp/public_html/jayesh.aptsolutions.in/fpdf/fpdf.php on line 1054
[17-Nov-2021 07:32:46 UTC] PHP Deprecated:  Function get_magic_quotes_runtime() is deprecated in /home/n9lbdv3zl2bp/public_html/jayesh.aptsolutions.in/fpdf/fpdf.php on line 1054
[17-Nov-2021 07:32:46 UTC] PHP Deprecated:  Function get_magic_quotes_runtime() is deprecated in /home/n9lbdv3zl2bp/public_html/jayesh.aptsolutions.in/fpdf/fpdf.php on line 1054
[17-Nov-2021 07:32:46 UTC] PHP Deprecated:  Function get_magic_quotes_runtime() is deprecated in /home/n9lbdv3zl2bp/public_html/jayesh.aptsolutions.in/fpdf/fpdf.php on line 1054
[17-Nov-2021 07:32:46 UTC] PHP Deprecated:  Function get_magic_quotes_runtime() is deprecated in /home/n9lbdv3zl2bp/public_html/jayesh.aptsolutions.in/fpdf/fpdf.php on line 1054
[17-Nov-2021 07:32:46 UTC] PHP Deprecated:  Function get_magic_quotes_runtime() is deprecated in /home/n9lbdv3zl2bp/public_html/jayesh.aptsolutions.in/fpdf/fpdf.php on line 1054
[17-Nov-2021 07:34:39 UTC] PHP Deprecated:  Function get_magic_quotes_runtime() is deprecated in /home/n9lbdv3zl2bp/public_html/jayesh.aptsolutions.in/fpdf/fpdf.php on line 1054
[17-Nov-2021 07:34:39 UTC] PHP Deprecated:  Function get_magic_quotes_runtime() is deprecated in /home/n9lbdv3zl2bp/public_html/jayesh.aptsolutions.in/fpdf/fpdf.php on line 1054
[17-Nov-2021 07:34:39 UTC] PHP Deprecated:  Function get_magic_quotes_runtime() is deprecated in /home/n9lbdv3zl2bp/public_html/jayesh.aptsolutions.in/fpdf/fpdf.php on line 1054
[17-Nov-2021 07:34:39 UTC] PHP Deprecated:  Function get_magic_quotes_runtime() is deprecated in /home/n9lbdv3zl2bp/public_html/jayesh.aptsolutions.in/fpdf/fpdf.php on line 1054
[17-Nov-2021 07:34:39 UTC] PHP Deprecated:  Function get_magic_quotes_runtime() is deprecated in /home/n9lbdv3zl2bp/public_html/jayesh.aptsolutions.in/fpdf/fpdf.php on line 1054
[17-Nov-2021 07:34:39 UTC] PHP Deprecated:  Function get_magic_quotes_runtime() is deprecated in /home/n9lbdv3zl2bp/public_html/jayesh.aptsolutions.in/fpdf/fpdf.php on line 1054
[17-Nov-2021 07:34:39 UTC] PHP Deprecated:  Function get_magic_quotes_runtime() is deprecated in /home/n9lbdv3zl2bp/public_html/jayesh.aptsolutions.in/fpdf/fpdf.php on line 1054
[17-Nov-2021 07:34:39 UTC] PHP Deprecated:  Function get_magic_quotes_runtime() is deprecated in /home/n9lbdv3zl2bp/public_html/jayesh.aptsolutions.in/fpdf/fpdf.php on line 1054
[17-Nov-2021 07:34:39 UTC] PHP Deprecated:  Function get_magic_quotes_runtime() is deprecated in /home/n9lbdv3zl2bp/public_html/jayesh.aptsolutions.in/fpdf/fpdf.php on line 1054
[17-Nov-2021 07:34:39 UTC] PHP Deprecated:  Function get_magic_quotes_runtime() is deprecated in /home/n9lbdv3zl2bp/public_html/jayesh.aptsolutions.in/fpdf/fpdf.php on line 1054
[17-Nov-2021 07:34:39 UTC] PHP Deprecated:  Function get_magic_quotes_runtime() is deprecated in /home/n9lbdv3zl2bp/public_html/jayesh.aptsolutions.in/fpdf/fpdf.php on line 1054
[17-Nov-2021 07:34:39 UTC] PHP Deprecated:  Function get_magic_quotes_runtime() is deprecated in /home/n9lbdv3zl2bp/public_html/jayesh.aptsolutions.in/fpdf/fpdf.php on line 1054
[17-Nov-2021 07:34:39 UTC] PHP Deprecated:  Function get_magic_quotes_runtime() is deprecated in /home/n9lbdv3zl2bp/public_html/jayesh.aptsolutions.in/fpdf/fpdf.php on line 1054
[17-Nov-2021 07:34:39 UTC] PHP Deprecated:  Function get_magic_quotes_runtime() is deprecated in /home/n9lbdv3zl2bp/public_html/jayesh.aptsolutions.in/fpdf/fpdf.php on line 1054
[17-Nov-2021 07:34:39 UTC] PHP Deprecated:  Function get_magic_quotes_runtime() is deprecated in /home/n9lbdv3zl2bp/public_html/jayesh.aptsolutions.in/fpdf/fpdf.php on line 1054
[17-Nov-2021 07:34:39 UTC] PHP Deprecated:  Function get_magic_quotes_runtime() is deprecated in /home/n9lbdv3zl2bp/public_html/jayesh.aptsolutions.in/fpdf/fpdf.php on line 1054
[17-Nov-2021 07:34:39 UTC] PHP Deprecated:  Function get_magic_quotes_runtime() is deprecated in /home/n9lbdv3zl2bp/public_html/jayesh.aptsolutions.in/fpdf/fpdf.php on line 1054
[17-Nov-2021 07:34:39 UTC] PHP Deprecated:  Function get_magic_quotes_runtime() is deprecated in /home/n9lbdv3zl2bp/public_html/jayesh.aptsolutions.in/fpdf/fpdf.php on line 1054
[17-Nov-2021 07:34:39 UTC] PHP Deprecated:  Function get_magic_quotes_runtime() is deprecated in /home/n9lbdv3zl2bp/public_html/jayesh.aptsolutions.in/fpdf/fpdf.php on line 1054
[17-Nov-2021 07:34:39 UTC] PHP Deprecated:  Function get_magic_quotes_runtime() is deprecated in /home/n9lbdv3zl2bp/public_html/jayesh.aptsolutions.in/fpdf/fpdf.php on line 1054
[17-Nov-2021 07:34:39 UTC] PHP Deprecated:  Function get_magic_quotes_runtime() is deprecated in /home/n9lbdv3zl2bp/public_html/jayesh.aptsolutions.in/fpdf/fpdf.php on line 1054
[17-Nov-2021 07:34:39 UTC] PHP Deprecated:  Function get_magic_quotes_runtime() is deprecated in /home/n9lbdv3zl2bp/public_html/jayesh.aptsolutions.in/fpdf/fpdf.php on line 1054
[17-Nov-2021 07:34:39 UTC] PHP Deprecated:  Function get_magic_quotes_runtime() is deprecated in /home/n9lbdv3zl2bp/public_html/jayesh.aptsolutions.in/fpdf/fpdf.php on line 1054
[17-Nov-2021 07:34:39 UTC] PHP Deprecated:  Function get_magic_quotes_runtime() is deprecated in /home/n9lbdv3zl2bp/public_html/jayesh.aptsolutions.in/fpdf/fpdf.php on line 1054
[17-Nov-2021 07:34:39 UTC] PHP Deprecated:  Function get_magic_quotes_runtime() is deprecated in /home/n9lbdv3zl2bp/public_html/jayesh.aptsolutions.in/fpdf/fpdf.php on line 1054
[17-Nov-2021 07:34:39 UTC] PHP Deprecated:  Function get_magic_quotes_runtime() is deprecated in /home/n9lbdv3zl2bp/public_html/jayesh.aptsolutions.in/fpdf/fpdf.php on line 1054
[17-Nov-2021 07:34:39 UTC] PHP Deprecated:  Function get_magic_quotes_runtime() is deprecated in /home/n9lbdv3zl2bp/public_html/jayesh.aptsolutions.in/fpdf/fpdf.php on line 1054
[17-Nov-2021 07:34:39 UTC] PHP Deprecated:  Function get_magic_quotes_runtime() is deprecated in /home/n9lbdv3zl2bp/public_html/jayesh.aptsolutions.in/fpdf/fpdf.php on line 1054
[17-Nov-2021 07:34:39 UTC] PHP Deprecated:  Function get_magic_quotes_runtime() is deprecated in /home/n9lbdv3zl2bp/public_html/jayesh.aptsolutions.in/fpdf/fpdf.php on line 1054
[17-Nov-2021 07:34:39 UTC] PHP Deprecated:  Function get_magic_quotes_runtime() is deprecated in /home/n9lbdv3zl2bp/public_html/jayesh.aptsolutions.in/fpdf/fpdf.php on line 1054
[17-Nov-2021 07:34:39 UTC] PHP Deprecated:  Function get_magic_quotes_runtime() is deprecated in /home/n9lbdv3zl2bp/public_html/jayesh.aptsolutions.in/fpdf/fpdf.php on line 1054
[17-Nov-2021 07:34:39 UTC] PHP Deprecated:  Function get_magic_quotes_runtime() is deprecated in /home/n9lbdv3zl2bp/public_html/jayesh.aptsolutions.in/fpdf/fpdf.php on line 1054
[17-Nov-2021 07:34:39 UTC] PHP Deprecated:  Function get_magic_quotes_runtime() is deprecated in /home/n9lbdv3zl2bp/public_html/jayesh.aptsolutions.in/fpdf/fpdf.php on line 1054
[17-Nov-2021 07:34:39 UTC] PHP Deprecated:  Function get_magic_quotes_runtime() is deprecated in /home/n9lbdv3zl2bp/public_html/jayesh.aptsolutions.in/fpdf/fpdf.php on line 1054
[17-Nov-2021 07:34:39 UTC] PHP Deprecated:  Function get_magic_quotes_runtime() is deprecated in /home/n9lbdv3zl2bp/public_html/jayesh.aptsolutions.in/fpdf/fpdf.php on line 1054
[17-Nov-2021 07:34:39 UTC] PHP Deprecated:  Function get_magic_quotes_runtime() is deprecated in /home/n9lbdv3zl2bp/public_html/jayesh.aptsolutions.in/fpdf/fpdf.php on line 1054
[17-Nov-2021 07:34:39 UTC] PHP Deprecated:  Function get_magic_quotes_runtime() is deprecated in /home/n9lbdv3zl2bp/public_html/jayesh.aptsolutions.in/fpdf/fpdf.php on line 1054
[17-Nov-2021 07:34:39 UTC] PHP Deprecated:  Function get_magic_quotes_runtime() is deprecated in /home/n9lbdv3zl2bp/public_html/jayesh.aptsolutions.in/fpdf/fpdf.php on line 1054
[17-Nov-2021 07:34:41 UTC] PHP Deprecated:  Function get_magic_quotes_runtime() is deprecated in /home/n9lbdv3zl2bp/public_html/jayesh.aptsolutions.in/fpdf/fpdf.php on line 1054
[17-Nov-2021 07:34:41 UTC] PHP Deprecated:  Function get_magic_quotes_runtime() is deprecated in /home/n9lbdv3zl2bp/public_html/jayesh.aptsolutions.in/fpdf/fpdf.php on line 1054
[17-Nov-2021 07:34:41 UTC] PHP Deprecated:  Function get_magic_quotes_runtime() is deprecated in /home/n9lbdv3zl2bp/public_html/jayesh.aptsolutions.in/fpdf/fpdf.php on line 1054
[17-Nov-2021 07:34:41 UTC] PHP Deprecated:  Function get_magic_quotes_runtime() is deprecated in /home/n9lbdv3zl2bp/public_html/jayesh.aptsolutions.in/fpdf/fpdf.php on line 1054
[17-Nov-2021 07:34:41 UTC] PHP Deprecated:  Function get_magic_quotes_runtime() is deprecated in /home/n9lbdv3zl2bp/public_html/jayesh.aptsolutions.in/fpdf/fpdf.php on line 1054
[17-Nov-2021 07:34:41 UTC] PHP Deprecated:  Function get_magic_quotes_runtime() is deprecated in /home/n9lbdv3zl2bp/public_html/jayesh.aptsolutions.in/fpdf/fpdf.php on line 1054
[17-Nov-2021 07:37:17 UTC] PHP Deprecated:  Function get_magic_quotes_runtime() is deprecated in /home/n9lbdv3zl2bp/public_html/jayesh.aptsolutions.in/fpdf/fpdf.php on line 1054
[17-Nov-2021 07:37:17 UTC] PHP Deprecated:  Function get_magic_quotes_runtime() is deprecated in /home/n9lbdv3zl2bp/public_html/jayesh.aptsolutions.in/fpdf/fpdf.php on line 1054
[17-Nov-2021 07:37:17 UTC] PHP Deprecated:  Function get_magic_quotes_runtime() is deprecated in /home/n9lbdv3zl2bp/public_html/jayesh.aptsolutions.in/fpdf/fpdf.php on line 1054
[17-Nov-2021 07:37:17 UTC] PHP Deprecated:  Function get_magic_quotes_runtime() is deprecated in /home/n9lbdv3zl2bp/public_html/jayesh.aptsolutions.in/fpdf/fpdf.php on line 1054
[17-Nov-2021 07:37:17 UTC] PHP Deprecated:  Function get_magic_quotes_runtime() is deprecated in /home/n9lbdv3zl2bp/public_html/jayesh.aptsolutions.in/fpdf/fpdf.php on line 1054
[17-Nov-2021 07:37:17 UTC] PHP Deprecated:  Function get_magic_quotes_runtime() is deprecated in /home/n9lbdv3zl2bp/public_html/jayesh.aptsolutions.in/fpdf/fpdf.php on line 1054
[17-Nov-2021 07:37:17 UTC] PHP Deprecated:  Function get_magic_quotes_runtime() is deprecated in /home/n9lbdv3zl2bp/public_html/jayesh.aptsolutions.in/fpdf/fpdf.php on line 1054
[17-Nov-2021 07:37:17 UTC] PHP Deprecated:  Function get_magic_quotes_runtime() is deprecated in /home/n9lbdv3zl2bp/public_html/jayesh.aptsolutions.in/fpdf/fpdf.php on line 1054
[17-Nov-2021 07:37:17 UTC] PHP Deprecated:  Function get_magic_quotes_runtime() is deprecated in /home/n9lbdv3zl2bp/public_html/jayesh.aptsolutions.in/fpdf/fpdf.php on line 1054
[17-Nov-2021 07:37:17 UTC] PHP Deprecated:  Function get_magic_quotes_runtime() is deprecated in /home/n9lbdv3zl2bp/public_html/jayesh.aptsolutions.in/fpdf/fpdf.php on line 1054
[17-Nov-2021 07:37:17 UTC] PHP Deprecated:  Function get_magic_quotes_runtime() is deprecated in /home/n9lbdv3zl2bp/public_html/jayesh.aptsolutions.in/fpdf/fpdf.php on line 1054
[17-Nov-2021 07:37:17 UTC] PHP Deprecated:  Function get_magic_quotes_runtime() is deprecated in /home/n9lbdv3zl2bp/public_html/jayesh.aptsolutions.in/fpdf/fpdf.php on line 1054
[17-Nov-2021 07:37:17 UTC] PHP Deprecated:  Function get_magic_quotes_runtime() is deprecated in /home/n9lbdv3zl2bp/public_html/jayesh.aptsolutions.in/fpdf/fpdf.php on line 1054
[17-Nov-2021 07:37:17 UTC] PHP Deprecated:  Function get_magic_quotes_runtime() is deprecated in /home/n9lbdv3zl2bp/public_html/jayesh.aptsolutions.in/fpdf/fpdf.php on line 1054
[17-Nov-2021 07:37:17 UTC] PHP Deprecated:  Function get_magic_quotes_runtime() is deprecated in /home/n9lbdv3zl2bp/public_html/jayesh.aptsolutions.in/fpdf/fpdf.php on line 1054
[17-Nov-2021 07:37:17 UTC] PHP Deprecated:  Function get_magic_quotes_runtime() is deprecated in /home/n9lbdv3zl2bp/public_html/jayesh.aptsolutions.in/fpdf/fpdf.php on line 1054
[17-Nov-2021 07:37:17 UTC] PHP Deprecated:  Function get_magic_quotes_runtime() is deprecated in /home/n9lbdv3zl2bp/public_html/jayesh.aptsolutions.in/fpdf/fpdf.php on line 1054
[17-Nov-2021 07:37:17 UTC] PHP Deprecated:  Function get_magic_quotes_runtime() is deprecated in /home/n9lbdv3zl2bp/public_html/jayesh.aptsolutions.in/fpdf/fpdf.php on line 1054
[17-Nov-2021 07:37:17 UTC] PHP Deprecated:  Function get_magic_quotes_runtime() is deprecated in /home/n9lbdv3zl2bp/public_html/jayesh.aptsolutions.in/fpdf/fpdf.php on line 1054
[17-Nov-2021 07:37:17 UTC] PHP Deprecated:  Function get_magic_quotes_runtime() is deprecated in /home/n9lbdv3zl2bp/public_html/jayesh.aptsolutions.in/fpdf/fpdf.php on line 1054
[17-Nov-2021 07:37:17 UTC] PHP Deprecated:  Function get_magic_quotes_runtime() is deprecated in /home/n9lbdv3zl2bp/public_html/jayesh.aptsolutions.in/fpdf/fpdf.php on line 1054
[17-Nov-2021 07:37:17 UTC] PHP Deprecated:  Function get_magic_quotes_runtime() is deprecated in /home/n9lbdv3zl2bp/public_html/jayesh.aptsolutions.in/fpdf/fpdf.php on line 1054
[17-Nov-2021 07:37:17 UTC] PHP Deprecated:  Function get_magic_quotes_runtime() is deprecated in /home/n9lbdv3zl2bp/public_html/jayesh.aptsolutions.in/fpdf/fpdf.php on line 1054
[17-Nov-2021 07:37:17 UTC] PHP Deprecated:  Function get_magic_quotes_runtime() is deprecated in /home/n9lbdv3zl2bp/public_html/jayesh.aptsolutions.in/fpdf/fpdf.php on line 1054
[17-Nov-2021 07:37:17 UTC] PHP Deprecated:  Function get_magic_quotes_runtime() is deprecated in /home/n9lbdv3zl2bp/public_html/jayesh.aptsolutions.in/fpdf/fpdf.php on line 1054
[17-Nov-2021 07:37:17 UTC] PHP Deprecated:  Function get_magic_quotes_runtime() is deprecated in /home/n9lbdv3zl2bp/public_html/jayesh.aptsolutions.in/fpdf/fpdf.php on line 1054
[17-Nov-2021 07:37:17 UTC] PHP Deprecated:  Function get_magic_quotes_runtime() is deprecated in /home/n9lbdv3zl2bp/public_html/jayesh.aptsolutions.in/fpdf/fpdf.php on line 1054
[17-Nov-2021 07:37:17 UTC] PHP Deprecated:  Function get_magic_quotes_runtime() is deprecated in /home/n9lbdv3zl2bp/public_html/jayesh.aptsolutions.in/fpdf/fpdf.php on line 1054
[17-Nov-2021 07:37:17 UTC] PHP Deprecated:  Function get_magic_quotes_runtime() is deprecated in /home/n9lbdv3zl2bp/public_html/jayesh.aptsolutions.in/fpdf/fpdf.php on line 1054
[17-Nov-2021 07:37:17 UTC] PHP Deprecated:  Function get_magic_quotes_runtime() is deprecated in /home/n9lbdv3zl2bp/public_html/jayesh.aptsolutions.in/fpdf/fpdf.php on line 1054
[17-Nov-2021 07:37:17 UTC] PHP Deprecated:  Function get_magic_quotes_runtime() is deprecated in /home/n9lbdv3zl2bp/public_html/jayesh.aptsolutions.in/fpdf/fpdf.php on line 1054
[17-Nov-2021 07:37:17 UTC] PHP Deprecated:  Function get_magic_quotes_runtime() is deprecated in /home/n9lbdv3zl2bp/public_html/jayesh.aptsolutions.in/fpdf/fpdf.php on line 1054
[17-Nov-2021 07:37:17 UTC] PHP Deprecated:  Function get_magic_quotes_runtime() is deprecated in /home/n9lbdv3zl2bp/public_html/jayesh.aptsolutions.in/fpdf/fpdf.php on line 1054
[17-Nov-2021 07:37:17 UTC] PHP Deprecated:  Function get_magic_quotes_runtime() is deprecated in /home/n9lbdv3zl2bp/public_html/jayesh.aptsolutions.in/fpdf/fpdf.php on line 1054
[17-Nov-2021 07:37:17 UTC] PHP Deprecated:  Function get_magic_quotes_runtime() is deprecated in /home/n9lbdv3zl2bp/public_html/jayesh.aptsolutions.in/fpdf/fpdf.php on line 1054
[17-Nov-2021 07:37:17 UTC] PHP Deprecated:  Function get_magic_quotes_runtime() is deprecated in /home/n9lbdv3zl2bp/public_html/jayesh.aptsolutions.in/fpdf/fpdf.php on line 1054
[17-Nov-2021 07:37:17 UTC] PHP Deprecated:  Function get_magic_quotes_runtime() is deprecated in /home/n9lbdv3zl2bp/public_html/jayesh.aptsolutions.in/fpdf/fpdf.php on line 1054
[17-Nov-2021 07:37:17 UTC] PHP Deprecated:  Function get_magic_quotes_runtime() is deprecated in /home/n9lbdv3zl2bp/public_html/jayesh.aptsolutions.in/fpdf/fpdf.php on line 1054
[17-Nov-2021 07:37:17 UTC] PHP Deprecated:  Function get_magic_quotes_runtime() is deprecated in /home/n9lbdv3zl2bp/public_html/jayesh.aptsolutions.in/fpdf/fpdf.php on line 1054
[17-Nov-2021 07:37:17 UTC] PHP Deprecated:  Function get_magic_quotes_runtime() is deprecated in /home/n9lbdv3zl2bp/public_html/jayesh.aptsolutions.in/fpdf/fpdf.php on line 1054
[17-Nov-2021 07:37:17 UTC] PHP Deprecated:  Function get_magic_quotes_runtime() is deprecated in /home/n9lbdv3zl2bp/public_html/jayesh.aptsolutions.in/fpdf/fpdf.php on line 1054
[17-Nov-2021 07:37:17 UTC] PHP Deprecated:  Function get_magic_quotes_runtime() is deprecated in /home/n9lbdv3zl2bp/public_html/jayesh.aptsolutions.in/fpdf/fpdf.php on line 1054
[17-Nov-2021 07:37:17 UTC] PHP Deprecated:  Function get_magic_quotes_runtime() is deprecated in /home/n9lbdv3zl2bp/public_html/jayesh.aptsolutions.in/fpdf/fpdf.php on line 1054
[17-Nov-2021 07:37:17 UTC] PHP Deprecated:  Function get_magic_quotes_runtime() is deprecated in /home/n9lbdv3zl2bp/public_html/jayesh.aptsolutions.in/fpdf/fpdf.php on line 1054
[17-Nov-2021 07:38:24 UTC] PHP Deprecated:  Function get_magic_quotes_runtime() is deprecated in /home/n9lbdv3zl2bp/public_html/jayesh.aptsolutions.in/fpdf/fpdf.php on line 1054
[17-Nov-2021 07:38:24 UTC] PHP Deprecated:  Function get_magic_quotes_runtime() is deprecated in /home/n9lbdv3zl2bp/public_html/jayesh.aptsolutions.in/fpdf/fpdf.php on line 1054
[17-Nov-2021 07:38:24 UTC] PHP Deprecated:  Function get_magic_quotes_runtime() is deprecated in /home/n9lbdv3zl2bp/public_html/jayesh.aptsolutions.in/fpdf/fpdf.php on line 1054
[17-Nov-2021 07:38:24 UTC] PHP Deprecated:  Function get_magic_quotes_runtime() is deprecated in /home/n9lbdv3zl2bp/public_html/jayesh.aptsolutions.in/fpdf/fpdf.php on line 1054
[17-Nov-2021 07:38:24 UTC] PHP Deprecated:  Function get_magic_quotes_runtime() is deprecated in /home/n9lbdv3zl2bp/public_html/jayesh.aptsolutions.in/fpdf/fpdf.php on line 1054
[17-Nov-2021 07:38:24 UTC] PHP Deprecated:  Function get_magic_quotes_runtime() is deprecated in /home/n9lbdv3zl2bp/public_html/jayesh.aptsolutions.in/fpdf/fpdf.php on line 1054
[17-Nov-2021 07:38:24 UTC] PHP Deprecated:  Function get_magic_quotes_runtime() is deprecated in /home/n9lbdv3zl2bp/public_html/jayesh.aptsolutions.in/fpdf/fpdf.php on line 1054
[17-Nov-2021 07:38:24 UTC] PHP Deprecated:  Function get_magic_quotes_runtime() is deprecated in /home/n9lbdv3zl2bp/public_html/jayesh.aptsolutions.in/fpdf/fpdf.php on line 1054
[17-Nov-2021 07:38:24 UTC] PHP Deprecated:  Function get_magic_quotes_runtime() is deprecated in /home/n9lbdv3zl2bp/public_html/jayesh.aptsolutions.in/fpdf/fpdf.php on line 1054
[17-Nov-2021 07:38:24 UTC] PHP Deprecated:  Function get_magic_quotes_runtime() is deprecated in /home/n9lbdv3zl2bp/public_html/jayesh.aptsolutions.in/fpdf/fpdf.php on line 1054
[17-Nov-2021 07:38:24 UTC] PHP Deprecated:  Function get_magic_quotes_runtime() is deprecated in /home/n9lbdv3zl2bp/public_html/jayesh.aptsolutions.in/fpdf/fpdf.php on line 1054
[17-Nov-2021 07:38:24 UTC] PHP Deprecated:  Function get_magic_quotes_runtime() is deprecated in /home/n9lbdv3zl2bp/public_html/jayesh.aptsolutions.in/fpdf/fpdf.php on line 1054
[17-Nov-2021 07:38:24 UTC] PHP Deprecated:  Function get_magic_quotes_runtime() is deprecated in /home/n9lbdv3zl2bp/public_html/jayesh.aptsolutions.in/fpdf/fpdf.php on line 1054
[17-Nov-2021 07:38:24 UTC] PHP Deprecated:  Function get_magic_quotes_runtime() is deprecated in /home/n9lbdv3zl2bp/public_html/jayesh.aptsolutions.in/fpdf/fpdf.php on line 1054
[17-Nov-2021 07:38:24 UTC] PHP Deprecated:  Function get_magic_quotes_runtime() is deprecated in /home/n9lbdv3zl2bp/public_html/jayesh.aptsolutions.in/fpdf/fpdf.php on line 1054
[17-Nov-2021 07:38:24 UTC] PHP Deprecated:  Function get_magic_quotes_runtime() is deprecated in /home/n9lbdv3zl2bp/public_html/jayesh.aptsolutions.in/fpdf/fpdf.php on line 1054
[17-Nov-2021 07:38:24 UTC] PHP Deprecated:  Function get_magic_quotes_runtime() is deprecated in /home/n9lbdv3zl2bp/public_html/jayesh.aptsolutions.in/fpdf/fpdf.php on line 1054
[17-Nov-2021 07:38:24 UTC] PHP Deprecated:  Function get_magic_quotes_runtime() is deprecated in /home/n9lbdv3zl2bp/public_html/jayesh.aptsolutions.in/fpdf/fpdf.php on line 1054
[17-Nov-2021 07:38:24 UTC] PHP Deprecated:  Function get_magic_quotes_runtime() is deprecated in /home/n9lbdv3zl2bp/public_html/jayesh.aptsolutions.in/fpdf/fpdf.php on line 1054
[17-Nov-2021 07:38:24 UTC] PHP Deprecated:  Function get_magic_quotes_runtime() is deprecated in /home/n9lbdv3zl2bp/public_html/jayesh.aptsolutions.in/fpdf/fpdf.php on line 1054
[17-Nov-2021 07:38:24 UTC] PHP Deprecated:  Function get_magic_quotes_runtime() is deprecated in /home/n9lbdv3zl2bp/public_html/jayesh.aptsolutions.in/fpdf/fpdf.php on line 1054
[17-Nov-2021 07:38:24 UTC] PHP Deprecated:  Function get_magic_quotes_runtime() is deprecated in /home/n9lbdv3zl2bp/public_html/jayesh.aptsolutions.in/fpdf/fpdf.php on line 1054
[17-Nov-2021 07:38:24 UTC] PHP Deprecated:  Function get_magic_quotes_runtime() is deprecated in /home/n9lbdv3zl2bp/public_html/jayesh.aptsolutions.in/fpdf/fpdf.php on line 1054
[17-Nov-2021 07:38:24 UTC] PHP Deprecated:  Function get_magic_quotes_runtime() is deprecated in /home/n9lbdv3zl2bp/public_html/jayesh.aptsolutions.in/fpdf/fpdf.php on line 1054
[17-Nov-2021 07:38:24 UTC] PHP Deprecated:  Function get_magic_quotes_runtime() is deprecated in /home/n9lbdv3zl2bp/public_html/jayesh.aptsolutions.in/fpdf/fpdf.php on line 1054
[17-Nov-2021 07:38:24 UTC] PHP Deprecated:  Function get_magic_quotes_runtime() is deprecated in /home/n9lbdv3zl2bp/public_html/jayesh.aptsolutions.in/fpdf/fpdf.php on line 1054
[17-Nov-2021 07:38:24 UTC] PHP Deprecated:  Function get_magic_quotes_runtime() is deprecated in /home/n9lbdv3zl2bp/public_html/jayesh.aptsolutions.in/fpdf/fpdf.php on line 1054
[17-Nov-2021 07:38:24 UTC] PHP Deprecated:  Function get_magic_quotes_runtime() is deprecated in /home/n9lbdv3zl2bp/public_html/jayesh.aptsolutions.in/fpdf/fpdf.php on line 1054
[17-Nov-2021 07:38:25 UTC] PHP Deprecated:  Function get_magic_quotes_runtime() is deprecated in /home/n9lbdv3zl2bp/public_html/jayesh.aptsolutions.in/fpdf/fpdf.php on line 1054
[17-Nov-2021 07:38:25 UTC] PHP Deprecated:  Function get_magic_quotes_runtime() is deprecated in /home/n9lbdv3zl2bp/public_html/jayesh.aptsolutions.in/fpdf/fpdf.php on line 1054
[17-Nov-2021 07:38:25 UTC] PHP Deprecated:  Function get_magic_quotes_runtime() is deprecated in /home/n9lbdv3zl2bp/public_html/jayesh.aptsolutions.in/fpdf/fpdf.php on line 1054
[17-Nov-2021 07:38:25 UTC] PHP Deprecated:  Function get_magic_quotes_runtime() is deprecated in /home/n9lbdv3zl2bp/public_html/jayesh.aptsolutions.in/fpdf/fpdf.php on line 1054
[17-Nov-2021 07:38:25 UTC] PHP Deprecated:  Function get_magic_quotes_runtime() is deprecated in /home/n9lbdv3zl2bp/public_html/jayesh.aptsolutions.in/fpdf/fpdf.php on line 1054
[17-Nov-2021 07:38:25 UTC] PHP Deprecated:  Function get_magic_quotes_runtime() is deprecated in /home/n9lbdv3zl2bp/public_html/jayesh.aptsolutions.in/fpdf/fpdf.php on line 1054
[17-Nov-2021 07:38:25 UTC] PHP Deprecated:  Function get_magic_quotes_runtime() is deprecated in /home/n9lbdv3zl2bp/public_html/jayesh.aptsolutions.in/fpdf/fpdf.php on line 1054
[17-Nov-2021 07:38:25 UTC] PHP Deprecated:  Function get_magic_quotes_runtime() is deprecated in /home/n9lbdv3zl2bp/public_html/jayesh.aptsolutions.in/fpdf/fpdf.php on line 1054
[17-Nov-2021 07:38:25 UTC] PHP Deprecated:  Function get_magic_quotes_runtime() is deprecated in /home/n9lbdv3zl2bp/public_html/jayesh.aptsolutions.in/fpdf/fpdf.php on line 1054
[17-Nov-2021 07:38:25 UTC] PHP Deprecated:  Function get_magic_quotes_runtime() is deprecated in /home/n9lbdv3zl2bp/public_html/jayesh.aptsolutions.in/fpdf/fpdf.php on line 1054
[17-Nov-2021 07:38:25 UTC] PHP Deprecated:  Function get_magic_quotes_runtime() is deprecated in /home/n9lbdv3zl2bp/public_html/jayesh.aptsolutions.in/fpdf/fpdf.php on line 1054
[17-Nov-2021 07:38:25 UTC] PHP Deprecated:  Function get_magic_quotes_runtime() is deprecated in /home/n9lbdv3zl2bp/public_html/jayesh.aptsolutions.in/fpdf/fpdf.php on line 1054
[17-Nov-2021 07:38:25 UTC] PHP Deprecated:  Function get_magic_quotes_runtime() is deprecated in /home/n9lbdv3zl2bp/public_html/jayesh.aptsolutions.in/fpdf/fpdf.php on line 1054
[17-Nov-2021 07:38:25 UTC] PHP Deprecated:  Function get_magic_quotes_runtime() is deprecated in /home/n9lbdv3zl2bp/public_html/jayesh.aptsolutions.in/fpdf/fpdf.php on line 1054
[17-Nov-2021 07:38:25 UTC] PHP Deprecated:  Function get_magic_quotes_runtime() is deprecated in /home/n9lbdv3zl2bp/public_html/jayesh.aptsolutions.in/fpdf/fpdf.php on line 1054
[17-Nov-2021 07:38:25 UTC] PHP Deprecated:  Function get_magic_quotes_runtime() is deprecated in /home/n9lbdv3zl2bp/public_html/jayesh.aptsolutions.in/fpdf/fpdf.php on line 1054
[17-Nov-2021 07:47:04 UTC] PHP Deprecated:  Function get_magic_quotes_runtime() is deprecated in /home/n9lbdv3zl2bp/public_html/jayesh.aptsolutions.in/fpdf/fpdf.php on line 1054
[17-Nov-2021 07:47:04 UTC] PHP Deprecated:  Function get_magic_quotes_runtime() is deprecated in /home/n9lbdv3zl2bp/public_html/jayesh.aptsolutions.in/fpdf/fpdf.php on line 1054
[17-Nov-2021 07:47:04 UTC] PHP Deprecated:  Function get_magic_quotes_runtime() is deprecated in /home/n9lbdv3zl2bp/public_html/jayesh.aptsolutions.in/fpdf/fpdf.php on line 1054
[17-Nov-2021 07:47:04 UTC] PHP Deprecated:  Function get_magic_quotes_runtime() is deprecated in /home/n9lbdv3zl2bp/public_html/jayesh.aptsolutions.in/fpdf/fpdf.php on line 1054
[17-Nov-2021 07:47:04 UTC] PHP Deprecated:  Function get_magic_quotes_runtime() is deprecated in /home/n9lbdv3zl2bp/public_html/jayesh.aptsolutions.in/fpdf/fpdf.php on line 1054
[17-Nov-2021 07:47:04 UTC] PHP Deprecated:  Function get_magic_quotes_runtime() is deprecated in /home/n9lbdv3zl2bp/public_html/jayesh.aptsolutions.in/fpdf/fpdf.php on line 1054
[17-Nov-2021 07:47:04 UTC] PHP Deprecated:  Function get_magic_quotes_runtime() is deprecated in /home/n9lbdv3zl2bp/public_html/jayesh.aptsolutions.in/fpdf/fpdf.php on line 1054
[17-Nov-2021 07:47:04 UTC] PHP Deprecated:  Function get_magic_quotes_runtime() is deprecated in /home/n9lbdv3zl2bp/public_html/jayesh.aptsolutions.in/fpdf/fpdf.php on line 1054
[17-Nov-2021 07:47:04 UTC] PHP Deprecated:  Function get_magic_quotes_runtime() is deprecated in /home/n9lbdv3zl2bp/public_html/jayesh.aptsolutions.in/fpdf/fpdf.php on line 1054
[17-Nov-2021 07:47:04 UTC] PHP Deprecated:  Function get_magic_quotes_runtime() is deprecated in /home/n9lbdv3zl2bp/public_html/jayesh.aptsolutions.in/fpdf/fpdf.php on line 1054
[17-Nov-2021 07:47:04 UTC] PHP Deprecated:  Function get_magic_quotes_runtime() is deprecated in /home/n9lbdv3zl2bp/public_html/jayesh.aptsolutions.in/fpdf/fpdf.php on line 1054
[17-Nov-2021 07:47:04 UTC] PHP Deprecated:  Function get_magic_quotes_runtime() is deprecated in /home/n9lbdv3zl2bp/public_html/jayesh.aptsolutions.in/fpdf/fpdf.php on line 1054
[17-Nov-2021 07:47:04 UTC] PHP Deprecated:  Function get_magic_quotes_runtime() is deprecated in /home/n9lbdv3zl2bp/public_html/jayesh.aptsolutions.in/fpdf/fpdf.php on line 1054
[17-Nov-2021 07:47:04 UTC] PHP Deprecated:  Function get_magic_quotes_runtime() is deprecated in /home/n9lbdv3zl2bp/public_html/jayesh.aptsolutions.in/fpdf/fpdf.php on line 1054
[17-Nov-2021 07:47:04 UTC] PHP Deprecated:  Function get_magic_quotes_runtime() is deprecated in /home/n9lbdv3zl2bp/public_html/jayesh.aptsolutions.in/fpdf/fpdf.php on line 1054
[17-Nov-2021 07:47:04 UTC] PHP Deprecated:  Function get_magic_quotes_runtime() is deprecated in /home/n9lbdv3zl2bp/public_html/jayesh.aptsolutions.in/fpdf/fpdf.php on line 1054
[17-Nov-2021 07:47:04 UTC] PHP Deprecated:  Function get_magic_quotes_runtime() is deprecated in /home/n9lbdv3zl2bp/public_html/jayesh.aptsolutions.in/fpdf/fpdf.php on line 1054
[17-Nov-2021 07:47:04 UTC] PHP Deprecated:  Function get_magic_quotes_runtime() is deprecated in /home/n9lbdv3zl2bp/public_html/jayesh.aptsolutions.in/fpdf/fpdf.php on line 1054
[17-Nov-2021 07:47:04 UTC] PHP Deprecated:  Function get_magic_quotes_runtime() is deprecated in /home/n9lbdv3zl2bp/public_html/jayesh.aptsolutions.in/fpdf/fpdf.php on line 1054
[17-Nov-2021 07:47:04 UTC] PHP Deprecated:  Function get_magic_quotes_runtime() is deprecated in /home/n9lbdv3zl2bp/public_html/jayesh.aptsolutions.in/fpdf/fpdf.php on line 1054
[17-Nov-2021 07:47:05 UTC] PHP Deprecated:  Function get_magic_quotes_runtime() is deprecated in /home/n9lbdv3zl2bp/public_html/jayesh.aptsolutions.in/fpdf/fpdf.php on line 1054
[17-Nov-2021 07:47:05 UTC] PHP Deprecated:  Function get_magic_quotes_runtime() is deprecated in /home/n9lbdv3zl2bp/public_html/jayesh.aptsolutions.in/fpdf/fpdf.php on line 1054
[17-Nov-2021 07:47:05 UTC] PHP Deprecated:  Function get_magic_quotes_runtime() is deprecated in /home/n9lbdv3zl2bp/public_html/jayesh.aptsolutions.in/fpdf/fpdf.php on line 1054
[17-Nov-2021 07:47:05 UTC] PHP Deprecated:  Function get_magic_quotes_runtime() is deprecated in /home/n9lbdv3zl2bp/public_html/jayesh.aptsolutions.in/fpdf/fpdf.php on line 1054
[17-Nov-2021 07:47:05 UTC] PHP Deprecated:  Function get_magic_quotes_runtime() is deprecated in /home/n9lbdv3zl2bp/public_html/jayesh.aptsolutions.in/fpdf/fpdf.php on line 1054
[17-Nov-2021 07:47:05 UTC] PHP Deprecated:  Function get_magic_quotes_runtime() is deprecated in /home/n9lbdv3zl2bp/public_html/jayesh.aptsolutions.in/fpdf/fpdf.php on line 1054
[17-Nov-2021 07:47:05 UTC] PHP Deprecated:  Function get_magic_quotes_runtime() is deprecated in /home/n9lbdv3zl2bp/public_html/jayesh.aptsolutions.in/fpdf/fpdf.php on line 1054
[17-Nov-2021 07:47:05 UTC] PHP Deprecated:  Function get_magic_quotes_runtime() is deprecated in /home/n9lbdv3zl2bp/public_html/jayesh.aptsolutions.in/fpdf/fpdf.php on line 1054
[17-Nov-2021 07:47:05 UTC] PHP Deprecated:  Function get_magic_quotes_runtime() is deprecated in /home/n9lbdv3zl2bp/public_html/jayesh.aptsolutions.in/fpdf/fpdf.php on line 1054
[17-Nov-2021 07:47:05 UTC] PHP Deprecated:  Function get_magic_quotes_runtime() is deprecated in /home/n9lbdv3zl2bp/public_html/jayesh.aptsolutions.in/fpdf/fpdf.php on line 1054
[17-Nov-2021 07:47:05 UTC] PHP Deprecated:  Function get_magic_quotes_runtime() is deprecated in /home/n9lbdv3zl2bp/public_html/jayesh.aptsolutions.in/fpdf/fpdf.php on line 1054
[17-Nov-2021 07:47:05 UTC] PHP Deprecated:  Function get_magic_quotes_runtime() is deprecated in /home/n9lbdv3zl2bp/public_html/jayesh.aptsolutions.in/fpdf/fpdf.php on line 1054
[17-Nov-2021 07:47:05 UTC] PHP Deprecated:  Function get_magic_quotes_runtime() is deprecated in /home/n9lbdv3zl2bp/public_html/jayesh.aptsolutions.in/fpdf/fpdf.php on line 1054
[17-Nov-2021 07:47:05 UTC] PHP Deprecated:  Function get_magic_quotes_runtime() is deprecated in /home/n9lbdv3zl2bp/public_html/jayesh.aptsolutions.in/fpdf/fpdf.php on line 1054
[17-Nov-2021 07:47:05 UTC] PHP Deprecated:  Function get_magic_quotes_runtime() is deprecated in /home/n9lbdv3zl2bp/public_html/jayesh.aptsolutions.in/fpdf/fpdf.php on line 1054
[17-Nov-2021 07:47:05 UTC] PHP Deprecated:  Function get_magic_quotes_runtime() is deprecated in /home/n9lbdv3zl2bp/public_html/jayesh.aptsolutions.in/fpdf/fpdf.php on line 1054
[17-Nov-2021 07:47:05 UTC] PHP Deprecated:  Function get_magic_quotes_runtime() is deprecated in /home/n9lbdv3zl2bp/public_html/jayesh.aptsolutions.in/fpdf/fpdf.php on line 1054
[17-Nov-2021 07:47:05 UTC] PHP Deprecated:  Function get_magic_quotes_runtime() is deprecated in /home/n9lbdv3zl2bp/public_html/jayesh.aptsolutions.in/fpdf/fpdf.php on line 1054
[17-Nov-2021 07:47:05 UTC] PHP Deprecated:  Function get_magic_quotes_runtime() is deprecated in /home/n9lbdv3zl2bp/public_html/jayesh.aptsolutions.in/fpdf/fpdf.php on line 1054
[17-Nov-2021 07:47:05 UTC] PHP Deprecated:  Function get_magic_quotes_runtime() is deprecated in /home/n9lbdv3zl2bp/public_html/jayesh.aptsolutions.in/fpdf/fpdf.php on line 1054
[17-Nov-2021 07:47:05 UTC] PHP Deprecated:  Function get_magic_quotes_runtime() is deprecated in /home/n9lbdv3zl2bp/public_html/jayesh.aptsolutions.in/fpdf/fpdf.php on line 1054
[17-Nov-2021 07:47:05 UTC] PHP Deprecated:  Function get_magic_quotes_runtime() is deprecated in /home/n9lbdv3zl2bp/public_html/jayesh.aptsolutions.in/fpdf/fpdf.php on line 1054
[17-Nov-2021 07:47:05 UTC] PHP Deprecated:  Function get_magic_quotes_runtime() is deprecated in /home/n9lbdv3zl2bp/public_html/jayesh.aptsolutions.in/fpdf/fpdf.php on line 1054
[17-Nov-2021 07:47:05 UTC] PHP Deprecated:  Function get_magic_quotes_runtime() is deprecated in /home/n9lbdv3zl2bp/public_html/jayesh.aptsolutions.in/fpdf/fpdf.php on line 1054
[17-Nov-2021 07:47:05 UTC] PHP Deprecated:  Function get_magic_quotes_runtime() is deprecated in /home/n9lbdv3zl2bp/public_html/jayesh.aptsolutions.in/fpdf/fpdf.php on line 1054
[17-Nov-2021 07:47:05 UTC] PHP Deprecated:  Function get_magic_quotes_runtime() is deprecated in /home/n9lbdv3zl2bp/public_html/jayesh.aptsolutions.in/fpdf/fpdf.php on line 1054
[17-Nov-2021 07:47:05 UTC] PHP Deprecated:  Function get_magic_quotes_runtime() is deprecated in /home/n9lbdv3zl2bp/public_html/jayesh.aptsolutions.in/fpdf/fpdf.php on line 1054
[17-Nov-2021 07:47:05 UTC] PHP Deprecated:  Function get_magic_quotes_runtime() is deprecated in /home/n9lbdv3zl2bp/public_html/jayesh.aptsolutions.in/fpdf/fpdf.php on line 1054
[17-Nov-2021 07:47:05 UTC] PHP Deprecated:  Function get_magic_quotes_runtime() is deprecated in /home/n9lbdv3zl2bp/public_html/jayesh.aptsolutions.in/fpdf/fpdf.php on line 1054
[17-Nov-2021 07:47:05 UTC] PHP Deprecated:  Function get_magic_quotes_runtime() is deprecated in /home/n9lbdv3zl2bp/public_html/jayesh.aptsolutions.in/fpdf/fpdf.php on line 1054
[17-Nov-2021 07:47:05 UTC] PHP Deprecated:  Function get_magic_quotes_runtime() is deprecated in /home/n9lbdv3zl2bp/public_html/jayesh.aptsolutions.in/fpdf/fpdf.php on line 1054
[17-Nov-2021 07:47:05 UTC] PHP Deprecated:  Function get_magic_quotes_runtime() is deprecated in /home/n9lbdv3zl2bp/public_html/jayesh.aptsolutions.in/fpdf/fpdf.php on line 1054
[17-Nov-2021 07:47:05 UTC] PHP Deprecated:  Function get_magic_quotes_runtime() is deprecated in /home/n9lbdv3zl2bp/public_html/jayesh.aptsolutions.in/fpdf/fpdf.php on line 1054
[17-Nov-2021 07:47:05 UTC] PHP Deprecated:  Function get_magic_quotes_runtime() is deprecated in /home/n9lbdv3zl2bp/public_html/jayesh.aptsolutions.in/fpdf/fpdf.php on line 1054
[17-Nov-2021 07:47:05 UTC] PHP Deprecated:  Function get_magic_quotes_runtime() is deprecated in /home/n9lbdv3zl2bp/public_html/jayesh.aptsolutions.in/fpdf/fpdf.php on line 1054
[17-Nov-2021 07:47:05 UTC] PHP Deprecated:  Function get_magic_quotes_runtime() is deprecated in /home/n9lbdv3zl2bp/public_html/jayesh.aptsolutions.in/fpdf/fpdf.php on line 1054
[17-Nov-2021 07:47:05 UTC] PHP Deprecated:  Function get_magic_quotes_runtime() is deprecated in /home/n9lbdv3zl2bp/public_html/jayesh.aptsolutions.in/fpdf/fpdf.php on line 1054
[17-Nov-2021 07:47:05 UTC] PHP Deprecated:  Function get_magic_quotes_runtime() is deprecated in /home/n9lbdv3zl2bp/public_html/jayesh.aptsolutions.in/fpdf/fpdf.php on line 1054
[17-Nov-2021 07:47:05 UTC] PHP Deprecated:  Function get_magic_quotes_runtime() is deprecated in /home/n9lbdv3zl2bp/public_html/jayesh.aptsolutions.in/fpdf/fpdf.php on line 1054
[17-Nov-2021 07:47:05 UTC] PHP Deprecated:  Function get_magic_quotes_runtime() is deprecated in /home/n9lbdv3zl2bp/public_html/jayesh.aptsolutions.in/fpdf/fpdf.php on line 1054
[17-Nov-2021 07:47:05 UTC] PHP Deprecated:  Function get_magic_quotes_runtime() is deprecated in /home/n9lbdv3zl2bp/public_html/jayesh.aptsolutions.in/fpdf/fpdf.php on line 1054
[17-Nov-2021 07:47:05 UTC] PHP Deprecated:  Function get_magic_quotes_runtime() is deprecated in /home/n9lbdv3zl2bp/public_html/jayesh.aptsolutions.in/fpdf/fpdf.php on line 1054
[17-Nov-2021 07:47:05 UTC] PHP Deprecated:  Function get_magic_quotes_runtime() is deprecated in /home/n9lbdv3zl2bp/public_html/jayesh.aptsolutions.in/fpdf/fpdf.php on line 1054
[17-Nov-2021 07:47:05 UTC] PHP Deprecated:  Function get_magic_quotes_runtime() is deprecated in /home/n9lbdv3zl2bp/public_html/jayesh.aptsolutions.in/fpdf/fpdf.php on line 1054
[17-Nov-2021 07:47:05 UTC] PHP Deprecated:  Function get_magic_quotes_runtime() is deprecated in /home/n9lbdv3zl2bp/public_html/jayesh.aptsolutions.in/fpdf/fpdf.php on line 1054
[17-Nov-2021 07:47:05 UTC] PHP Deprecated:  Function get_magic_quotes_runtime() is deprecated in /home/n9lbdv3zl2bp/public_html/jayesh.aptsolutions.in/fpdf/fpdf.php on line 1054
[17-Nov-2021 07:47:05 UTC] PHP Deprecated:  Function get_magic_quotes_runtime() is deprecated in /home/n9lbdv3zl2bp/public_html/jayesh.aptsolutions.in/fpdf/fpdf.php on line 1054
[17-Nov-2021 07:47:05 UTC] PHP Deprecated:  Function get_magic_quotes_runtime() is deprecated in /home/n9lbdv3zl2bp/public_html/jayesh.aptsolutions.in/fpdf/fpdf.php on line 1054
[17-Nov-2021 07:47:05 UTC] PHP Deprecated:  Function get_magic_quotes_runtime() is deprecated in /home/n9lbdv3zl2bp/public_html/jayesh.aptsolutions.in/fpdf/fpdf.php on line 1054
[17-Nov-2021 07:47:05 UTC] PHP Deprecated:  Function get_magic_quotes_runtime() is deprecated in /home/n9lbdv3zl2bp/public_html/jayesh.aptsolutions.in/fpdf/fpdf.php on line 1054
[17-Nov-2021 07:47:05 UTC] PHP Deprecated:  Function get_magic_quotes_runtime() is deprecated in /home/n9lbdv3zl2bp/public_html/jayesh.aptsolutions.in/fpdf/fpdf.php on line 1054
[17-Nov-2021 07:47:05 UTC] PHP Deprecated:  Function get_magic_quotes_runtime() is deprecated in /home/n9lbdv3zl2bp/public_html/jayesh.aptsolutions.in/fpdf/fpdf.php on line 1054
[17-Nov-2021 07:47:05 UTC] PHP Deprecated:  Function get_magic_quotes_runtime() is deprecated in /home/n9lbdv3zl2bp/public_html/jayesh.aptsolutions.in/fpdf/fpdf.php on line 1054
[17-Nov-2021 07:49:24 UTC] PHP Deprecated:  Function get_magic_quotes_runtime() is deprecated in /home/n9lbdv3zl2bp/public_html/jayesh.aptsolutions.in/fpdf/fpdf.php on line 1054
[17-Nov-2021 07:49:24 UTC] PHP Deprecated:  Function get_magic_quotes_runtime() is deprecated in /home/n9lbdv3zl2bp/public_html/jayesh.aptsolutions.in/fpdf/fpdf.php on line 1054
[17-Nov-2021 07:49:24 UTC] PHP Deprecated:  Function get_magic_quotes_runtime() is deprecated in /home/n9lbdv3zl2bp/public_html/jayesh.aptsolutions.in/fpdf/fpdf.php on line 1054
[17-Nov-2021 07:49:24 UTC] PHP Deprecated:  Function get_magic_quotes_runtime() is deprecated in /home/n9lbdv3zl2bp/public_html/jayesh.aptsolutions.in/fpdf/fpdf.php on line 1054
[17-Nov-2021 07:49:24 UTC] PHP Deprecated:  Function get_magic_quotes_runtime() is deprecated in /home/n9lbdv3zl2bp/public_html/jayesh.aptsolutions.in/fpdf/fpdf.php on line 1054
[17-Nov-2021 07:49:24 UTC] PHP Deprecated:  Function get_magic_quotes_runtime() is deprecated in /home/n9lbdv3zl2bp/public_html/jayesh.aptsolutions.in/fpdf/fpdf.php on line 1054
[17-Nov-2021 07:49:24 UTC] PHP Deprecated:  Function get_magic_quotes_runtime() is deprecated in /home/n9lbdv3zl2bp/public_html/jayesh.aptsolutions.in/fpdf/fpdf.php on line 1054
[17-Nov-2021 07:49:24 UTC] PHP Deprecated:  Function get_magic_quotes_runtime() is deprecated in /home/n9lbdv3zl2bp/public_html/jayesh.aptsolutions.in/fpdf/fpdf.php on line 1054
[17-Nov-2021 07:49:24 UTC] PHP Deprecated:  Function get_magic_quotes_runtime() is deprecated in /home/n9lbdv3zl2bp/public_html/jayesh.aptsolutions.in/fpdf/fpdf.php on line 1054
[17-Nov-2021 07:49:25 UTC] PHP Deprecated:  Function get_magic_quotes_runtime() is deprecated in /home/n9lbdv3zl2bp/public_html/jayesh.aptsolutions.in/fpdf/fpdf.php on line 1054
[17-Nov-2021 07:49:25 UTC] PHP Deprecated:  Function get_magic_quotes_runtime() is deprecated in /home/n9lbdv3zl2bp/public_html/jayesh.aptsolutions.in/fpdf/fpdf.php on line 1054
[17-Nov-2021 07:49:25 UTC] PHP Deprecated:  Function get_magic_quotes_runtime() is deprecated in /home/n9lbdv3zl2bp/public_html/jayesh.aptsolutions.in/fpdf/fpdf.php on line 1054
[17-Nov-2021 07:49:25 UTC] PHP Deprecated:  Function get_magic_quotes_runtime() is deprecated in /home/n9lbdv3zl2bp/public_html/jayesh.aptsolutions.in/fpdf/fpdf.php on line 1054
[17-Nov-2021 07:49:25 UTC] PHP Deprecated:  Function get_magic_quotes_runtime() is deprecated in /home/n9lbdv3zl2bp/public_html/jayesh.aptsolutions.in/fpdf/fpdf.php on line 1054
[17-Nov-2021 07:49:25 UTC] PHP Deprecated:  Function get_magic_quotes_runtime() is deprecated in /home/n9lbdv3zl2bp/public_html/jayesh.aptsolutions.in/fpdf/fpdf.php on line 1054
[17-Nov-2021 07:49:25 UTC] PHP Deprecated:  Function get_magic_quotes_runtime() is deprecated in /home/n9lbdv3zl2bp/public_html/jayesh.aptsolutions.in/fpdf/fpdf.php on line 1054
[17-Nov-2021 07:49:25 UTC] PHP Deprecated:  Function get_magic_quotes_runtime() is deprecated in /home/n9lbdv3zl2bp/public_html/jayesh.aptsolutions.in/fpdf/fpdf.php on line 1054
[17-Nov-2021 07:49:25 UTC] PHP Deprecated:  Function get_magic_quotes_runtime() is deprecated in /home/n9lbdv3zl2bp/public_html/jayesh.aptsolutions.in/fpdf/fpdf.php on line 1054
[17-Nov-2021 07:49:25 UTC] PHP Deprecated:  Function get_magic_quotes_runtime() is deprecated in /home/n9lbdv3zl2bp/public_html/jayesh.aptsolutions.in/fpdf/fpdf.php on line 1054
[17-Nov-2021 07:49:25 UTC] PHP Deprecated:  Function get_magic_quotes_runtime() is deprecated in /home/n9lbdv3zl2bp/public_html/jayesh.aptsolutions.in/fpdf/fpdf.php on line 1054
[17-Nov-2021 07:49:25 UTC] PHP Deprecated:  Function get_magic_quotes_runtime() is deprecated in /home/n9lbdv3zl2bp/public_html/jayesh.aptsolutions.in/fpdf/fpdf.php on line 1054
[17-Nov-2021 07:49:25 UTC] PHP Deprecated:  Function get_magic_quotes_runtime() is deprecated in /home/n9lbdv3zl2bp/public_html/jayesh.aptsolutions.in/fpdf/fpdf.php on line 1054
[17-Nov-2021 07:49:25 UTC] PHP Deprecated:  Function get_magic_quotes_runtime() is deprecated in /home/n9lbdv3zl2bp/public_html/jayesh.aptsolutions.in/fpdf/fpdf.php on line 1054
[17-Nov-2021 07:49:25 UTC] PHP Deprecated:  Function get_magic_quotes_runtime() is deprecated in /home/n9lbdv3zl2bp/public_html/jayesh.aptsolutions.in/fpdf/fpdf.php on line 1054
[17-Nov-2021 07:49:25 UTC] PHP Deprecated:  Function get_magic_quotes_runtime() is deprecated in /home/n9lbdv3zl2bp/public_html/jayesh.aptsolutions.in/fpdf/fpdf.php on line 1054
[17-Nov-2021 07:49:25 UTC] PHP Deprecated:  Function get_magic_quotes_runtime() is deprecated in /home/n9lbdv3zl2bp/public_html/jayesh.aptsolutions.in/fpdf/fpdf.php on line 1054
[17-Nov-2021 07:49:25 UTC] PHP Deprecated:  Function get_magic_quotes_runtime() is deprecated in /home/n9lbdv3zl2bp/public_html/jayesh.aptsolutions.in/fpdf/fpdf.php on line 1054
[17-Nov-2021 07:49:25 UTC] PHP Deprecated:  Function get_magic_quotes_runtime() is deprecated in /home/n9lbdv3zl2bp/public_html/jayesh.aptsolutions.in/fpdf/fpdf.php on line 1054
[17-Nov-2021 07:49:25 UTC] PHP Deprecated:  Function get_magic_quotes_runtime() is deprecated in /home/n9lbdv3zl2bp/public_html/jayesh.aptsolutions.in/fpdf/fpdf.php on line 1054
[17-Nov-2021 07:49:25 UTC] PHP Deprecated:  Function get_magic_quotes_runtime() is deprecated in /home/n9lbdv3zl2bp/public_html/jayesh.aptsolutions.in/fpdf/fpdf.php on line 1054
[17-Nov-2021 07:49:25 UTC] PHP Deprecated:  Function get_magic_quotes_runtime() is deprecated in /home/n9lbdv3zl2bp/public_html/jayesh.aptsolutions.in/fpdf/fpdf.php on line 1054
[17-Nov-2021 07:49:25 UTC] PHP Deprecated:  Function get_magic_quotes_runtime() is deprecated in /home/n9lbdv3zl2bp/public_html/jayesh.aptsolutions.in/fpdf/fpdf.php on line 1054
[17-Nov-2021 07:49:25 UTC] PHP Deprecated:  Function get_magic_quotes_runtime() is deprecated in /home/n9lbdv3zl2bp/public_html/jayesh.aptsolutions.in/fpdf/fpdf.php on line 1054
[17-Nov-2021 07:49:25 UTC] PHP Deprecated:  Function get_magic_quotes_runtime() is deprecated in /home/n9lbdv3zl2bp/public_html/jayesh.aptsolutions.in/fpdf/fpdf.php on line 1054
[17-Nov-2021 07:49:25 UTC] PHP Deprecated:  Function get_magic_quotes_runtime() is deprecated in /home/n9lbdv3zl2bp/public_html/jayesh.aptsolutions.in/fpdf/fpdf.php on line 1054
[17-Nov-2021 07:49:25 UTC] PHP Deprecated:  Function get_magic_quotes_runtime() is deprecated in /home/n9lbdv3zl2bp/public_html/jayesh.aptsolutions.in/fpdf/fpdf.php on line 1054
[17-Nov-2021 07:49:25 UTC] PHP Deprecated:  Function get_magic_quotes_runtime() is deprecated in /home/n9lbdv3zl2bp/public_html/jayesh.aptsolutions.in/fpdf/fpdf.php on line 1054
[17-Nov-2021 07:49:25 UTC] PHP Deprecated:  Function get_magic_quotes_runtime() is deprecated in /home/n9lbdv3zl2bp/public_html/jayesh.aptsolutions.in/fpdf/fpdf.php on line 1054
[17-Nov-2021 07:49:25 UTC] PHP Deprecated:  Function get_magic_quotes_runtime() is deprecated in /home/n9lbdv3zl2bp/public_html/jayesh.aptsolutions.in/fpdf/fpdf.php on line 1054
[17-Nov-2021 07:49:25 UTC] PHP Deprecated:  Function get_magic_quotes_runtime() is deprecated in /home/n9lbdv3zl2bp/public_html/jayesh.aptsolutions.in/fpdf/fpdf.php on line 1054
[17-Nov-2021 07:49:25 UTC] PHP Deprecated:  Function get_magic_quotes_runtime() is deprecated in /home/n9lbdv3zl2bp/public_html/jayesh.aptsolutions.in/fpdf/fpdf.php on line 1054
[17-Nov-2021 07:49:25 UTC] PHP Deprecated:  Function get_magic_quotes_runtime() is deprecated in /home/n9lbdv3zl2bp/public_html/jayesh.aptsolutions.in/fpdf/fpdf.php on line 1054
[17-Nov-2021 07:49:25 UTC] PHP Deprecated:  Function get_magic_quotes_runtime() is deprecated in /home/n9lbdv3zl2bp/public_html/jayesh.aptsolutions.in/fpdf/fpdf.php on line 1054
[17-Nov-2021 07:49:25 UTC] PHP Deprecated:  Function get_magic_quotes_runtime() is deprecated in /home/n9lbdv3zl2bp/public_html/jayesh.aptsolutions.in/fpdf/fpdf.php on line 1054
[17-Nov-2021 07:49:25 UTC] PHP Deprecated:  Function get_magic_quotes_runtime() is deprecated in /home/n9lbdv3zl2bp/public_html/jayesh.aptsolutions.in/fpdf/fpdf.php on line 1054
[17-Nov-2021 07:49:25 UTC] PHP Deprecated:  Function get_magic_quotes_runtime() is deprecated in /home/n9lbdv3zl2bp/public_html/jayesh.aptsolutions.in/fpdf/fpdf.php on line 1054
[17-Nov-2021 07:49:25 UTC] PHP Deprecated:  Function get_magic_quotes_runtime() is deprecated in /home/n9lbdv3zl2bp/public_html/jayesh.aptsolutions.in/fpdf/fpdf.php on line 1054
[17-Nov-2021 07:49:25 UTC] PHP Deprecated:  Function get_magic_quotes_runtime() is deprecated in /home/n9lbdv3zl2bp/public_html/jayesh.aptsolutions.in/fpdf/fpdf.php on line 1054
[17-Nov-2021 07:49:25 UTC] PHP Deprecated:  Function get_magic_quotes_runtime() is deprecated in /home/n9lbdv3zl2bp/public_html/jayesh.aptsolutions.in/fpdf/fpdf.php on line 1054
[17-Nov-2021 07:49:25 UTC] PHP Deprecated:  Function get_magic_quotes_runtime() is deprecated in /home/n9lbdv3zl2bp/public_html/jayesh.aptsolutions.in/fpdf/fpdf.php on line 1054
[17-Nov-2021 07:49:25 UTC] PHP Deprecated:  Function get_magic_quotes_runtime() is deprecated in /home/n9lbdv3zl2bp/public_html/jayesh.aptsolutions.in/fpdf/fpdf.php on line 1054
[17-Nov-2021 07:49:25 UTC] PHP Deprecated:  Function get_magic_quotes_runtime() is deprecated in /home/n9lbdv3zl2bp/public_html/jayesh.aptsolutions.in/fpdf/fpdf.php on line 1054
[17-Nov-2021 07:49:25 UTC] PHP Deprecated:  Function get_magic_quotes_runtime() is deprecated in /home/n9lbdv3zl2bp/public_html/jayesh.aptsolutions.in/fpdf/fpdf.php on line 1054
[17-Nov-2021 07:49:25 UTC] PHP Deprecated:  Function get_magic_quotes_runtime() is deprecated in /home/n9lbdv3zl2bp/public_html/jayesh.aptsolutions.in/fpdf/fpdf.php on line 1054
[17-Nov-2021 07:49:25 UTC] PHP Deprecated:  Function get_magic_quotes_runtime() is deprecated in /home/n9lbdv3zl2bp/public_html/jayesh.aptsolutions.in/fpdf/fpdf.php on line 1054
[17-Nov-2021 07:49:25 UTC] PHP Deprecated:  Function get_magic_quotes_runtime() is deprecated in /home/n9lbdv3zl2bp/public_html/jayesh.aptsolutions.in/fpdf/fpdf.php on line 1054
[17-Nov-2021 07:49:25 UTC] PHP Deprecated:  Function get_magic_quotes_runtime() is deprecated in /home/n9lbdv3zl2bp/public_html/jayesh.aptsolutions.in/fpdf/fpdf.php on line 1054
[17-Nov-2021 07:49:25 UTC] PHP Deprecated:  Function get_magic_quotes_runtime() is deprecated in /home/n9lbdv3zl2bp/public_html/jayesh.aptsolutions.in/fpdf/fpdf.php on line 1054
[17-Nov-2021 07:49:25 UTC] PHP Deprecated:  Function get_magic_quotes_runtime() is deprecated in /home/n9lbdv3zl2bp/public_html/jayesh.aptsolutions.in/fpdf/fpdf.php on line 1054
[17-Nov-2021 07:49:25 UTC] PHP Deprecated:  Function get_magic_quotes_runtime() is deprecated in /home/n9lbdv3zl2bp/public_html/jayesh.aptsolutions.in/fpdf/fpdf.php on line 1054
[17-Nov-2021 07:49:25 UTC] PHP Deprecated:  Function get_magic_quotes_runtime() is deprecated in /home/n9lbdv3zl2bp/public_html/jayesh.aptsolutions.in/fpdf/fpdf.php on line 1054
[17-Nov-2021 07:49:25 UTC] PHP Deprecated:  Function get_magic_quotes_runtime() is deprecated in /home/n9lbdv3zl2bp/public_html/jayesh.aptsolutions.in/fpdf/fpdf.php on line 1054
[17-Nov-2021 07:49:25 UTC] PHP Deprecated:  Function get_magic_quotes_runtime() is deprecated in /home/n9lbdv3zl2bp/public_html/jayesh.aptsolutions.in/fpdf/fpdf.php on line 1054
[17-Nov-2021 07:49:25 UTC] PHP Deprecated:  Function get_magic_quotes_runtime() is deprecated in /home/n9lbdv3zl2bp/public_html/jayesh.aptsolutions.in/fpdf/fpdf.php on line 1054
[17-Nov-2021 07:49:25 UTC] PHP Deprecated:  Function get_magic_quotes_runtime() is deprecated in /home/n9lbdv3zl2bp/public_html/jayesh.aptsolutions.in/fpdf/fpdf.php on line 1054
[17-Nov-2021 07:49:25 UTC] PHP Deprecated:  Function get_magic_quotes_runtime() is deprecated in /home/n9lbdv3zl2bp/public_html/jayesh.aptsolutions.in/fpdf/fpdf.php on line 1054
[17-Nov-2021 07:49:25 UTC] PHP Deprecated:  Function get_magic_quotes_runtime() is deprecated in /home/n9lbdv3zl2bp/public_html/jayesh.aptsolutions.in/fpdf/fpdf.php on line 1054
[17-Nov-2021 07:49:25 UTC] PHP Deprecated:  Function get_magic_quotes_runtime() is deprecated in /home/n9lbdv3zl2bp/public_html/jayesh.aptsolutions.in/fpdf/fpdf.php on line 1054
[17-Nov-2021 07:49:25 UTC] PHP Deprecated:  Function get_magic_quotes_runtime() is deprecated in /home/n9lbdv3zl2bp/public_html/jayesh.aptsolutions.in/fpdf/fpdf.php on line 1054
[17-Nov-2021 07:49:25 UTC] PHP Deprecated:  Function get_magic_quotes_runtime() is deprecated in /home/n9lbdv3zl2bp/public_html/jayesh.aptsolutions.in/fpdf/fpdf.php on line 1054
[17-Nov-2021 07:49:25 UTC] PHP Deprecated:  Function get_magic_quotes_runtime() is deprecated in /home/n9lbdv3zl2bp/public_html/jayesh.aptsolutions.in/fpdf/fpdf.php on line 1054
[17-Nov-2021 07:49:25 UTC] PHP Deprecated:  Function get_magic_quotes_runtime() is deprecated in /home/n9lbdv3zl2bp/public_html/jayesh.aptsolutions.in/fpdf/fpdf.php on line 1054
[17-Nov-2021 07:49:25 UTC] PHP Deprecated:  Function get_magic_quotes_runtime() is deprecated in /home/n9lbdv3zl2bp/public_html/jayesh.aptsolutions.in/fpdf/fpdf.php on line 1054
[17-Nov-2021 07:52:58 UTC] PHP Deprecated:  Function get_magic_quotes_runtime() is deprecated in /home/n9lbdv3zl2bp/public_html/jayesh.aptsolutions.in/fpdf/fpdf.php on line 1054
[17-Nov-2021 07:52:58 UTC] PHP Deprecated:  Function get_magic_quotes_runtime() is deprecated in /home/n9lbdv3zl2bp/public_html/jayesh.aptsolutions.in/fpdf/fpdf.php on line 1054
[17-Nov-2021 07:52:58 UTC] PHP Deprecated:  Function get_magic_quotes_runtime() is deprecated in /home/n9lbdv3zl2bp/public_html/jayesh.aptsolutions.in/fpdf/fpdf.php on line 1054
[17-Nov-2021 07:52:58 UTC] PHP Deprecated:  Function get_magic_quotes_runtime() is deprecated in /home/n9lbdv3zl2bp/public_html/jayesh.aptsolutions.in/fpdf/fpdf.php on line 1054
[17-Nov-2021 07:52:58 UTC] PHP Deprecated:  Function get_magic_quotes_runtime() is deprecated in /home/n9lbdv3zl2bp/public_html/jayesh.aptsolutions.in/fpdf/fpdf.php on line 1054
[17-Nov-2021 07:52:58 UTC] PHP Deprecated:  Function get_magic_quotes_runtime() is deprecated in /home/n9lbdv3zl2bp/public_html/jayesh.aptsolutions.in/fpdf/fpdf.php on line 1054
[17-Nov-2021 07:52:58 UTC] PHP Deprecated:  Function get_magic_quotes_runtime() is deprecated in /home/n9lbdv3zl2bp/public_html/jayesh.aptsolutions.in/fpdf/fpdf.php on line 1054
[17-Nov-2021 07:52:59 UTC] PHP Deprecated:  Function get_magic_quotes_runtime() is deprecated in /home/n9lbdv3zl2bp/public_html/jayesh.aptsolutions.in/fpdf/fpdf.php on line 1054
[17-Nov-2021 07:52:59 UTC] PHP Deprecated:  Function get_magic_quotes_runtime() is deprecated in /home/n9lbdv3zl2bp/public_html/jayesh.aptsolutions.in/fpdf/fpdf.php on line 1054
[17-Nov-2021 07:52:59 UTC] PHP Deprecated:  Function get_magic_quotes_runtime() is deprecated in /home/n9lbdv3zl2bp/public_html/jayesh.aptsolutions.in/fpdf/fpdf.php on line 1054
[17-Nov-2021 07:52:59 UTC] PHP Deprecated:  Function get_magic_quotes_runtime() is deprecated in /home/n9lbdv3zl2bp/public_html/jayesh.aptsolutions.in/fpdf/fpdf.php on line 1054
[17-Nov-2021 07:52:59 UTC] PHP Deprecated:  Function get_magic_quotes_runtime() is deprecated in /home/n9lbdv3zl2bp/public_html/jayesh.aptsolutions.in/fpdf/fpdf.php on line 1054
[17-Nov-2021 07:52:59 UTC] PHP Deprecated:  Function get_magic_quotes_runtime() is deprecated in /home/n9lbdv3zl2bp/public_html/jayesh.aptsolutions.in/fpdf/fpdf.php on line 1054
[17-Nov-2021 07:52:59 UTC] PHP Deprecated:  Function get_magic_quotes_runtime() is deprecated in /home/n9lbdv3zl2bp/public_html/jayesh.aptsolutions.in/fpdf/fpdf.php on line 1054
[17-Nov-2021 07:52:59 UTC] PHP Deprecated:  Function get_magic_quotes_runtime() is deprecated in /home/n9lbdv3zl2bp/public_html/jayesh.aptsolutions.in/fpdf/fpdf.php on line 1054
[17-Nov-2021 07:52:59 UTC] PHP Deprecated:  Function get_magic_quotes_runtime() is deprecated in /home/n9lbdv3zl2bp/public_html/jayesh.aptsolutions.in/fpdf/fpdf.php on line 1054
[17-Nov-2021 07:52:59 UTC] PHP Deprecated:  Function get_magic_quotes_runtime() is deprecated in /home/n9lbdv3zl2bp/public_html/jayesh.aptsolutions.in/fpdf/fpdf.php on line 1054
[17-Nov-2021 07:52:59 UTC] PHP Deprecated:  Function get_magic_quotes_runtime() is deprecated in /home/n9lbdv3zl2bp/public_html/jayesh.aptsolutions.in/fpdf/fpdf.php on line 1054
[17-Nov-2021 07:52:59 UTC] PHP Deprecated:  Function get_magic_quotes_runtime() is deprecated in /home/n9lbdv3zl2bp/public_html/jayesh.aptsolutions.in/fpdf/fpdf.php on line 1054
[17-Nov-2021 07:52:59 UTC] PHP Deprecated:  Function get_magic_quotes_runtime() is deprecated in /home/n9lbdv3zl2bp/public_html/jayesh.aptsolutions.in/fpdf/fpdf.php on line 1054
[17-Nov-2021 07:52:59 UTC] PHP Deprecated:  Function get_magic_quotes_runtime() is deprecated in /home/n9lbdv3zl2bp/public_html/jayesh.aptsolutions.in/fpdf/fpdf.php on line 1054
[17-Nov-2021 07:52:59 UTC] PHP Deprecated:  Function get_magic_quotes_runtime() is deprecated in /home/n9lbdv3zl2bp/public_html/jayesh.aptsolutions.in/fpdf/fpdf.php on line 1054
[17-Nov-2021 07:52:59 UTC] PHP Deprecated:  Function get_magic_quotes_runtime() is deprecated in /home/n9lbdv3zl2bp/public_html/jayesh.aptsolutions.in/fpdf/fpdf.php on line 1054
[17-Nov-2021 07:52:59 UTC] PHP Deprecated:  Function get_magic_quotes_runtime() is deprecated in /home/n9lbdv3zl2bp/public_html/jayesh.aptsolutions.in/fpdf/fpdf.php on line 1054
[17-Nov-2021 07:52:59 UTC] PHP Deprecated:  Function get_magic_quotes_runtime() is deprecated in /home/n9lbdv3zl2bp/public_html/jayesh.aptsolutions.in/fpdf/fpdf.php on line 1054
[17-Nov-2021 07:52:59 UTC] PHP Deprecated:  Function get_magic_quotes_runtime() is deprecated in /home/n9lbdv3zl2bp/public_html/jayesh.aptsolutions.in/fpdf/fpdf.php on line 1054
[17-Nov-2021 07:52:59 UTC] PHP Deprecated:  Function get_magic_quotes_runtime() is deprecated in /home/n9lbdv3zl2bp/public_html/jayesh.aptsolutions.in/fpdf/fpdf.php on line 1054
[17-Nov-2021 07:52:59 UTC] PHP Deprecated:  Function get_magic_quotes_runtime() is deprecated in /home/n9lbdv3zl2bp/public_html/jayesh.aptsolutions.in/fpdf/fpdf.php on line 1054
[17-Nov-2021 07:52:59 UTC] PHP Deprecated:  Function get_magic_quotes_runtime() is deprecated in /home/n9lbdv3zl2bp/public_html/jayesh.aptsolutions.in/fpdf/fpdf.php on line 1054
[17-Nov-2021 07:52:59 UTC] PHP Deprecated:  Function get_magic_quotes_runtime() is deprecated in /home/n9lbdv3zl2bp/public_html/jayesh.aptsolutions.in/fpdf/fpdf.php on line 1054
[17-Nov-2021 07:52:59 UTC] PHP Deprecated:  Function get_magic_quotes_runtime() is deprecated in /home/n9lbdv3zl2bp/public_html/jayesh.aptsolutions.in/fpdf/fpdf.php on line 1054
[17-Nov-2021 07:52:59 UTC] PHP Deprecated:  Function get_magic_quotes_runtime() is deprecated in /home/n9lbdv3zl2bp/public_html/jayesh.aptsolutions.in/fpdf/fpdf.php on line 1054
[17-Nov-2021 07:52:59 UTC] PHP Deprecated:  Function get_magic_quotes_runtime() is deprecated in /home/n9lbdv3zl2bp/public_html/jayesh.aptsolutions.in/fpdf/fpdf.php on line 1054
[17-Nov-2021 07:52:59 UTC] PHP Deprecated:  Function get_magic_quotes_runtime() is deprecated in /home/n9lbdv3zl2bp/public_html/jayesh.aptsolutions.in/fpdf/fpdf.php on line 1054
[17-Nov-2021 07:52:59 UTC] PHP Deprecated:  Function get_magic_quotes_runtime() is deprecated in /home/n9lbdv3zl2bp/public_html/jayesh.aptsolutions.in/fpdf/fpdf.php on line 1054
[17-Nov-2021 07:52:59 UTC] PHP Deprecated:  Function get_magic_quotes_runtime() is deprecated in /home/n9lbdv3zl2bp/public_html/jayesh.aptsolutions.in/fpdf/fpdf.php on line 1054
[17-Nov-2021 07:52:59 UTC] PHP Deprecated:  Function get_magic_quotes_runtime() is deprecated in /home/n9lbdv3zl2bp/public_html/jayesh.aptsolutions.in/fpdf/fpdf.php on line 1054
[17-Nov-2021 07:52:59 UTC] PHP Deprecated:  Function get_magic_quotes_runtime() is deprecated in /home/n9lbdv3zl2bp/public_html/jayesh.aptsolutions.in/fpdf/fpdf.php on line 1054
[17-Nov-2021 07:52:59 UTC] PHP Deprecated:  Function get_magic_quotes_runtime() is deprecated in /home/n9lbdv3zl2bp/public_html/jayesh.aptsolutions.in/fpdf/fpdf.php on line 1054
[17-Nov-2021 07:52:59 UTC] PHP Deprecated:  Function get_magic_quotes_runtime() is deprecated in /home/n9lbdv3zl2bp/public_html/jayesh.aptsolutions.in/fpdf/fpdf.php on line 1054
[17-Nov-2021 07:52:59 UTC] PHP Deprecated:  Function get_magic_quotes_runtime() is deprecated in /home/n9lbdv3zl2bp/public_html/jayesh.aptsolutions.in/fpdf/fpdf.php on line 1054
[17-Nov-2021 07:52:59 UTC] PHP Deprecated:  Function get_magic_quotes_runtime() is deprecated in /home/n9lbdv3zl2bp/public_html/jayesh.aptsolutions.in/fpdf/fpdf.php on line 1054
[17-Nov-2021 07:52:59 UTC] PHP Deprecated:  Function get_magic_quotes_runtime() is deprecated in /home/n9lbdv3zl2bp/public_html/jayesh.aptsolutions.in/fpdf/fpdf.php on line 1054
[17-Nov-2021 07:52:59 UTC] PHP Deprecated:  Function get_magic_quotes_runtime() is deprecated in /home/n9lbdv3zl2bp/public_html/jayesh.aptsolutions.in/fpdf/fpdf.php on line 1054
[17-Nov-2021 07:52:59 UTC] PHP Deprecated:  Function get_magic_quotes_runtime() is deprecated in /home/n9lbdv3zl2bp/public_html/jayesh.aptsolutions.in/fpdf/fpdf.php on line 1054
[17-Nov-2021 07:52:59 UTC] PHP Deprecated:  Function get_magic_quotes_runtime() is deprecated in /home/n9lbdv3zl2bp/public_html/jayesh.aptsolutions.in/fpdf/fpdf.php on line 1054
[17-Nov-2021 07:52:59 UTC] PHP Deprecated:  Function get_magic_quotes_runtime() is deprecated in /home/n9lbdv3zl2bp/public_html/jayesh.aptsolutions.in/fpdf/fpdf.php on line 1054
[17-Nov-2021 07:52:59 UTC] PHP Deprecated:  Function get_magic_quotes_runtime() is deprecated in /home/n9lbdv3zl2bp/public_html/jayesh.aptsolutions.in/fpdf/fpdf.php on line 1054
[17-Nov-2021 07:52:59 UTC] PHP Deprecated:  Function get_magic_quotes_runtime() is deprecated in /home/n9lbdv3zl2bp/public_html/jayesh.aptsolutions.in/fpdf/fpdf.php on line 1054
[17-Nov-2021 07:52:59 UTC] PHP Deprecated:  Function get_magic_quotes_runtime() is deprecated in /home/n9lbdv3zl2bp/public_html/jayesh.aptsolutions.in/fpdf/fpdf.php on line 1054
[17-Nov-2021 07:52:59 UTC] PHP Deprecated:  Function get_magic_quotes_runtime() is deprecated in /home/n9lbdv3zl2bp/public_html/jayesh.aptsolutions.in/fpdf/fpdf.php on line 1054
[17-Nov-2021 07:52:59 UTC] PHP Deprecated:  Function get_magic_quotes_runtime() is deprecated in /home/n9lbdv3zl2bp/public_html/jayesh.aptsolutions.in/fpdf/fpdf.php on line 1054
[17-Nov-2021 07:52:59 UTC] PHP Deprecated:  Function get_magic_quotes_runtime() is deprecated in /home/n9lbdv3zl2bp/public_html/jayesh.aptsolutions.in/fpdf/fpdf.php on line 1054
[17-Nov-2021 07:52:59 UTC] PHP Deprecated:  Function get_magic_quotes_runtime() is deprecated in /home/n9lbdv3zl2bp/public_html/jayesh.aptsolutions.in/fpdf/fpdf.php on line 1054
[17-Nov-2021 07:52:59 UTC] PHP Deprecated:  Function get_magic_quotes_runtime() is deprecated in /home/n9lbdv3zl2bp/public_html/jayesh.aptsolutions.in/fpdf/fpdf.php on line 1054
[17-Nov-2021 07:52:59 UTC] PHP Deprecated:  Function get_magic_quotes_runtime() is deprecated in /home/n9lbdv3zl2bp/public_html/jayesh.aptsolutions.in/fpdf/fpdf.php on line 1054
[17-Nov-2021 07:52:59 UTC] PHP Deprecated:  Function get_magic_quotes_runtime() is deprecated in /home/n9lbdv3zl2bp/public_html/jayesh.aptsolutions.in/fpdf/fpdf.php on line 1054
[17-Nov-2021 07:52:59 UTC] PHP Deprecated:  Function get_magic_quotes_runtime() is deprecated in /home/n9lbdv3zl2bp/public_html/jayesh.aptsolutions.in/fpdf/fpdf.php on line 1054
[17-Nov-2021 07:52:59 UTC] PHP Deprecated:  Function get_magic_quotes_runtime() is deprecated in /home/n9lbdv3zl2bp/public_html/jayesh.aptsolutions.in/fpdf/fpdf.php on line 1054
[17-Nov-2021 07:52:59 UTC] PHP Deprecated:  Function get_magic_quotes_runtime() is deprecated in /home/n9lbdv3zl2bp/public_html/jayesh.aptsolutions.in/fpdf/fpdf.php on line 1054
[17-Nov-2021 07:52:59 UTC] PHP Deprecated:  Function get_magic_quotes_runtime() is deprecated in /home/n9lbdv3zl2bp/public_html/jayesh.aptsolutions.in/fpdf/fpdf.php on line 1054
[17-Nov-2021 07:52:59 UTC] PHP Deprecated:  Function get_magic_quotes_runtime() is deprecated in /home/n9lbdv3zl2bp/public_html/jayesh.aptsolutions.in/fpdf/fpdf.php on line 1054
[17-Nov-2021 07:52:59 UTC] PHP Deprecated:  Function get_magic_quotes_runtime() is deprecated in /home/n9lbdv3zl2bp/public_html/jayesh.aptsolutions.in/fpdf/fpdf.php on line 1054
[17-Nov-2021 07:52:59 UTC] PHP Deprecated:  Function get_magic_quotes_runtime() is deprecated in /home/n9lbdv3zl2bp/public_html/jayesh.aptsolutions.in/fpdf/fpdf.php on line 1054
[17-Nov-2021 07:52:59 UTC] PHP Deprecated:  Function get_magic_quotes_runtime() is deprecated in /home/n9lbdv3zl2bp/public_html/jayesh.aptsolutions.in/fpdf/fpdf.php on line 1054
[17-Nov-2021 07:52:59 UTC] PHP Deprecated:  Function get_magic_quotes_runtime() is deprecated in /home/n9lbdv3zl2bp/public_html/jayesh.aptsolutions.in/fpdf/fpdf.php on line 1054
[17-Nov-2021 07:52:59 UTC] PHP Deprecated:  Function get_magic_quotes_runtime() is deprecated in /home/n9lbdv3zl2bp/public_html/jayesh.aptsolutions.in/fpdf/fpdf.php on line 1054
[17-Nov-2021 07:52:59 UTC] PHP Deprecated:  Function get_magic_quotes_runtime() is deprecated in /home/n9lbdv3zl2bp/public_html/jayesh.aptsolutions.in/fpdf/fpdf.php on line 1054
[17-Nov-2021 07:52:59 UTC] PHP Deprecated:  Function get_magic_quotes_runtime() is deprecated in /home/n9lbdv3zl2bp/public_html/jayesh.aptsolutions.in/fpdf/fpdf.php on line 1054
[17-Nov-2021 07:52:59 UTC] PHP Deprecated:  Function get_magic_quotes_runtime() is deprecated in /home/n9lbdv3zl2bp/public_html/jayesh.aptsolutions.in/fpdf/fpdf.php on line 1054
[17-Nov-2021 07:52:59 UTC] PHP Deprecated:  Function get_magic_quotes_runtime() is deprecated in /home/n9lbdv3zl2bp/public_html/jayesh.aptsolutions.in/fpdf/fpdf.php on line 1054
[17-Nov-2021 07:52:59 UTC] PHP Deprecated:  Function get_magic_quotes_runtime() is deprecated in /home/n9lbdv3zl2bp/public_html/jayesh.aptsolutions.in/fpdf/fpdf.php on line 1054
[17-Nov-2021 07:52:59 UTC] PHP Deprecated:  Function get_magic_quotes_runtime() is deprecated in /home/n9lbdv3zl2bp/public_html/jayesh.aptsolutions.in/fpdf/fpdf.php on line 1054
[17-Nov-2021 08:00:34 UTC] PHP Deprecated:  Function get_magic_quotes_runtime() is deprecated in /home/n9lbdv3zl2bp/public_html/jayesh.aptsolutions.in/fpdf/fpdf.php on line 1054
[17-Nov-2021 08:00:34 UTC] PHP Deprecated:  Function get_magic_quotes_runtime() is deprecated in /home/n9lbdv3zl2bp/public_html/jayesh.aptsolutions.in/fpdf/fpdf.php on line 1054
[17-Nov-2021 08:00:34 UTC] PHP Deprecated:  Function get_magic_quotes_runtime() is deprecated in /home/n9lbdv3zl2bp/public_html/jayesh.aptsolutions.in/fpdf/fpdf.php on line 1054
[17-Nov-2021 08:00:34 UTC] PHP Deprecated:  Function get_magic_quotes_runtime() is deprecated in /home/n9lbdv3zl2bp/public_html/jayesh.aptsolutions.in/fpdf/fpdf.php on line 1054
[17-Nov-2021 08:00:34 UTC] PHP Deprecated:  Function get_magic_quotes_runtime() is deprecated in /home/n9lbdv3zl2bp/public_html/jayesh.aptsolutions.in/fpdf/fpdf.php on line 1054
[17-Nov-2021 08:00:34 UTC] PHP Deprecated:  Function get_magic_quotes_runtime() is deprecated in /home/n9lbdv3zl2bp/public_html/jayesh.aptsolutions.in/fpdf/fpdf.php on line 1054
[17-Nov-2021 08:00:34 UTC] PHP Deprecated:  Function get_magic_quotes_runtime() is deprecated in /home/n9lbdv3zl2bp/public_html/jayesh.aptsolutions.in/fpdf/fpdf.php on line 1054
[17-Nov-2021 08:00:34 UTC] PHP Deprecated:  Function get_magic_quotes_runtime() is deprecated in /home/n9lbdv3zl2bp/public_html/jayesh.aptsolutions.in/fpdf/fpdf.php on line 1054
[17-Nov-2021 08:00:34 UTC] PHP Deprecated:  Function get_magic_quotes_runtime() is deprecated in /home/n9lbdv3zl2bp/public_html/jayesh.aptsolutions.in/fpdf/fpdf.php on line 1054
[17-Nov-2021 08:00:34 UTC] PHP Deprecated:  Function get_magic_quotes_runtime() is deprecated in /home/n9lbdv3zl2bp/public_html/jayesh.aptsolutions.in/fpdf/fpdf.php on line 1054
[17-Nov-2021 08:00:34 UTC] PHP Deprecated:  Function get_magic_quotes_runtime() is deprecated in /home/n9lbdv3zl2bp/public_html/jayesh.aptsolutions.in/fpdf/fpdf.php on line 1054
[17-Nov-2021 08:00:34 UTC] PHP Deprecated:  Function get_magic_quotes_runtime() is deprecated in /home/n9lbdv3zl2bp/public_html/jayesh.aptsolutions.in/fpdf/fpdf.php on line 1054
[17-Nov-2021 08:00:34 UTC] PHP Deprecated:  Function get_magic_quotes_runtime() is deprecated in /home/n9lbdv3zl2bp/public_html/jayesh.aptsolutions.in/fpdf/fpdf.php on line 1054
[17-Nov-2021 08:00:34 UTC] PHP Deprecated:  Function get_magic_quotes_runtime() is deprecated in /home/n9lbdv3zl2bp/public_html/jayesh.aptsolutions.in/fpdf/fpdf.php on line 1054
[17-Nov-2021 08:00:34 UTC] PHP Deprecated:  Function get_magic_quotes_runtime() is deprecated in /home/n9lbdv3zl2bp/public_html/jayesh.aptsolutions.in/fpdf/fpdf.php on line 1054
[17-Nov-2021 08:00:35 UTC] PHP Deprecated:  Function get_magic_quotes_runtime() is deprecated in /home/n9lbdv3zl2bp/public_html/jayesh.aptsolutions.in/fpdf/fpdf.php on line 1054
[17-Nov-2021 08:00:35 UTC] PHP Deprecated:  Function get_magic_quotes_runtime() is deprecated in /home/n9lbdv3zl2bp/public_html/jayesh.aptsolutions.in/fpdf/fpdf.php on line 1054
[17-Nov-2021 08:00:35 UTC] PHP Deprecated:  Function get_magic_quotes_runtime() is deprecated in /home/n9lbdv3zl2bp/public_html/jayesh.aptsolutions.in/fpdf/fpdf.php on line 1054
[17-Nov-2021 08:00:35 UTC] PHP Deprecated:  Function get_magic_quotes_runtime() is deprecated in /home/n9lbdv3zl2bp/public_html/jayesh.aptsolutions.in/fpdf/fpdf.php on line 1054
[17-Nov-2021 08:00:35 UTC] PHP Deprecated:  Function get_magic_quotes_runtime() is deprecated in /home/n9lbdv3zl2bp/public_html/jayesh.aptsolutions.in/fpdf/fpdf.php on line 1054
[17-Nov-2021 08:00:35 UTC] PHP Deprecated:  Function get_magic_quotes_runtime() is deprecated in /home/n9lbdv3zl2bp/public_html/jayesh.aptsolutions.in/fpdf/fpdf.php on line 1054
[17-Nov-2021 08:00:35 UTC] PHP Deprecated:  Function get_magic_quotes_runtime() is deprecated in /home/n9lbdv3zl2bp/public_html/jayesh.aptsolutions.in/fpdf/fpdf.php on line 1054
[17-Nov-2021 08:00:35 UTC] PHP Deprecated:  Function get_magic_quotes_runtime() is deprecated in /home/n9lbdv3zl2bp/public_html/jayesh.aptsolutions.in/fpdf/fpdf.php on line 1054
[17-Nov-2021 08:00:35 UTC] PHP Deprecated:  Function get_magic_quotes_runtime() is deprecated in /home/n9lbdv3zl2bp/public_html/jayesh.aptsolutions.in/fpdf/fpdf.php on line 1054
[17-Nov-2021 08:00:35 UTC] PHP Deprecated:  Function get_magic_quotes_runtime() is deprecated in /home/n9lbdv3zl2bp/public_html/jayesh.aptsolutions.in/fpdf/fpdf.php on line 1054
[17-Nov-2021 08:00:35 UTC] PHP Deprecated:  Function get_magic_quotes_runtime() is deprecated in /home/n9lbdv3zl2bp/public_html/jayesh.aptsolutions.in/fpdf/fpdf.php on line 1054
[17-Nov-2021 08:00:35 UTC] PHP Deprecated:  Function get_magic_quotes_runtime() is deprecated in /home/n9lbdv3zl2bp/public_html/jayesh.aptsolutions.in/fpdf/fpdf.php on line 1054
[17-Nov-2021 08:00:37 UTC] PHP Deprecated:  Function get_magic_quotes_runtime() is deprecated in /home/n9lbdv3zl2bp/public_html/jayesh.aptsolutions.in/fpdf/fpdf.php on line 1054
[17-Nov-2021 08:00:37 UTC] PHP Deprecated:  Function get_magic_quotes_runtime() is deprecated in /home/n9lbdv3zl2bp/public_html/jayesh.aptsolutions.in/fpdf/fpdf.php on line 1054
[17-Nov-2021 08:00:37 UTC] PHP Deprecated:  Function get_magic_quotes_runtime() is deprecated in /home/n9lbdv3zl2bp/public_html/jayesh.aptsolutions.in/fpdf/fpdf.php on line 1054
[17-Nov-2021 08:00:37 UTC] PHP Deprecated:  Function get_magic_quotes_runtime() is deprecated in /home/n9lbdv3zl2bp/public_html/jayesh.aptsolutions.in/fpdf/fpdf.php on line 1054
[17-Nov-2021 08:00:37 UTC] PHP Deprecated:  Function get_magic_quotes_runtime() is deprecated in /home/n9lbdv3zl2bp/public_html/jayesh.aptsolutions.in/fpdf/fpdf.php on line 1054
[17-Nov-2021 08:00:37 UTC] PHP Deprecated:  Function get_magic_quotes_runtime() is deprecated in /home/n9lbdv3zl2bp/public_html/jayesh.aptsolutions.in/fpdf/fpdf.php on line 1054
[17-Nov-2021 08:00:37 UTC] PHP Deprecated:  Function get_magic_quotes_runtime() is deprecated in /home/n9lbdv3zl2bp/public_html/jayesh.aptsolutions.in/fpdf/fpdf.php on line 1054
[17-Nov-2021 08:00:37 UTC] PHP Deprecated:  Function get_magic_quotes_runtime() is deprecated in /home/n9lbdv3zl2bp/public_html/jayesh.aptsolutions.in/fpdf/fpdf.php on line 1054
[17-Nov-2021 08:00:37 UTC] PHP Deprecated:  Function get_magic_quotes_runtime() is deprecated in /home/n9lbdv3zl2bp/public_html/jayesh.aptsolutions.in/fpdf/fpdf.php on line 1054
[17-Nov-2021 08:00:37 UTC] PHP Deprecated:  Function get_magic_quotes_runtime() is deprecated in /home/n9lbdv3zl2bp/public_html/jayesh.aptsolutions.in/fpdf/fpdf.php on line 1054
[17-Nov-2021 08:00:37 UTC] PHP Deprecated:  Function get_magic_quotes_runtime() is deprecated in /home/n9lbdv3zl2bp/public_html/jayesh.aptsolutions.in/fpdf/fpdf.php on line 1054
[17-Nov-2021 08:00:37 UTC] PHP Deprecated:  Function get_magic_quotes_runtime() is deprecated in /home/n9lbdv3zl2bp/public_html/jayesh.aptsolutions.in/fpdf/fpdf.php on line 1054
[17-Nov-2021 08:00:37 UTC] PHP Deprecated:  Function get_magic_quotes_runtime() is deprecated in /home/n9lbdv3zl2bp/public_html/jayesh.aptsolutions.in/fpdf/fpdf.php on line 1054
[17-Nov-2021 08:00:37 UTC] PHP Deprecated:  Function get_magic_quotes_runtime() is deprecated in /home/n9lbdv3zl2bp/public_html/jayesh.aptsolutions.in/fpdf/fpdf.php on line 1054
[17-Nov-2021 08:00:37 UTC] PHP Deprecated:  Function get_magic_quotes_runtime() is deprecated in /home/n9lbdv3zl2bp/public_html/jayesh.aptsolutions.in/fpdf/fpdf.php on line 1054
[17-Nov-2021 08:00:37 UTC] PHP Deprecated:  Function get_magic_quotes_runtime() is deprecated in /home/n9lbdv3zl2bp/public_html/jayesh.aptsolutions.in/fpdf/fpdf.php on line 1054
[17-Nov-2021 08:00:37 UTC] PHP Deprecated:  Function get_magic_quotes_runtime() is deprecated in /home/n9lbdv3zl2bp/public_html/jayesh.aptsolutions.in/fpdf/fpdf.php on line 1054
[17-Nov-2021 08:00:37 UTC] PHP Deprecated:  Function get_magic_quotes_runtime() is deprecated in /home/n9lbdv3zl2bp/public_html/jayesh.aptsolutions.in/fpdf/fpdf.php on line 1054
[17-Nov-2021 08:00:37 UTC] PHP Deprecated:  Function get_magic_quotes_runtime() is deprecated in /home/n9lbdv3zl2bp/public_html/jayesh.aptsolutions.in/fpdf/fpdf.php on line 1054
[17-Nov-2021 08:00:37 UTC] PHP Deprecated:  Function get_magic_quotes_runtime() is deprecated in /home/n9lbdv3zl2bp/public_html/jayesh.aptsolutions.in/fpdf/fpdf.php on line 1054
[17-Nov-2021 08:00:37 UTC] PHP Deprecated:  Function get_magic_quotes_runtime() is deprecated in /home/n9lbdv3zl2bp/public_html/jayesh.aptsolutions.in/fpdf/fpdf.php on line 1054
[17-Nov-2021 08:00:37 UTC] PHP Deprecated:  Function get_magic_quotes_runtime() is deprecated in /home/n9lbdv3zl2bp/public_html/jayesh.aptsolutions.in/fpdf/fpdf.php on line 1054
[17-Nov-2021 08:00:37 UTC] PHP Deprecated:  Function get_magic_quotes_runtime() is deprecated in /home/n9lbdv3zl2bp/public_html/jayesh.aptsolutions.in/fpdf/fpdf.php on line 1054
[17-Nov-2021 08:00:37 UTC] PHP Deprecated:  Function get_magic_quotes_runtime() is deprecated in /home/n9lbdv3zl2bp/public_html/jayesh.aptsolutions.in/fpdf/fpdf.php on line 1054
[17-Nov-2021 08:00:37 UTC] PHP Deprecated:  Function get_magic_quotes_runtime() is deprecated in /home/n9lbdv3zl2bp/public_html/jayesh.aptsolutions.in/fpdf/fpdf.php on line 1054
[17-Nov-2021 08:00:37 UTC] PHP Deprecated:  Function get_magic_quotes_runtime() is deprecated in /home/n9lbdv3zl2bp/public_html/jayesh.aptsolutions.in/fpdf/fpdf.php on line 1054
[17-Nov-2021 08:00:37 UTC] PHP Deprecated:  Function get_magic_quotes_runtime() is deprecated in /home/n9lbdv3zl2bp/public_html/jayesh.aptsolutions.in/fpdf/fpdf.php on line 1054
[17-Nov-2021 08:00:37 UTC] PHP Deprecated:  Function get_magic_quotes_runtime() is deprecated in /home/n9lbdv3zl2bp/public_html/jayesh.aptsolutions.in/fpdf/fpdf.php on line 1054
[17-Nov-2021 08:00:37 UTC] PHP Deprecated:  Function get_magic_quotes_runtime() is deprecated in /home/n9lbdv3zl2bp/public_html/jayesh.aptsolutions.in/fpdf/fpdf.php on line 1054
[17-Nov-2021 08:00:37 UTC] PHP Deprecated:  Function get_magic_quotes_runtime() is deprecated in /home/n9lbdv3zl2bp/public_html/jayesh.aptsolutions.in/fpdf/fpdf.php on line 1054
[17-Nov-2021 08:00:37 UTC] PHP Deprecated:  Function get_magic_quotes_runtime() is deprecated in /home/n9lbdv3zl2bp/public_html/jayesh.aptsolutions.in/fpdf/fpdf.php on line 1054
[17-Nov-2021 08:00:37 UTC] PHP Deprecated:  Function get_magic_quotes_runtime() is deprecated in /home/n9lbdv3zl2bp/public_html/jayesh.aptsolutions.in/fpdf/fpdf.php on line 1054
[17-Nov-2021 08:00:37 UTC] PHP Deprecated:  Function get_magic_quotes_runtime() is deprecated in /home/n9lbdv3zl2bp/public_html/jayesh.aptsolutions.in/fpdf/fpdf.php on line 1054
[17-Nov-2021 08:00:37 UTC] PHP Deprecated:  Function get_magic_quotes_runtime() is deprecated in /home/n9lbdv3zl2bp/public_html/jayesh.aptsolutions.in/fpdf/fpdf.php on line 1054
[17-Nov-2021 08:00:37 UTC] PHP Deprecated:  Function get_magic_quotes_runtime() is deprecated in /home/n9lbdv3zl2bp/public_html/jayesh.aptsolutions.in/fpdf/fpdf.php on line 1054
[17-Nov-2021 08:00:37 UTC] PHP Deprecated:  Function get_magic_quotes_runtime() is deprecated in /home/n9lbdv3zl2bp/public_html/jayesh.aptsolutions.in/fpdf/fpdf.php on line 1054
[17-Nov-2021 08:00:37 UTC] PHP Deprecated:  Function get_magic_quotes_runtime() is deprecated in /home/n9lbdv3zl2bp/public_html/jayesh.aptsolutions.in/fpdf/fpdf.php on line 1054
[17-Nov-2021 08:00:37 UTC] PHP Deprecated:  Function get_magic_quotes_runtime() is deprecated in /home/n9lbdv3zl2bp/public_html/jayesh.aptsolutions.in/fpdf/fpdf.php on line 1054
[17-Nov-2021 08:00:37 UTC] PHP Deprecated:  Function get_magic_quotes_runtime() is deprecated in /home/n9lbdv3zl2bp/public_html/jayesh.aptsolutions.in/fpdf/fpdf.php on line 1054
[17-Nov-2021 08:00:37 UTC] PHP Deprecated:  Function get_magic_quotes_runtime() is deprecated in /home/n9lbdv3zl2bp/public_html/jayesh.aptsolutions.in/fpdf/fpdf.php on line 1054
[17-Nov-2021 08:00:37 UTC] PHP Deprecated:  Function get_magic_quotes_runtime() is deprecated in /home/n9lbdv3zl2bp/public_html/jayesh.aptsolutions.in/fpdf/fpdf.php on line 1054
[17-Nov-2021 08:00:37 UTC] PHP Deprecated:  Function get_magic_quotes_runtime() is deprecated in /home/n9lbdv3zl2bp/public_html/jayesh.aptsolutions.in/fpdf/fpdf.php on line 1054
[17-Nov-2021 08:00:37 UTC] PHP Deprecated:  Function get_magic_quotes_runtime() is deprecated in /home/n9lbdv3zl2bp/public_html/jayesh.aptsolutions.in/fpdf/fpdf.php on line 1054
[17-Nov-2021 08:00:37 UTC] PHP Deprecated:  Function get_magic_quotes_runtime() is deprecated in /home/n9lbdv3zl2bp/public_html/jayesh.aptsolutions.in/fpdf/fpdf.php on line 1054
[17-Nov-2021 08:00:37 UTC] PHP Deprecated:  Function get_magic_quotes_runtime() is deprecated in /home/n9lbdv3zl2bp/public_html/jayesh.aptsolutions.in/fpdf/fpdf.php on line 1054
[17-Nov-2021 08:00:37 UTC] PHP Deprecated:  Function get_magic_quotes_runtime() is deprecated in /home/n9lbdv3zl2bp/public_html/jayesh.aptsolutions.in/fpdf/fpdf.php on line 1054
[06-Mar-2022 05:40:01 UTC] PHP Notice:  Undefined index: todt in /home/n9lbdv3zl2bp/public_html/jayesh.aptsolutions.in/reports/report-pf-stat-summary-page.php on line 40
[06-Mar-2022 05:40:01 UTC] PHP Notice:  Undefined index: todt in /home/n9lbdv3zl2bp/public_html/jayesh.aptsolutions.in/reports/report-pf-stat-summary-page.php on line 43
[10-Jul-2022 08:14:09 UTC] PHP Notice:  Undefined index: todt in /home/n9lbdv3zl2bp/public_html/jayesh.aptsolutions.in/reports/report-pf-stat-summary-page.php on line 40
[10-Jul-2022 08:14:09 UTC] PHP Notice:  Undefined index: todt in /home/n9lbdv3zl2bp/public_html/jayesh.aptsolutions.in/reports/report-pf-stat-summary-page.php on line 43
[02-Apr-2024 05:18:32 UTC] PHP Deprecated:  Function get_magic_quotes_runtime() is deprecated in /home/n9lbdv3zl2bp/public_html/jayesh.aptsolutions.in/fpdf/fpdf.php on line 1054
[02-Apr-2024 05:18:32 UTC] PHP Deprecated:  Function get_magic_quotes_runtime() is deprecated in /home/n9lbdv3zl2bp/public_html/jayesh.aptsolutions.in/fpdf/fpdf.php on line 1054
[02-Apr-2024 05:18:32 UTC] PHP Deprecated:  Function get_magic_quotes_runtime() is deprecated in /home/n9lbdv3zl2bp/public_html/jayesh.aptsolutions.in/fpdf/fpdf.php on line 1054
[02-Apr-2024 05:18:32 UTC] PHP Deprecated:  Function get_magic_quotes_runtime() is deprecated in /home/n9lbdv3zl2bp/public_html/jayesh.aptsolutions.in/fpdf/fpdf.php on line 1054
[02-Apr-2024 05:18:32 UTC] PHP Deprecated:  Function get_magic_quotes_runtime() is deprecated in /home/n9lbdv3zl2bp/public_html/jayesh.aptsolutions.in/fpdf/fpdf.php on line 1054
[02-Apr-2024 05:18:32 UTC] PHP Deprecated:  Function get_magic_quotes_runtime() is deprecated in /home/n9lbdv3zl2bp/public_html/jayesh.aptsolutions.in/fpdf/fpdf.php on line 1054
[02-Apr-2024 05:18:32 UTC] PHP Deprecated:  Function get_magic_quotes_runtime() is deprecated in /home/n9lbdv3zl2bp/public_html/jayesh.aptsolutions.in/fpdf/fpdf.php on line 1054
[02-Apr-2024 05:18:32 UTC] PHP Deprecated:  Function get_magic_quotes_runtime() is deprecated in /home/n9lbdv3zl2bp/public_html/jayesh.aptsolutions.in/fpdf/fpdf.php on line 1054
[02-Apr-2024 05:18:32 UTC] PHP Deprecated:  Function get_magic_quotes_runtime() is deprecated in /home/n9lbdv3zl2bp/public_html/jayesh.aptsolutions.in/fpdf/fpdf.php on line 1054
[02-Apr-2024 05:18:32 UTC] PHP Deprecated:  Function get_magic_quotes_runtime() is deprecated in /home/n9lbdv3zl2bp/public_html/jayesh.aptsolutions.in/fpdf/fpdf.php on line 1054
[02-Apr-2024 05:18:32 UTC] PHP Deprecated:  Function get_magic_quotes_runtime() is deprecated in /home/n9lbdv3zl2bp/public_html/jayesh.aptsolutions.in/fpdf/fpdf.php on line 1054
[02-Apr-2024 05:18:32 UTC] PHP Deprecated:  Function get_magic_quotes_runtime() is deprecated in /home/n9lbdv3zl2bp/public_html/jayesh.aptsolutions.in/fpdf/fpdf.php on line 1054
[02-Apr-2024 05:18:32 UTC] PHP Deprecated:  Function get_magic_quotes_runtime() is deprecated in /home/n9lbdv3zl2bp/public_html/jayesh.aptsolutions.in/fpdf/fpdf.php on line 1054
[02-Apr-2024 05:18:32 UTC] PHP Deprecated:  Function get_magic_quotes_runtime() is deprecated in /home/n9lbdv3zl2bp/public_html/jayesh.aptsolutions.in/fpdf/fpdf.php on line 1054
[02-Apr-2024 05:18:32 UTC] PHP Deprecated:  Function get_magic_quotes_runtime() is deprecated in /home/n9lbdv3zl2bp/public_html/jayesh.aptsolutions.in/fpdf/fpdf.php on line 1054
[02-Apr-2024 05:18:32 UTC] PHP Deprecated:  Function get_magic_quotes_runtime() is deprecated in /home/n9lbdv3zl2bp/public_html/jayesh.aptsolutions.in/fpdf/fpdf.php on line 1054
[02-Apr-2024 05:18:32 UTC] PHP Deprecated:  Function get_magic_quotes_runtime() is deprecated in /home/n9lbdv3zl2bp/public_html/jayesh.aptsolutions.in/fpdf/fpdf.php on line 1054
[02-Apr-2024 05:18:32 UTC] PHP Deprecated:  Function get_magic_quotes_runtime() is deprecated in /home/n9lbdv3zl2bp/public_html/jayesh.aptsolutions.in/fpdf/fpdf.php on line 1054
[02-Apr-2024 05:18:32 UTC] PHP Deprecated:  Function get_magic_quotes_runtime() is deprecated in /home/n9lbdv3zl2bp/public_html/jayesh.aptsolutions.in/fpdf/fpdf.php on line 1054
[02-Apr-2024 05:18:32 UTC] PHP Deprecated:  Function get_magic_quotes_runtime() is deprecated in /home/n9lbdv3zl2bp/public_html/jayesh.aptsolutions.in/fpdf/fpdf.php on line 1054
[02-Apr-2024 05:18:32 UTC] PHP Deprecated:  Function get_magic_quotes_runtime() is deprecated in /home/n9lbdv3zl2bp/public_html/jayesh.aptsolutions.in/fpdf/fpdf.php on line 1054
[02-Apr-2024 05:18:32 UTC] PHP Deprecated:  Function get_magic_quotes_runtime() is deprecated in /home/n9lbdv3zl2bp/public_html/jayesh.aptsolutions.in/fpdf/fpdf.php on line 1054
[02-Apr-2024 05:18:32 UTC] PHP Deprecated:  Function get_magic_quotes_runtime() is deprecated in /home/n9lbdv3zl2bp/public_html/jayesh.aptsolutions.in/fpdf/fpdf.php on line 1054
[02-Apr-2024 05:18:32 UTC] PHP Deprecated:  Function get_magic_quotes_runtime() is deprecated in /home/n9lbdv3zl2bp/public_html/jayesh.aptsolutions.in/fpdf/fpdf.php on line 1054
[02-Apr-2024 05:26:07 UTC] PHP Deprecated:  Function get_magic_quotes_runtime() is deprecated in /home/n9lbdv3zl2bp/public_html/jayesh.aptsolutions.in/fpdf/fpdf.php on line 1054
[02-Apr-2024 05:26:07 UTC] PHP Deprecated:  Function get_magic_quotes_runtime() is deprecated in /home/n9lbdv3zl2bp/public_html/jayesh.aptsolutions.in/fpdf/fpdf.php on line 1054
[02-Apr-2024 05:26:07 UTC] PHP Deprecated:  Function get_magic_quotes_runtime() is deprecated in /home/n9lbdv3zl2bp/public_html/jayesh.aptsolutions.in/fpdf/fpdf.php on line 1054
[02-Apr-2024 05:26:07 UTC] PHP Deprecated:  Function get_magic_quotes_runtime() is deprecated in /home/n9lbdv3zl2bp/public_html/jayesh.aptsolutions.in/fpdf/fpdf.php on line 1054
[02-Apr-2024 05:26:07 UTC] PHP Deprecated:  Function get_magic_quotes_runtime() is deprecated in /home/n9lbdv3zl2bp/public_html/jayesh.aptsolutions.in/fpdf/fpdf.php on line 1054
[02-Apr-2024 05:26:07 UTC] PHP Deprecated:  Function get_magic_quotes_runtime() is deprecated in /home/n9lbdv3zl2bp/public_html/jayesh.aptsolutions.in/fpdf/fpdf.php on line 1054
[02-Apr-2024 05:26:07 UTC] PHP Deprecated:  Function get_magic_quotes_runtime() is deprecated in /home/n9lbdv3zl2bp/public_html/jayesh.aptsolutions.in/fpdf/fpdf.php on line 1054
[02-Apr-2024 05:26:07 UTC] PHP Deprecated:  Function get_magic_quotes_runtime() is deprecated in /home/n9lbdv3zl2bp/public_html/jayesh.aptsolutions.in/fpdf/fpdf.php on line 1054
[02-Apr-2024 05:26:07 UTC] PHP Deprecated:  Function get_magic_quotes_runtime() is deprecated in /home/n9lbdv3zl2bp/public_html/jayesh.aptsolutions.in/fpdf/fpdf.php on line 1054
[02-Apr-2024 05:26:07 UTC] PHP Deprecated:  Function get_magic_quotes_runtime() is deprecated in /home/n9lbdv3zl2bp/public_html/jayesh.aptsolutions.in/fpdf/fpdf.php on line 1054
[02-Apr-2024 05:26:07 UTC] PHP Deprecated:  Function get_magic_quotes_runtime() is deprecated in /home/n9lbdv3zl2bp/public_html/jayesh.aptsolutions.in/fpdf/fpdf.php on line 1054
[02-Apr-2024 05:26:07 UTC] PHP Deprecated:  Function get_magic_quotes_runtime() is deprecated in /home/n9lbdv3zl2bp/public_html/jayesh.aptsolutions.in/fpdf/fpdf.php on line 1054
[02-Apr-2024 05:26:07 UTC] PHP Deprecated:  Function get_magic_quotes_runtime() is deprecated in /home/n9lbdv3zl2bp/public_html/jayesh.aptsolutions.in/fpdf/fpdf.php on line 1054
[02-Apr-2024 05:26:07 UTC] PHP Deprecated:  Function get_magic_quotes_runtime() is deprecated in /home/n9lbdv3zl2bp/public_html/jayesh.aptsolutions.in/fpdf/fpdf.php on line 1054
[02-Apr-2024 05:26:07 UTC] PHP Deprecated:  Function get_magic_quotes_runtime() is deprecated in /home/n9lbdv3zl2bp/public_html/jayesh.aptsolutions.in/fpdf/fpdf.php on line 1054
[02-Apr-2024 05:26:07 UTC] PHP Deprecated:  Function get_magic_quotes_runtime() is deprecated in /home/n9lbdv3zl2bp/public_html/jayesh.aptsolutions.in/fpdf/fpdf.php on line 1054
[02-Apr-2024 05:26:07 UTC] PHP Deprecated:  Function get_magic_quotes_runtime() is deprecated in /home/n9lbdv3zl2bp/public_html/jayesh.aptsolutions.in/fpdf/fpdf.php on line 1054
[02-Apr-2024 05:26:07 UTC] PHP Deprecated:  Function get_magic_quotes_runtime() is deprecated in /home/n9lbdv3zl2bp/public_html/jayesh.aptsolutions.in/fpdf/fpdf.php on line 1054
[02-Apr-2024 05:26:07 UTC] PHP Deprecated:  Function get_magic_quotes_runtime() is deprecated in /home/n9lbdv3zl2bp/public_html/jayesh.aptsolutions.in/fpdf/fpdf.php on line 1054
[02-Apr-2024 05:26:07 UTC] PHP Deprecated:  Function get_magic_quotes_runtime() is deprecated in /home/n9lbdv3zl2bp/public_html/jayesh.aptsolutions.in/fpdf/fpdf.php on line 1054
[02-Apr-2024 05:26:07 UTC] PHP Deprecated:  Function get_magic_quotes_runtime() is deprecated in /home/n9lbdv3zl2bp/public_html/jayesh.aptsolutions.in/fpdf/fpdf.php on line 1054
[02-Apr-2024 05:26:07 UTC] PHP Deprecated:  Function get_magic_quotes_runtime() is deprecated in /home/n9lbdv3zl2bp/public_html/jayesh.aptsolutions.in/fpdf/fpdf.php on line 1054
[02-Apr-2024 05:26:07 UTC] PHP Deprecated:  Function get_magic_quotes_runtime() is deprecated in /home/n9lbdv3zl2bp/public_html/jayesh.aptsolutions.in/fpdf/fpdf.php on line 1054
[02-Apr-2024 05:26:07 UTC] PHP Deprecated:  Function get_magic_quotes_runtime() is deprecated in /home/n9lbdv3zl2bp/public_html/jayesh.aptsolutions.in/fpdf/fpdf.php on line 1054
[02-Apr-2024 05:28:58 UTC] PHP Deprecated:  Function get_magic_quotes_runtime() is deprecated in /home/n9lbdv3zl2bp/public_html/jayesh.aptsolutions.in/fpdf/fpdf.php on line 1054
[02-Apr-2024 05:28:58 UTC] PHP Deprecated:  Function get_magic_quotes_runtime() is deprecated in /home/n9lbdv3zl2bp/public_html/jayesh.aptsolutions.in/fpdf/fpdf.php on line 1054
[02-Apr-2024 05:28:58 UTC] PHP Deprecated:  Function get_magic_quotes_runtime() is deprecated in /home/n9lbdv3zl2bp/public_html/jayesh.aptsolutions.in/fpdf/fpdf.php on line 1054
[02-Apr-2024 05:28:58 UTC] PHP Deprecated:  Function get_magic_quotes_runtime() is deprecated in /home/n9lbdv3zl2bp/public_html/jayesh.aptsolutions.in/fpdf/fpdf.php on line 1054
[02-Apr-2024 05:28:58 UTC] PHP Deprecated:  Function get_magic_quotes_runtime() is deprecated in /home/n9lbdv3zl2bp/public_html/jayesh.aptsolutions.in/fpdf/fpdf.php on line 1054
[02-Apr-2024 05:28:58 UTC] PHP Deprecated:  Function get_magic_quotes_runtime() is deprecated in /home/n9lbdv3zl2bp/public_html/jayesh.aptsolutions.in/fpdf/fpdf.php on line 1054
[02-Apr-2024 05:28:58 UTC] PHP Deprecated:  Function get_magic_quotes_runtime() is deprecated in /home/n9lbdv3zl2bp/public_html/jayesh.aptsolutions.in/fpdf/fpdf.php on line 1054
[02-Apr-2024 05:28:58 UTC] PHP Deprecated:  Function get_magic_quotes_runtime() is deprecated in /home/n9lbdv3zl2bp/public_html/jayesh.aptsolutions.in/fpdf/fpdf.php on line 1054
[02-Apr-2024 05:28:58 UTC] PHP Deprecated:  Function get_magic_quotes_runtime() is deprecated in /home/n9lbdv3zl2bp/public_html/jayesh.aptsolutions.in/fpdf/fpdf.php on line 1054
[02-Apr-2024 05:28:58 UTC] PHP Deprecated:  Function get_magic_quotes_runtime() is deprecated in /home/n9lbdv3zl2bp/public_html/jayesh.aptsolutions.in/fpdf/fpdf.php on line 1054
[02-Apr-2024 05:28:58 UTC] PHP Deprecated:  Function get_magic_quotes_runtime() is deprecated in /home/n9lbdv3zl2bp/public_html/jayesh.aptsolutions.in/fpdf/fpdf.php on line 1054
[02-Apr-2024 05:28:58 UTC] PHP Deprecated:  Function get_magic_quotes_runtime() is deprecated in /home/n9lbdv3zl2bp/public_html/jayesh.aptsolutions.in/fpdf/fpdf.php on line 1054
[02-Apr-2024 05:28:58 UTC] PHP Deprecated:  Function get_magic_quotes_runtime() is deprecated in /home/n9lbdv3zl2bp/public_html/jayesh.aptsolutions.in/fpdf/fpdf.php on line 1054
[02-Apr-2024 05:28:58 UTC] PHP Deprecated:  Function get_magic_quotes_runtime() is deprecated in /home/n9lbdv3zl2bp/public_html/jayesh.aptsolutions.in/fpdf/fpdf.php on line 1054
[02-Apr-2024 05:28:58 UTC] PHP Deprecated:  Function get_magic_quotes_runtime() is deprecated in /home/n9lbdv3zl2bp/public_html/jayesh.aptsolutions.in/fpdf/fpdf.php on line 1054
[02-Apr-2024 05:28:58 UTC] PHP Deprecated:  Function get_magic_quotes_runtime() is deprecated in /home/n9lbdv3zl2bp/public_html/jayesh.aptsolutions.in/fpdf/fpdf.php on line 1054
[02-Apr-2024 05:28:58 UTC] PHP Deprecated:  Function get_magic_quotes_runtime() is deprecated in /home/n9lbdv3zl2bp/public_html/jayesh.aptsolutions.in/fpdf/fpdf.php on line 1054
[02-Apr-2024 05:28:58 UTC] PHP Deprecated:  Function get_magic_quotes_runtime() is deprecated in /home/n9lbdv3zl2bp/public_html/jayesh.aptsolutions.in/fpdf/fpdf.php on line 1054
[02-Apr-2024 05:28:58 UTC] PHP Deprecated:  Function get_magic_quotes_runtime() is deprecated in /home/n9lbdv3zl2bp/public_html/jayesh.aptsolutions.in/fpdf/fpdf.php on line 1054
[02-Apr-2024 05:28:58 UTC] PHP Deprecated:  Function get_magic_quotes_runtime() is deprecated in /home/n9lbdv3zl2bp/public_html/jayesh.aptsolutions.in/fpdf/fpdf.php on line 1054
[02-Apr-2024 05:28:58 UTC] PHP Deprecated:  Function get_magic_quotes_runtime() is deprecated in /home/n9lbdv3zl2bp/public_html/jayesh.aptsolutions.in/fpdf/fpdf.php on line 1054
[02-Apr-2024 05:28:58 UTC] PHP Deprecated:  Function get_magic_quotes_runtime() is deprecated in /home/n9lbdv3zl2bp/public_html/jayesh.aptsolutions.in/fpdf/fpdf.php on line 1054
[02-Apr-2024 05:28:58 UTC] PHP Deprecated:  Function get_magic_quotes_runtime() is deprecated in /home/n9lbdv3zl2bp/public_html/jayesh.aptsolutions.in/fpdf/fpdf.php on line 1054
[02-Apr-2024 05:28:58 UTC] PHP Deprecated:  Function get_magic_quotes_runtime() is deprecated in /home/n9lbdv3zl2bp/public_html/jayesh.aptsolutions.in/fpdf/fpdf.php on line 1054
[03-Apr-2024 07:08:59 UTC] PHP Deprecated:  Function get_magic_quotes_runtime() is deprecated in /home/n9lbdv3zl2bp/public_html/jayesh.aptsolutions.in/fpdf/fpdf.php on line 1054
[03-Apr-2024 07:08:59 UTC] PHP Deprecated:  Function get_magic_quotes_runtime() is deprecated in /home/n9lbdv3zl2bp/public_html/jayesh.aptsolutions.in/fpdf/fpdf.php on line 1054
[03-Apr-2024 07:08:59 UTC] PHP Deprecated:  Function get_magic_quotes_runtime() is deprecated in /home/n9lbdv3zl2bp/public_html/jayesh.aptsolutions.in/fpdf/fpdf.php on line 1054
[03-Apr-2024 07:08:59 UTC] PHP Deprecated:  Function get_magic_quotes_runtime() is deprecated in /home/n9lbdv3zl2bp/public_html/jayesh.aptsolutions.in/fpdf/fpdf.php on line 1054
[03-Apr-2024 07:08:59 UTC] PHP Deprecated:  Function get_magic_quotes_runtime() is deprecated in /home/n9lbdv3zl2bp/public_html/jayesh.aptsolutions.in/fpdf/fpdf.php on line 1054
[03-Apr-2024 07:08:59 UTC] PHP Deprecated:  Function get_magic_quotes_runtime() is deprecated in /home/n9lbdv3zl2bp/public_html/jayesh.aptsolutions.in/fpdf/fpdf.php on line 1054
[03-Apr-2024 07:08:59 UTC] PHP Deprecated:  Function get_magic_quotes_runtime() is deprecated in /home/n9lbdv3zl2bp/public_html/jayesh.aptsolutions.in/fpdf/fpdf.php on line 1054
[03-Apr-2024 07:08:59 UTC] PHP Deprecated:  Function get_magic_quotes_runtime() is deprecated in /home/n9lbdv3zl2bp/public_html/jayesh.aptsolutions.in/fpdf/fpdf.php on line 1054
[03-Apr-2024 07:08:59 UTC] PHP Deprecated:  Function get_magic_quotes_runtime() is deprecated in /home/n9lbdv3zl2bp/public_html/jayesh.aptsolutions.in/fpdf/fpdf.php on line 1054
[03-Apr-2024 07:08:59 UTC] PHP Deprecated:  Function get_magic_quotes_runtime() is deprecated in /home/n9lbdv3zl2bp/public_html/jayesh.aptsolutions.in/fpdf/fpdf.php on line 1054
[03-Apr-2024 07:08:59 UTC] PHP Deprecated:  Function get_magic_quotes_runtime() is deprecated in /home/n9lbdv3zl2bp/public_html/jayesh.aptsolutions.in/fpdf/fpdf.php on line 1054
[03-Apr-2024 07:08:59 UTC] PHP Deprecated:  Function get_magic_quotes_runtime() is deprecated in /home/n9lbdv3zl2bp/public_html/jayesh.aptsolutions.in/fpdf/fpdf.php on line 1054
[03-Apr-2024 07:08:59 UTC] PHP Deprecated:  Function get_magic_quotes_runtime() is deprecated in /home/n9lbdv3zl2bp/public_html/jayesh.aptsolutions.in/fpdf/fpdf.php on line 1054
[03-Apr-2024 07:08:59 UTC] PHP Deprecated:  Function get_magic_quotes_runtime() is deprecated in /home/n9lbdv3zl2bp/public_html/jayesh.aptsolutions.in/fpdf/fpdf.php on line 1054
[03-Apr-2024 07:08:59 UTC] PHP Deprecated:  Function get_magic_quotes_runtime() is deprecated in /home/n9lbdv3zl2bp/public_html/jayesh.aptsolutions.in/fpdf/fpdf.php on line 1054
[03-Apr-2024 07:08:59 UTC] PHP Deprecated:  Function get_magic_quotes_runtime() is deprecated in /home/n9lbdv3zl2bp/public_html/jayesh.aptsolutions.in/fpdf/fpdf.php on line 1054
[03-Apr-2024 07:08:59 UTC] PHP Deprecated:  Function get_magic_quotes_runtime() is deprecated in /home/n9lbdv3zl2bp/public_html/jayesh.aptsolutions.in/fpdf/fpdf.php on line 1054
[03-Apr-2024 07:08:59 UTC] PHP Deprecated:  Function get_magic_quotes_runtime() is deprecated in /home/n9lbdv3zl2bp/public_html/jayesh.aptsolutions.in/fpdf/fpdf.php on line 1054
[03-Apr-2024 07:08:59 UTC] PHP Deprecated:  Function get_magic_quotes_runtime() is deprecated in /home/n9lbdv3zl2bp/public_html/jayesh.aptsolutions.in/fpdf/fpdf.php on line 1054
[03-Apr-2024 07:08:59 UTC] PHP Deprecated:  Function get_magic_quotes_runtime() is deprecated in /home/n9lbdv3zl2bp/public_html/jayesh.aptsolutions.in/fpdf/fpdf.php on line 1054
[03-Apr-2024 07:08:59 UTC] PHP Deprecated:  Function get_magic_quotes_runtime() is deprecated in /home/n9lbdv3zl2bp/public_html/jayesh.aptsolutions.in/fpdf/fpdf.php on line 1054
[03-Apr-2024 07:08:59 UTC] PHP Deprecated:  Function get_magic_quotes_runtime() is deprecated in /home/n9lbdv3zl2bp/public_html/jayesh.aptsolutions.in/fpdf/fpdf.php on line 1054
[03-Apr-2024 07:08:59 UTC] PHP Deprecated:  Function get_magic_quotes_runtime() is deprecated in /home/n9lbdv3zl2bp/public_html/jayesh.aptsolutions.in/fpdf/fpdf.php on line 1054
[03-Apr-2024 07:08:59 UTC] PHP Deprecated:  Function get_magic_quotes_runtime() is deprecated in /home/n9lbdv3zl2bp/public_html/jayesh.aptsolutions.in/fpdf/fpdf.php on line 1054
[03-Apr-2024 07:08:59 UTC] PHP Deprecated:  Function get_magic_quotes_runtime() is deprecated in /home/n9lbdv3zl2bp/public_html/jayesh.aptsolutions.in/fpdf/fpdf.php on line 1054
[03-Apr-2024 07:08:59 UTC] PHP Deprecated:  Function get_magic_quotes_runtime() is deprecated in /home/n9lbdv3zl2bp/public_html/jayesh.aptsolutions.in/fpdf/fpdf.php on line 1054
[03-Apr-2024 07:08:59 UTC] PHP Deprecated:  Function get_magic_quotes_runtime() is deprecated in /home/n9lbdv3zl2bp/public_html/jayesh.aptsolutions.in/fpdf/fpdf.php on line 1054
[03-Apr-2024 07:08:59 UTC] PHP Deprecated:  Function get_magic_quotes_runtime() is deprecated in /home/n9lbdv3zl2bp/public_html/jayesh.aptsolutions.in/fpdf/fpdf.php on line 1054
[03-Apr-2024 07:08:59 UTC] PHP Deprecated:  Function get_magic_quotes_runtime() is deprecated in /home/n9lbdv3zl2bp/public_html/jayesh.aptsolutions.in/fpdf/fpdf.php on line 1054
[03-Apr-2024 07:08:59 UTC] PHP Deprecated:  Function get_magic_quotes_runtime() is deprecated in /home/n9lbdv3zl2bp/public_html/jayesh.aptsolutions.in/fpdf/fpdf.php on line 1054
[03-Apr-2024 07:08:59 UTC] PHP Deprecated:  Function get_magic_quotes_runtime() is deprecated in /home/n9lbdv3zl2bp/public_html/jayesh.aptsolutions.in/fpdf/fpdf.php on line 1054
[03-Apr-2024 07:08:59 UTC] PHP Deprecated:  Function get_magic_quotes_runtime() is deprecated in /home/n9lbdv3zl2bp/public_html/jayesh.aptsolutions.in/fpdf/fpdf.php on line 1054
[03-Apr-2024 07:08:59 UTC] PHP Deprecated:  Function get_magic_quotes_runtime() is deprecated in /home/n9lbdv3zl2bp/public_html/jayesh.aptsolutions.in/fpdf/fpdf.php on line 1054
[03-Apr-2024 07:08:59 UTC] PHP Deprecated:  Function get_magic_quotes_runtime() is deprecated in /home/n9lbdv3zl2bp/public_html/jayesh.aptsolutions.in/fpdf/fpdf.php on line 1054
[03-Apr-2024 07:08:59 UTC] PHP Deprecated:  Function get_magic_quotes_runtime() is deprecated in /home/n9lbdv3zl2bp/public_html/jayesh.aptsolutions.in/fpdf/fpdf.php on line 1054
[03-Apr-2024 07:08:59 UTC] PHP Deprecated:  Function get_magic_quotes_runtime() is deprecated in /home/n9lbdv3zl2bp/public_html/jayesh.aptsolutions.in/fpdf/fpdf.php on line 1054
[03-Apr-2024 07:08:59 UTC] PHP Deprecated:  Function get_magic_quotes_runtime() is deprecated in /home/n9lbdv3zl2bp/public_html/jayesh.aptsolutions.in/fpdf/fpdf.php on line 1054
[03-Apr-2024 07:11:58 UTC] PHP Deprecated:  Function get_magic_quotes_runtime() is deprecated in /home/n9lbdv3zl2bp/public_html/jayesh.aptsolutions.in/fpdf/fpdf.php on line 1054
[03-Apr-2024 07:11:58 UTC] PHP Deprecated:  Function get_magic_quotes_runtime() is deprecated in /home/n9lbdv3zl2bp/public_html/jayesh.aptsolutions.in/fpdf/fpdf.php on line 1054
[03-Apr-2024 07:11:58 UTC] PHP Deprecated:  Function get_magic_quotes_runtime() is deprecated in /home/n9lbdv3zl2bp/public_html/jayesh.aptsolutions.in/fpdf/fpdf.php on line 1054
[03-Apr-2024 07:11:58 UTC] PHP Deprecated:  Function get_magic_quotes_runtime() is deprecated in /home/n9lbdv3zl2bp/public_html/jayesh.aptsolutions.in/fpdf/fpdf.php on line 1054
[03-Apr-2024 07:11:58 UTC] PHP Deprecated:  Function get_magic_quotes_runtime() is deprecated in /home/n9lbdv3zl2bp/public_html/jayesh.aptsolutions.in/fpdf/fpdf.php on line 1054
[03-Apr-2024 07:11:58 UTC] PHP Deprecated:  Function get_magic_quotes_runtime() is deprecated in /home/n9lbdv3zl2bp/public_html/jayesh.aptsolutions.in/fpdf/fpdf.php on line 1054
[03-Apr-2024 07:11:58 UTC] PHP Deprecated:  Function get_magic_quotes_runtime() is deprecated in /home/n9lbdv3zl2bp/public_html/jayesh.aptsolutions.in/fpdf/fpdf.php on line 1054
[03-Apr-2024 07:11:58 UTC] PHP Deprecated:  Function get_magic_quotes_runtime() is deprecated in /home/n9lbdv3zl2bp/public_html/jayesh.aptsolutions.in/fpdf/fpdf.php on line 1054
[03-Apr-2024 07:11:58 UTC] PHP Deprecated:  Function get_magic_quotes_runtime() is deprecated in /home/n9lbdv3zl2bp/public_html/jayesh.aptsolutions.in/fpdf/fpdf.php on line 1054
[03-Apr-2024 07:11:58 UTC] PHP Deprecated:  Function get_magic_quotes_runtime() is deprecated in /home/n9lbdv3zl2bp/public_html/jayesh.aptsolutions.in/fpdf/fpdf.php on line 1054
[03-Apr-2024 07:11:58 UTC] PHP Deprecated:  Function get_magic_quotes_runtime() is deprecated in /home/n9lbdv3zl2bp/public_html/jayesh.aptsolutions.in/fpdf/fpdf.php on line 1054
[03-Apr-2024 07:11:58 UTC] PHP Deprecated:  Function get_magic_quotes_runtime() is deprecated in /home/n9lbdv3zl2bp/public_html/jayesh.aptsolutions.in/fpdf/fpdf.php on line 1054
[03-Apr-2024 07:11:58 UTC] PHP Deprecated:  Function get_magic_quotes_runtime() is deprecated in /home/n9lbdv3zl2bp/public_html/jayesh.aptsolutions.in/fpdf/fpdf.php on line 1054
[03-Apr-2024 07:11:58 UTC] PHP Deprecated:  Function get_magic_quotes_runtime() is deprecated in /home/n9lbdv3zl2bp/public_html/jayesh.aptsolutions.in/fpdf/fpdf.php on line 1054
[03-Apr-2024 07:11:58 UTC] PHP Deprecated:  Function get_magic_quotes_runtime() is deprecated in /home/n9lbdv3zl2bp/public_html/jayesh.aptsolutions.in/fpdf/fpdf.php on line 1054
[03-Apr-2024 07:11:58 UTC] PHP Deprecated:  Function get_magic_quotes_runtime() is deprecated in /home/n9lbdv3zl2bp/public_html/jayesh.aptsolutions.in/fpdf/fpdf.php on line 1054
[03-Apr-2024 07:11:58 UTC] PHP Deprecated:  Function get_magic_quotes_runtime() is deprecated in /home/n9lbdv3zl2bp/public_html/jayesh.aptsolutions.in/fpdf/fpdf.php on line 1054
[03-Apr-2024 07:11:58 UTC] PHP Deprecated:  Function get_magic_quotes_runtime() is deprecated in /home/n9lbdv3zl2bp/public_html/jayesh.aptsolutions.in/fpdf/fpdf.php on line 1054
[03-Apr-2024 07:11:58 UTC] PHP Deprecated:  Function get_magic_quotes_runtime() is deprecated in /home/n9lbdv3zl2bp/public_html/jayesh.aptsolutions.in/fpdf/fpdf.php on line 1054
[03-Apr-2024 07:11:58 UTC] PHP Deprecated:  Function get_magic_quotes_runtime() is deprecated in /home/n9lbdv3zl2bp/public_html/jayesh.aptsolutions.in/fpdf/fpdf.php on line 1054
[03-Apr-2024 07:11:58 UTC] PHP Deprecated:  Function get_magic_quotes_runtime() is deprecated in /home/n9lbdv3zl2bp/public_html/jayesh.aptsolutions.in/fpdf/fpdf.php on line 1054
[03-Apr-2024 07:11:58 UTC] PHP Deprecated:  Function get_magic_quotes_runtime() is deprecated in /home/n9lbdv3zl2bp/public_html/jayesh.aptsolutions.in/fpdf/fpdf.php on line 1054
[03-Apr-2024 07:11:58 UTC] PHP Deprecated:  Function get_magic_quotes_runtime() is deprecated in /home/n9lbdv3zl2bp/public_html/jayesh.aptsolutions.in/fpdf/fpdf.php on line 1054
[03-Apr-2024 07:11:58 UTC] PHP Deprecated:  Function get_magic_quotes_runtime() is deprecated in /home/n9lbdv3zl2bp/public_html/jayesh.aptsolutions.in/fpdf/fpdf.php on line 1054
[03-Apr-2024 07:11:58 UTC] PHP Deprecated:  Function get_magic_quotes_runtime() is deprecated in /home/n9lbdv3zl2bp/public_html/jayesh.aptsolutions.in/fpdf/fpdf.php on line 1054
[03-Apr-2024 07:11:58 UTC] PHP Deprecated:  Function get_magic_quotes_runtime() is deprecated in /home/n9lbdv3zl2bp/public_html/jayesh.aptsolutions.in/fpdf/fpdf.php on line 1054
[03-Apr-2024 07:11:58 UTC] PHP Deprecated:  Function get_magic_quotes_runtime() is deprecated in /home/n9lbdv3zl2bp/public_html/jayesh.aptsolutions.in/fpdf/fpdf.php on line 1054
[03-Apr-2024 07:11:58 UTC] PHP Deprecated:  Function get_magic_quotes_runtime() is deprecated in /home/n9lbdv3zl2bp/public_html/jayesh.aptsolutions.in/fpdf/fpdf.php on line 1054
[03-Apr-2024 07:11:58 UTC] PHP Deprecated:  Function get_magic_quotes_runtime() is deprecated in /home/n9lbdv3zl2bp/public_html/jayesh.aptsolutions.in/fpdf/fpdf.php on line 1054
[03-Apr-2024 07:11:58 UTC] PHP Deprecated:  Function get_magic_quotes_runtime() is deprecated in /home/n9lbdv3zl2bp/public_html/jayesh.aptsolutions.in/fpdf/fpdf.php on line 1054
[03-Apr-2024 07:11:58 UTC] PHP Deprecated:  Function get_magic_quotes_runtime() is deprecated in /home/n9lbdv3zl2bp/public_html/jayesh.aptsolutions.in/fpdf/fpdf.php on line 1054
[03-Apr-2024 07:11:58 UTC] PHP Deprecated:  Function get_magic_quotes_runtime() is deprecated in /home/n9lbdv3zl2bp/public_html/jayesh.aptsolutions.in/fpdf/fpdf.php on line 1054
[03-Apr-2024 07:11:58 UTC] PHP Deprecated:  Function get_magic_quotes_runtime() is deprecated in /home/n9lbdv3zl2bp/public_html/jayesh.aptsolutions.in/fpdf/fpdf.php on line 1054
[03-Apr-2024 07:11:58 UTC] PHP Deprecated:  Function get_magic_quotes_runtime() is deprecated in /home/n9lbdv3zl2bp/public_html/jayesh.aptsolutions.in/fpdf/fpdf.php on line 1054
[03-Apr-2024 07:11:58 UTC] PHP Deprecated:  Function get_magic_quotes_runtime() is deprecated in /home/n9lbdv3zl2bp/public_html/jayesh.aptsolutions.in/fpdf/fpdf.php on line 1054
[03-Apr-2024 07:11:58 UTC] PHP Deprecated:  Function get_magic_quotes_runtime() is deprecated in /home/n9lbdv3zl2bp/public_html/jayesh.aptsolutions.in/fpdf/fpdf.php on line 1054
[03-Apr-2024 07:11:58 UTC] PHP Deprecated:  Function get_magic_quotes_runtime() is deprecated in /home/n9lbdv3zl2bp/public_html/jayesh.aptsolutions.in/fpdf/fpdf.php on line 1054
[03-Apr-2024 07:14:05 UTC] PHP Deprecated:  Function get_magic_quotes_runtime() is deprecated in /home/n9lbdv3zl2bp/public_html/jayesh.aptsolutions.in/fpdf/fpdf.php on line 1054
[03-Apr-2024 07:14:05 UTC] PHP Deprecated:  Function get_magic_quotes_runtime() is deprecated in /home/n9lbdv3zl2bp/public_html/jayesh.aptsolutions.in/fpdf/fpdf.php on line 1054
[03-Apr-2024 07:14:05 UTC] PHP Deprecated:  Function get_magic_quotes_runtime() is deprecated in /home/n9lbdv3zl2bp/public_html/jayesh.aptsolutions.in/fpdf/fpdf.php on line 1054
[03-Apr-2024 07:14:05 UTC] PHP Deprecated:  Function get_magic_quotes_runtime() is deprecated in /home/n9lbdv3zl2bp/public_html/jayesh.aptsolutions.in/fpdf/fpdf.php on line 1054
[03-Apr-2024 07:14:05 UTC] PHP Deprecated:  Function get_magic_quotes_runtime() is deprecated in /home/n9lbdv3zl2bp/public_html/jayesh.aptsolutions.in/fpdf/fpdf.php on line 1054
[03-Apr-2024 07:14:05 UTC] PHP Deprecated:  Function get_magic_quotes_runtime() is deprecated in /home/n9lbdv3zl2bp/public_html/jayesh.aptsolutions.in/fpdf/fpdf.php on line 1054
[03-Apr-2024 07:14:05 UTC] PHP Deprecated:  Function get_magic_quotes_runtime() is deprecated in /home/n9lbdv3zl2bp/public_html/jayesh.aptsolutions.in/fpdf/fpdf.php on line 1054
[03-Apr-2024 07:14:05 UTC] PHP Deprecated:  Function get_magic_quotes_runtime() is deprecated in /home/n9lbdv3zl2bp/public_html/jayesh.aptsolutions.in/fpdf/fpdf.php on line 1054
[03-Apr-2024 07:14:05 UTC] PHP Deprecated:  Function get_magic_quotes_runtime() is deprecated in /home/n9lbdv3zl2bp/public_html/jayesh.aptsolutions.in/fpdf/fpdf.php on line 1054
[03-Apr-2024 07:14:05 UTC] PHP Deprecated:  Function get_magic_quotes_runtime() is deprecated in /home/n9lbdv3zl2bp/public_html/jayesh.aptsolutions.in/fpdf/fpdf.php on line 1054
[03-Apr-2024 07:14:05 UTC] PHP Deprecated:  Function get_magic_quotes_runtime() is deprecated in /home/n9lbdv3zl2bp/public_html/jayesh.aptsolutions.in/fpdf/fpdf.php on line 1054
[03-Apr-2024 07:14:05 UTC] PHP Deprecated:  Function get_magic_quotes_runtime() is deprecated in /home/n9lbdv3zl2bp/public_html/jayesh.aptsolutions.in/fpdf/fpdf.php on line 1054
[03-Apr-2024 07:14:05 UTC] PHP Deprecated:  Function get_magic_quotes_runtime() is deprecated in /home/n9lbdv3zl2bp/public_html/jayesh.aptsolutions.in/fpdf/fpdf.php on line 1054
[03-Apr-2024 07:14:05 UTC] PHP Deprecated:  Function get_magic_quotes_runtime() is deprecated in /home/n9lbdv3zl2bp/public_html/jayesh.aptsolutions.in/fpdf/fpdf.php on line 1054
[03-Apr-2024 07:14:05 UTC] PHP Deprecated:  Function get_magic_quotes_runtime() is deprecated in /home/n9lbdv3zl2bp/public_html/jayesh.aptsolutions.in/fpdf/fpdf.php on line 1054
[03-Apr-2024 07:14:05 UTC] PHP Deprecated:  Function get_magic_quotes_runtime() is deprecated in /home/n9lbdv3zl2bp/public_html/jayesh.aptsolutions.in/fpdf/fpdf.php on line 1054
[03-Apr-2024 07:14:05 UTC] PHP Deprecated:  Function get_magic_quotes_runtime() is deprecated in /home/n9lbdv3zl2bp/public_html/jayesh.aptsolutions.in/fpdf/fpdf.php on line 1054
[03-Apr-2024 07:14:05 UTC] PHP Deprecated:  Function get_magic_quotes_runtime() is deprecated in /home/n9lbdv3zl2bp/public_html/jayesh.aptsolutions.in/fpdf/fpdf.php on line 1054
[03-Apr-2024 07:14:05 UTC] PHP Deprecated:  Function get_magic_quotes_runtime() is deprecated in /home/n9lbdv3zl2bp/public_html/jayesh.aptsolutions.in/fpdf/fpdf.php on line 1054
[03-Apr-2024 07:14:05 UTC] PHP Deprecated:  Function get_magic_quotes_runtime() is deprecated in /home/n9lbdv3zl2bp/public_html/jayesh.aptsolutions.in/fpdf/fpdf.php on line 1054
[03-Apr-2024 07:14:05 UTC] PHP Deprecated:  Function get_magic_quotes_runtime() is deprecated in /home/n9lbdv3zl2bp/public_html/jayesh.aptsolutions.in/fpdf/fpdf.php on line 1054
[03-Apr-2024 07:14:05 UTC] PHP Deprecated:  Function get_magic_quotes_runtime() is deprecated in /home/n9lbdv3zl2bp/public_html/jayesh.aptsolutions.in/fpdf/fpdf.php on line 1054
[03-Apr-2024 07:14:05 UTC] PHP Deprecated:  Function get_magic_quotes_runtime() is deprecated in /home/n9lbdv3zl2bp/public_html/jayesh.aptsolutions.in/fpdf/fpdf.php on line 1054
[03-Apr-2024 07:14:05 UTC] PHP Deprecated:  Function get_magic_quotes_runtime() is deprecated in /home/n9lbdv3zl2bp/public_html/jayesh.aptsolutions.in/fpdf/fpdf.php on line 1054
[03-Apr-2024 07:14:05 UTC] PHP Deprecated:  Function get_magic_quotes_runtime() is deprecated in /home/n9lbdv3zl2bp/public_html/jayesh.aptsolutions.in/fpdf/fpdf.php on line 1054
[03-Apr-2024 07:14:05 UTC] PHP Deprecated:  Function get_magic_quotes_runtime() is deprecated in /home/n9lbdv3zl2bp/public_html/jayesh.aptsolutions.in/fpdf/fpdf.php on line 1054
[03-Apr-2024 07:14:05 UTC] PHP Deprecated:  Function get_magic_quotes_runtime() is deprecated in /home/n9lbdv3zl2bp/public_html/jayesh.aptsolutions.in/fpdf/fpdf.php on line 1054
[03-Apr-2024 07:14:05 UTC] PHP Deprecated:  Function get_magic_quotes_runtime() is deprecated in /home/n9lbdv3zl2bp/public_html/jayesh.aptsolutions.in/fpdf/fpdf.php on line 1054
[03-Apr-2024 07:14:05 UTC] PHP Deprecated:  Function get_magic_quotes_runtime() is deprecated in /home/n9lbdv3zl2bp/public_html/jayesh.aptsolutions.in/fpdf/fpdf.php on line 1054
[03-Apr-2024 07:14:05 UTC] PHP Deprecated:  Function get_magic_quotes_runtime() is deprecated in /home/n9lbdv3zl2bp/public_html/jayesh.aptsolutions.in/fpdf/fpdf.php on line 1054
[03-Apr-2024 07:14:05 UTC] PHP Deprecated:  Function get_magic_quotes_runtime() is deprecated in /home/n9lbdv3zl2bp/public_html/jayesh.aptsolutions.in/fpdf/fpdf.php on line 1054
[03-Apr-2024 07:14:05 UTC] PHP Deprecated:  Function get_magic_quotes_runtime() is deprecated in /home/n9lbdv3zl2bp/public_html/jayesh.aptsolutions.in/fpdf/fpdf.php on line 1054
[03-Apr-2024 07:14:05 UTC] PHP Deprecated:  Function get_magic_quotes_runtime() is deprecated in /home/n9lbdv3zl2bp/public_html/jayesh.aptsolutions.in/fpdf/fpdf.php on line 1054
[03-Apr-2024 07:14:05 UTC] PHP Deprecated:  Function get_magic_quotes_runtime() is deprecated in /home/n9lbdv3zl2bp/public_html/jayesh.aptsolutions.in/fpdf/fpdf.php on line 1054
[03-Apr-2024 07:14:05 UTC] PHP Deprecated:  Function get_magic_quotes_runtime() is deprecated in /home/n9lbdv3zl2bp/public_html/jayesh.aptsolutions.in/fpdf/fpdf.php on line 1054
[03-Apr-2024 07:14:05 UTC] PHP Deprecated:  Function get_magic_quotes_runtime() is deprecated in /home/n9lbdv3zl2bp/public_html/jayesh.aptsolutions.in/fpdf/fpdf.php on line 1054
[03-Apr-2024 07:14:05 UTC] PHP Deprecated:  Function get_magic_quotes_runtime() is deprecated in /home/n9lbdv3zl2bp/public_html/jayesh.aptsolutions.in/fpdf/fpdf.php on line 1054
[03-Apr-2024 07:16:16 UTC] PHP Deprecated:  Function get_magic_quotes_runtime() is deprecated in /home/n9lbdv3zl2bp/public_html/jayesh.aptsolutions.in/fpdf/fpdf.php on line 1054
[03-Apr-2024 07:16:16 UTC] PHP Deprecated:  Function get_magic_quotes_runtime() is deprecated in /home/n9lbdv3zl2bp/public_html/jayesh.aptsolutions.in/fpdf/fpdf.php on line 1054
[03-Apr-2024 07:16:16 UTC] PHP Deprecated:  Function get_magic_quotes_runtime() is deprecated in /home/n9lbdv3zl2bp/public_html/jayesh.aptsolutions.in/fpdf/fpdf.php on line 1054
[03-Apr-2024 07:16:16 UTC] PHP Deprecated:  Function get_magic_quotes_runtime() is deprecated in /home/n9lbdv3zl2bp/public_html/jayesh.aptsolutions.in/fpdf/fpdf.php on line 1054
[03-Apr-2024 07:16:16 UTC] PHP Deprecated:  Function get_magic_quotes_runtime() is deprecated in /home/n9lbdv3zl2bp/public_html/jayesh.aptsolutions.in/fpdf/fpdf.php on line 1054
[03-Apr-2024 07:16:16 UTC] PHP Deprecated:  Function get_magic_quotes_runtime() is deprecated in /home/n9lbdv3zl2bp/public_html/jayesh.aptsolutions.in/fpdf/fpdf.php on line 1054
[03-Apr-2024 07:16:16 UTC] PHP Deprecated:  Function get_magic_quotes_runtime() is deprecated in /home/n9lbdv3zl2bp/public_html/jayesh.aptsolutions.in/fpdf/fpdf.php on line 1054
[03-Apr-2024 07:16:16 UTC] PHP Deprecated:  Function get_magic_quotes_runtime() is deprecated in /home/n9lbdv3zl2bp/public_html/jayesh.aptsolutions.in/fpdf/fpdf.php on line 1054
[03-Apr-2024 07:16:16 UTC] PHP Deprecated:  Function get_magic_quotes_runtime() is deprecated in /home/n9lbdv3zl2bp/public_html/jayesh.aptsolutions.in/fpdf/fpdf.php on line 1054
[03-Apr-2024 07:16:16 UTC] PHP Deprecated:  Function get_magic_quotes_runtime() is deprecated in /home/n9lbdv3zl2bp/public_html/jayesh.aptsolutions.in/fpdf/fpdf.php on line 1054
[03-Apr-2024 07:16:16 UTC] PHP Deprecated:  Function get_magic_quotes_runtime() is deprecated in /home/n9lbdv3zl2bp/public_html/jayesh.aptsolutions.in/fpdf/fpdf.php on line 1054
[03-Apr-2024 07:16:16 UTC] PHP Deprecated:  Function get_magic_quotes_runtime() is deprecated in /home/n9lbdv3zl2bp/public_html/jayesh.aptsolutions.in/fpdf/fpdf.php on line 1054
[03-Apr-2024 07:16:16 UTC] PHP Deprecated:  Function get_magic_quotes_runtime() is deprecated in /home/n9lbdv3zl2bp/public_html/jayesh.aptsolutions.in/fpdf/fpdf.php on line 1054
[03-Apr-2024 07:16:16 UTC] PHP Deprecated:  Function get_magic_quotes_runtime() is deprecated in /home/n9lbdv3zl2bp/public_html/jayesh.aptsolutions.in/fpdf/fpdf.php on line 1054
[03-Apr-2024 07:16:16 UTC] PHP Deprecated:  Function get_magic_quotes_runtime() is deprecated in /home/n9lbdv3zl2bp/public_html/jayesh.aptsolutions.in/fpdf/fpdf.php on line 1054
[03-Apr-2024 07:16:16 UTC] PHP Deprecated:  Function get_magic_quotes_runtime() is deprecated in /home/n9lbdv3zl2bp/public_html/jayesh.aptsolutions.in/fpdf/fpdf.php on line 1054
[03-Apr-2024 07:16:16 UTC] PHP Deprecated:  Function get_magic_quotes_runtime() is deprecated in /home/n9lbdv3zl2bp/public_html/jayesh.aptsolutions.in/fpdf/fpdf.php on line 1054
[03-Apr-2024 07:16:16 UTC] PHP Deprecated:  Function get_magic_quotes_runtime() is deprecated in /home/n9lbdv3zl2bp/public_html/jayesh.aptsolutions.in/fpdf/fpdf.php on line 1054
[03-Apr-2024 07:16:16 UTC] PHP Deprecated:  Function get_magic_quotes_runtime() is deprecated in /home/n9lbdv3zl2bp/public_html/jayesh.aptsolutions.in/fpdf/fpdf.php on line 1054
[03-Apr-2024 07:16:16 UTC] PHP Deprecated:  Function get_magic_quotes_runtime() is deprecated in /home/n9lbdv3zl2bp/public_html/jayesh.aptsolutions.in/fpdf/fpdf.php on line 1054
[03-Apr-2024 07:16:16 UTC] PHP Deprecated:  Function get_magic_quotes_runtime() is deprecated in /home/n9lbdv3zl2bp/public_html/jayesh.aptsolutions.in/fpdf/fpdf.php on line 1054
[03-Apr-2024 07:16:16 UTC] PHP Deprecated:  Function get_magic_quotes_runtime() is deprecated in /home/n9lbdv3zl2bp/public_html/jayesh.aptsolutions.in/fpdf/fpdf.php on line 1054
[03-Apr-2024 07:16:16 UTC] PHP Deprecated:  Function get_magic_quotes_runtime() is deprecated in /home/n9lbdv3zl2bp/public_html/jayesh.aptsolutions.in/fpdf/fpdf.php on line 1054
[03-Apr-2024 07:16:16 UTC] PHP Deprecated:  Function get_magic_quotes_runtime() is deprecated in /home/n9lbdv3zl2bp/public_html/jayesh.aptsolutions.in/fpdf/fpdf.php on line 1054
[03-Apr-2024 07:16:16 UTC] PHP Deprecated:  Function get_magic_quotes_runtime() is deprecated in /home/n9lbdv3zl2bp/public_html/jayesh.aptsolutions.in/fpdf/fpdf.php on line 1054
[03-Apr-2024 07:16:16 UTC] PHP Deprecated:  Function get_magic_quotes_runtime() is deprecated in /home/n9lbdv3zl2bp/public_html/jayesh.aptsolutions.in/fpdf/fpdf.php on line 1054
[03-Apr-2024 07:16:16 UTC] PHP Deprecated:  Function get_magic_quotes_runtime() is deprecated in /home/n9lbdv3zl2bp/public_html/jayesh.aptsolutions.in/fpdf/fpdf.php on line 1054
[03-Apr-2024 07:16:16 UTC] PHP Deprecated:  Function get_magic_quotes_runtime() is deprecated in /home/n9lbdv3zl2bp/public_html/jayesh.aptsolutions.in/fpdf/fpdf.php on line 1054
[03-Apr-2024 07:16:16 UTC] PHP Deprecated:  Function get_magic_quotes_runtime() is deprecated in /home/n9lbdv3zl2bp/public_html/jayesh.aptsolutions.in/fpdf/fpdf.php on line 1054
[03-Apr-2024 07:16:16 UTC] PHP Deprecated:  Function get_magic_quotes_runtime() is deprecated in /home/n9lbdv3zl2bp/public_html/jayesh.aptsolutions.in/fpdf/fpdf.php on line 1054
[03-Apr-2024 07:16:16 UTC] PHP Deprecated:  Function get_magic_quotes_runtime() is deprecated in /home/n9lbdv3zl2bp/public_html/jayesh.aptsolutions.in/fpdf/fpdf.php on line 1054
[03-Apr-2024 07:16:16 UTC] PHP Deprecated:  Function get_magic_quotes_runtime() is deprecated in /home/n9lbdv3zl2bp/public_html/jayesh.aptsolutions.in/fpdf/fpdf.php on line 1054
[03-Apr-2024 07:16:16 UTC] PHP Deprecated:  Function get_magic_quotes_runtime() is deprecated in /home/n9lbdv3zl2bp/public_html/jayesh.aptsolutions.in/fpdf/fpdf.php on line 1054
[03-Apr-2024 07:16:16 UTC] PHP Deprecated:  Function get_magic_quotes_runtime() is deprecated in /home/n9lbdv3zl2bp/public_html/jayesh.aptsolutions.in/fpdf/fpdf.php on line 1054
[03-Apr-2024 07:16:16 UTC] PHP Deprecated:  Function get_magic_quotes_runtime() is deprecated in /home/n9lbdv3zl2bp/public_html/jayesh.aptsolutions.in/fpdf/fpdf.php on line 1054
[03-Apr-2024 07:16:16 UTC] PHP Deprecated:  Function get_magic_quotes_runtime() is deprecated in /home/n9lbdv3zl2bp/public_html/jayesh.aptsolutions.in/fpdf/fpdf.php on line 1054
[03-Apr-2024 07:16:16 UTC] PHP Deprecated:  Function get_magic_quotes_runtime() is deprecated in /home/n9lbdv3zl2bp/public_html/jayesh.aptsolutions.in/fpdf/fpdf.php on line 1054
[03-Apr-2024 07:17:50 UTC] PHP Deprecated:  Function get_magic_quotes_runtime() is deprecated in /home/n9lbdv3zl2bp/public_html/jayesh.aptsolutions.in/fpdf/fpdf.php on line 1054
[03-Apr-2024 07:17:50 UTC] PHP Deprecated:  Function get_magic_quotes_runtime() is deprecated in /home/n9lbdv3zl2bp/public_html/jayesh.aptsolutions.in/fpdf/fpdf.php on line 1054
[03-Apr-2024 07:17:50 UTC] PHP Deprecated:  Function get_magic_quotes_runtime() is deprecated in /home/n9lbdv3zl2bp/public_html/jayesh.aptsolutions.in/fpdf/fpdf.php on line 1054
[03-Apr-2024 07:17:50 UTC] PHP Deprecated:  Function get_magic_quotes_runtime() is deprecated in /home/n9lbdv3zl2bp/public_html/jayesh.aptsolutions.in/fpdf/fpdf.php on line 1054
[03-Apr-2024 07:17:50 UTC] PHP Deprecated:  Function get_magic_quotes_runtime() is deprecated in /home/n9lbdv3zl2bp/public_html/jayesh.aptsolutions.in/fpdf/fpdf.php on line 1054
[03-Apr-2024 07:17:50 UTC] PHP Deprecated:  Function get_magic_quotes_runtime() is deprecated in /home/n9lbdv3zl2bp/public_html/jayesh.aptsolutions.in/fpdf/fpdf.php on line 1054
[03-Apr-2024 07:17:50 UTC] PHP Deprecated:  Function get_magic_quotes_runtime() is deprecated in /home/n9lbdv3zl2bp/public_html/jayesh.aptsolutions.in/fpdf/fpdf.php on line 1054
[03-Apr-2024 07:17:50 UTC] PHP Deprecated:  Function get_magic_quotes_runtime() is deprecated in /home/n9lbdv3zl2bp/public_html/jayesh.aptsolutions.in/fpdf/fpdf.php on line 1054
[03-Apr-2024 07:17:50 UTC] PHP Deprecated:  Function get_magic_quotes_runtime() is deprecated in /home/n9lbdv3zl2bp/public_html/jayesh.aptsolutions.in/fpdf/fpdf.php on line 1054
[03-Apr-2024 07:17:50 UTC] PHP Deprecated:  Function get_magic_quotes_runtime() is deprecated in /home/n9lbdv3zl2bp/public_html/jayesh.aptsolutions.in/fpdf/fpdf.php on line 1054
[03-Apr-2024 07:17:50 UTC] PHP Deprecated:  Function get_magic_quotes_runtime() is deprecated in /home/n9lbdv3zl2bp/public_html/jayesh.aptsolutions.in/fpdf/fpdf.php on line 1054
[03-Apr-2024 07:17:50 UTC] PHP Deprecated:  Function get_magic_quotes_runtime() is deprecated in /home/n9lbdv3zl2bp/public_html/jayesh.aptsolutions.in/fpdf/fpdf.php on line 1054
[03-Apr-2024 07:17:50 UTC] PHP Deprecated:  Function get_magic_quotes_runtime() is deprecated in /home/n9lbdv3zl2bp/public_html/jayesh.aptsolutions.in/fpdf/fpdf.php on line 1054
[03-Apr-2024 07:17:50 UTC] PHP Deprecated:  Function get_magic_quotes_runtime() is deprecated in /home/n9lbdv3zl2bp/public_html/jayesh.aptsolutions.in/fpdf/fpdf.php on line 1054
[03-Apr-2024 07:17:50 UTC] PHP Deprecated:  Function get_magic_quotes_runtime() is deprecated in /home/n9lbdv3zl2bp/public_html/jayesh.aptsolutions.in/fpdf/fpdf.php on line 1054
[03-Apr-2024 07:17:50 UTC] PHP Deprecated:  Function get_magic_quotes_runtime() is deprecated in /home/n9lbdv3zl2bp/public_html/jayesh.aptsolutions.in/fpdf/fpdf.php on line 1054
[03-Apr-2024 07:17:50 UTC] PHP Deprecated:  Function get_magic_quotes_runtime() is deprecated in /home/n9lbdv3zl2bp/public_html/jayesh.aptsolutions.in/fpdf/fpdf.php on line 1054
[03-Apr-2024 07:17:50 UTC] PHP Deprecated:  Function get_magic_quotes_runtime() is deprecated in /home/n9lbdv3zl2bp/public_html/jayesh.aptsolutions.in/fpdf/fpdf.php on line 1054
[03-Apr-2024 07:17:50 UTC] PHP Deprecated:  Function get_magic_quotes_runtime() is deprecated in /home/n9lbdv3zl2bp/public_html/jayesh.aptsolutions.in/fpdf/fpdf.php on line 1054
[03-Apr-2024 07:17:50 UTC] PHP Deprecated:  Function get_magic_quotes_runtime() is deprecated in /home/n9lbdv3zl2bp/public_html/jayesh.aptsolutions.in/fpdf/fpdf.php on line 1054
[03-Apr-2024 07:17:50 UTC] PHP Deprecated:  Function get_magic_quotes_runtime() is deprecated in /home/n9lbdv3zl2bp/public_html/jayesh.aptsolutions.in/fpdf/fpdf.php on line 1054
[03-Apr-2024 07:17:50 UTC] PHP Deprecated:  Function get_magic_quotes_runtime() is deprecated in /home/n9lbdv3zl2bp/public_html/jayesh.aptsolutions.in/fpdf/fpdf.php on line 1054
[03-Apr-2024 07:17:50 UTC] PHP Deprecated:  Function get_magic_quotes_runtime() is deprecated in /home/n9lbdv3zl2bp/public_html/jayesh.aptsolutions.in/fpdf/fpdf.php on line 1054
[03-Apr-2024 07:17:50 UTC] PHP Deprecated:  Function get_magic_quotes_runtime() is deprecated in /home/n9lbdv3zl2bp/public_html/jayesh.aptsolutions.in/fpdf/fpdf.php on line 1054
[03-Apr-2024 07:17:50 UTC] PHP Deprecated:  Function get_magic_quotes_runtime() is deprecated in /home/n9lbdv3zl2bp/public_html/jayesh.aptsolutions.in/fpdf/fpdf.php on line 1054
[03-Apr-2024 07:17:50 UTC] PHP Deprecated:  Function get_magic_quotes_runtime() is deprecated in /home/n9lbdv3zl2bp/public_html/jayesh.aptsolutions.in/fpdf/fpdf.php on line 1054
[03-Apr-2024 07:17:50 UTC] PHP Deprecated:  Function get_magic_quotes_runtime() is deprecated in /home/n9lbdv3zl2bp/public_html/jayesh.aptsolutions.in/fpdf/fpdf.php on line 1054
[03-Apr-2024 07:17:50 UTC] PHP Deprecated:  Function get_magic_quotes_runtime() is deprecated in /home/n9lbdv3zl2bp/public_html/jayesh.aptsolutions.in/fpdf/fpdf.php on line 1054
[03-Apr-2024 07:17:50 UTC] PHP Deprecated:  Function get_magic_quotes_runtime() is deprecated in /home/n9lbdv3zl2bp/public_html/jayesh.aptsolutions.in/fpdf/fpdf.php on line 1054
[03-Apr-2024 07:17:50 UTC] PHP Deprecated:  Function get_magic_quotes_runtime() is deprecated in /home/n9lbdv3zl2bp/public_html/jayesh.aptsolutions.in/fpdf/fpdf.php on line 1054
[03-Apr-2024 07:17:50 UTC] PHP Deprecated:  Function get_magic_quotes_runtime() is deprecated in /home/n9lbdv3zl2bp/public_html/jayesh.aptsolutions.in/fpdf/fpdf.php on line 1054
[03-Apr-2024 07:17:50 UTC] PHP Deprecated:  Function get_magic_quotes_runtime() is deprecated in /home/n9lbdv3zl2bp/public_html/jayesh.aptsolutions.in/fpdf/fpdf.php on line 1054
[03-Apr-2024 07:17:50 UTC] PHP Deprecated:  Function get_magic_quotes_runtime() is deprecated in /home/n9lbdv3zl2bp/public_html/jayesh.aptsolutions.in/fpdf/fpdf.php on line 1054
[03-Apr-2024 07:17:50 UTC] PHP Deprecated:  Function get_magic_quotes_runtime() is deprecated in /home/n9lbdv3zl2bp/public_html/jayesh.aptsolutions.in/fpdf/fpdf.php on line 1054
[03-Apr-2024 07:17:50 UTC] PHP Deprecated:  Function get_magic_quotes_runtime() is deprecated in /home/n9lbdv3zl2bp/public_html/jayesh.aptsolutions.in/fpdf/fpdf.php on line 1054
[03-Apr-2024 07:17:50 UTC] PHP Deprecated:  Function get_magic_quotes_runtime() is deprecated in /home/n9lbdv3zl2bp/public_html/jayesh.aptsolutions.in/fpdf/fpdf.php on line 1054
[03-Apr-2024 07:17:50 UTC] PHP Deprecated:  Function get_magic_quotes_runtime() is deprecated in /home/n9lbdv3zl2bp/public_html/jayesh.aptsolutions.in/fpdf/fpdf.php on line 1054
[08-Apr-2024 05:25:36 UTC] PHP Deprecated:  Function get_magic_quotes_runtime() is deprecated in /home/n9lbdv3zl2bp/public_html/jayesh.aptsolutions.in/fpdf/fpdf.php on line 1054
[08-Apr-2024 05:25:36 UTC] PHP Deprecated:  Function get_magic_quotes_runtime() is deprecated in /home/n9lbdv3zl2bp/public_html/jayesh.aptsolutions.in/fpdf/fpdf.php on line 1054
[08-Apr-2024 05:25:36 UTC] PHP Deprecated:  Function get_magic_quotes_runtime() is deprecated in /home/n9lbdv3zl2bp/public_html/jayesh.aptsolutions.in/fpdf/fpdf.php on line 1054
[08-Apr-2024 05:25:36 UTC] PHP Deprecated:  Function get_magic_quotes_runtime() is deprecated in /home/n9lbdv3zl2bp/public_html/jayesh.aptsolutions.in/fpdf/fpdf.php on line 1054
[08-Apr-2024 05:25:36 UTC] PHP Deprecated:  Function get_magic_quotes_runtime() is deprecated in /home/n9lbdv3zl2bp/public_html/jayesh.aptsolutions.in/fpdf/fpdf.php on line 1054
[08-Apr-2024 05:25:36 UTC] PHP Deprecated:  Function get_magic_quotes_runtime() is deprecated in /home/n9lbdv3zl2bp/public_html/jayesh.aptsolutions.in/fpdf/fpdf.php on line 1054
[08-Apr-2024 05:25:36 UTC] PHP Deprecated:  Function get_magic_quotes_runtime() is deprecated in /home/n9lbdv3zl2bp/public_html/jayesh.aptsolutions.in/fpdf/fpdf.php on line 1054
[08-Apr-2024 05:25:36 UTC] PHP Deprecated:  Function get_magic_quotes_runtime() is deprecated in /home/n9lbdv3zl2bp/public_html/jayesh.aptsolutions.in/fpdf/fpdf.php on line 1054
[08-Apr-2024 05:25:36 UTC] PHP Deprecated:  Function get_magic_quotes_runtime() is deprecated in /home/n9lbdv3zl2bp/public_html/jayesh.aptsolutions.in/fpdf/fpdf.php on line 1054
[08-Apr-2024 05:25:36 UTC] PHP Deprecated:  Function get_magic_quotes_runtime() is deprecated in /home/n9lbdv3zl2bp/public_html/jayesh.aptsolutions.in/fpdf/fpdf.php on line 1054
[08-Apr-2024 05:25:36 UTC] PHP Deprecated:  Function get_magic_quotes_runtime() is deprecated in /home/n9lbdv3zl2bp/public_html/jayesh.aptsolutions.in/fpdf/fpdf.php on line 1054
[08-Apr-2024 05:25:36 UTC] PHP Deprecated:  Function get_magic_quotes_runtime() is deprecated in /home/n9lbdv3zl2bp/public_html/jayesh.aptsolutions.in/fpdf/fpdf.php on line 1054
[08-Apr-2024 05:25:36 UTC] PHP Deprecated:  Function get_magic_quotes_runtime() is deprecated in /home/n9lbdv3zl2bp/public_html/jayesh.aptsolutions.in/fpdf/fpdf.php on line 1054
[08-Apr-2024 05:25:36 UTC] PHP Deprecated:  Function get_magic_quotes_runtime() is deprecated in /home/n9lbdv3zl2bp/public_html/jayesh.aptsolutions.in/fpdf/fpdf.php on line 1054
[08-Apr-2024 05:25:36 UTC] PHP Deprecated:  Function get_magic_quotes_runtime() is deprecated in /home/n9lbdv3zl2bp/public_html/jayesh.aptsolutions.in/fpdf/fpdf.php on line 1054
[08-Apr-2024 05:25:36 UTC] PHP Deprecated:  Function get_magic_quotes_runtime() is deprecated in /home/n9lbdv3zl2bp/public_html/jayesh.aptsolutions.in/fpdf/fpdf.php on line 1054
[08-Apr-2024 05:25:36 UTC] PHP Deprecated:  Function get_magic_quotes_runtime() is deprecated in /home/n9lbdv3zl2bp/public_html/jayesh.aptsolutions.in/fpdf/fpdf.php on line 1054
[08-Apr-2024 05:25:36 UTC] PHP Deprecated:  Function get_magic_quotes_runtime() is deprecated in /home/n9lbdv3zl2bp/public_html/jayesh.aptsolutions.in/fpdf/fpdf.php on line 1054
[08-Apr-2024 05:25:36 UTC] PHP Deprecated:  Function get_magic_quotes_runtime() is deprecated in /home/n9lbdv3zl2bp/public_html/jayesh.aptsolutions.in/fpdf/fpdf.php on line 1054
[08-Apr-2024 05:25:36 UTC] PHP Deprecated:  Function get_magic_quotes_runtime() is deprecated in /home/n9lbdv3zl2bp/public_html/jayesh.aptsolutions.in/fpdf/fpdf.php on line 1054
[08-Apr-2024 05:25:36 UTC] PHP Deprecated:  Function get_magic_quotes_runtime() is deprecated in /home/n9lbdv3zl2bp/public_html/jayesh.aptsolutions.in/fpdf/fpdf.php on line 1054
[08-Apr-2024 05:25:36 UTC] PHP Deprecated:  Function get_magic_quotes_runtime() is deprecated in /home/n9lbdv3zl2bp/public_html/jayesh.aptsolutions.in/fpdf/fpdf.php on line 1054
[08-Apr-2024 05:25:36 UTC] PHP Deprecated:  Function get_magic_quotes_runtime() is deprecated in /home/n9lbdv3zl2bp/public_html/jayesh.aptsolutions.in/fpdf/fpdf.php on line 1054
[08-Apr-2024 05:25:36 UTC] PHP Deprecated:  Function get_magic_quotes_runtime() is deprecated in /home/n9lbdv3zl2bp/public_html/jayesh.aptsolutions.in/fpdf/fpdf.php on line 1054
[08-Apr-2024 05:32:19 UTC] PHP Deprecated:  Function get_magic_quotes_runtime() is deprecated in /home/n9lbdv3zl2bp/public_html/jayesh.aptsolutions.in/fpdf/fpdf.php on line 1054
[08-Apr-2024 05:32:19 UTC] PHP Deprecated:  Function get_magic_quotes_runtime() is deprecated in /home/n9lbdv3zl2bp/public_html/jayesh.aptsolutions.in/fpdf/fpdf.php on line 1054
[08-Apr-2024 05:32:19 UTC] PHP Deprecated:  Function get_magic_quotes_runtime() is deprecated in /home/n9lbdv3zl2bp/public_html/jayesh.aptsolutions.in/fpdf/fpdf.php on line 1054
[08-Apr-2024 05:32:19 UTC] PHP Deprecated:  Function get_magic_quotes_runtime() is deprecated in /home/n9lbdv3zl2bp/public_html/jayesh.aptsolutions.in/fpdf/fpdf.php on line 1054
[08-Apr-2024 05:32:19 UTC] PHP Deprecated:  Function get_magic_quotes_runtime() is deprecated in /home/n9lbdv3zl2bp/public_html/jayesh.aptsolutions.in/fpdf/fpdf.php on line 1054
[08-Apr-2024 05:32:19 UTC] PHP Deprecated:  Function get_magic_quotes_runtime() is deprecated in /home/n9lbdv3zl2bp/public_html/jayesh.aptsolutions.in/fpdf/fpdf.php on line 1054
[08-Apr-2024 05:32:19 UTC] PHP Deprecated:  Function get_magic_quotes_runtime() is deprecated in /home/n9lbdv3zl2bp/public_html/jayesh.aptsolutions.in/fpdf/fpdf.php on line 1054
[08-Apr-2024 05:32:19 UTC] PHP Deprecated:  Function get_magic_quotes_runtime() is deprecated in /home/n9lbdv3zl2bp/public_html/jayesh.aptsolutions.in/fpdf/fpdf.php on line 1054
[08-Apr-2024 05:32:19 UTC] PHP Deprecated:  Function get_magic_quotes_runtime() is deprecated in /home/n9lbdv3zl2bp/public_html/jayesh.aptsolutions.in/fpdf/fpdf.php on line 1054
[08-Apr-2024 05:32:19 UTC] PHP Deprecated:  Function get_magic_quotes_runtime() is deprecated in /home/n9lbdv3zl2bp/public_html/jayesh.aptsolutions.in/fpdf/fpdf.php on line 1054
[08-Apr-2024 05:32:19 UTC] PHP Deprecated:  Function get_magic_quotes_runtime() is deprecated in /home/n9lbdv3zl2bp/public_html/jayesh.aptsolutions.in/fpdf/fpdf.php on line 1054
[08-Apr-2024 05:32:19 UTC] PHP Deprecated:  Function get_magic_quotes_runtime() is deprecated in /home/n9lbdv3zl2bp/public_html/jayesh.aptsolutions.in/fpdf/fpdf.php on line 1054
[08-Apr-2024 05:32:19 UTC] PHP Deprecated:  Function get_magic_quotes_runtime() is deprecated in /home/n9lbdv3zl2bp/public_html/jayesh.aptsolutions.in/fpdf/fpdf.php on line 1054
[08-Apr-2024 05:32:19 UTC] PHP Deprecated:  Function get_magic_quotes_runtime() is deprecated in /home/n9lbdv3zl2bp/public_html/jayesh.aptsolutions.in/fpdf/fpdf.php on line 1054
[08-Apr-2024 05:32:19 UTC] PHP Deprecated:  Function get_magic_quotes_runtime() is deprecated in /home/n9lbdv3zl2bp/public_html/jayesh.aptsolutions.in/fpdf/fpdf.php on line 1054
[08-Apr-2024 05:32:19 UTC] PHP Deprecated:  Function get_magic_quotes_runtime() is deprecated in /home/n9lbdv3zl2bp/public_html/jayesh.aptsolutions.in/fpdf/fpdf.php on line 1054
[08-Apr-2024 05:32:19 UTC] PHP Deprecated:  Function get_magic_quotes_runtime() is deprecated in /home/n9lbdv3zl2bp/public_html/jayesh.aptsolutions.in/fpdf/fpdf.php on line 1054
[08-Apr-2024 05:32:19 UTC] PHP Deprecated:  Function get_magic_quotes_runtime() is deprecated in /home/n9lbdv3zl2bp/public_html/jayesh.aptsolutions.in/fpdf/fpdf.php on line 1054
[08-Apr-2024 05:32:19 UTC] PHP Deprecated:  Function get_magic_quotes_runtime() is deprecated in /home/n9lbdv3zl2bp/public_html/jayesh.aptsolutions.in/fpdf/fpdf.php on line 1054
[08-Apr-2024 05:32:19 UTC] PHP Deprecated:  Function get_magic_quotes_runtime() is deprecated in /home/n9lbdv3zl2bp/public_html/jayesh.aptsolutions.in/fpdf/fpdf.php on line 1054
[08-Apr-2024 05:32:19 UTC] PHP Deprecated:  Function get_magic_quotes_runtime() is deprecated in /home/n9lbdv3zl2bp/public_html/jayesh.aptsolutions.in/fpdf/fpdf.php on line 1054
[08-Apr-2024 05:32:19 UTC] PHP Deprecated:  Function get_magic_quotes_runtime() is deprecated in /home/n9lbdv3zl2bp/public_html/jayesh.aptsolutions.in/fpdf/fpdf.php on line 1054
[08-Apr-2024 05:32:19 UTC] PHP Deprecated:  Function get_magic_quotes_runtime() is deprecated in /home/n9lbdv3zl2bp/public_html/jayesh.aptsolutions.in/fpdf/fpdf.php on line 1054
[08-Apr-2024 05:32:19 UTC] PHP Deprecated:  Function get_magic_quotes_runtime() is deprecated in /home/n9lbdv3zl2bp/public_html/jayesh.aptsolutions.in/fpdf/fpdf.php on line 1054
